/home/onur/autonomous_robot/install/webots_ros2_epuck/lib/python3.14/site-packages/webots_ros2_epuck/drive_calibrator.py
/home/onur/autonomous_robot/install/webots_ros2_epuck/lib/python3.14/site-packages/webots_ros2_epuck/simple_mapper.py
/home/onur/autonomous_robot/install/webots_ros2_epuck/lib/python3.14/site-packages/webots_ros2_epuck/epuck_node.py
/home/onur/autonomous_robot/install/webots_ros2_epuck/lib/python3.14/site-packages/webots_ros2_epuck/__init__.py
/home/onur/autonomous_robot/install/webots_ros2_epuck/lib/python3.14/site-packages/webots_ros2_epuck/__pycache__/drive_calibrator.cpython-314.pyc
/home/onur/autonomous_robot/install/webots_ros2_epuck/lib/python3.14/site-packages/webots_ros2_epuck/__pycache__/simple_mapper.cpython-314.pyc
/home/onur/autonomous_robot/install/webots_ros2_epuck/lib/python3.14/site-packages/webots_ros2_epuck/__pycache__/epuck_node.cpython-314.pyc
/home/onur/autonomous_robot/install/webots_ros2_epuck/lib/python3.14/site-packages/webots_ros2_epuck/__pycache__/__init__.cpython-314.pyc
/home/onur/autonomous_robot/install/webots_ros2_epuck/share/ament_index/resource_index/packages/webots_ros2_epuck
/home/onur/autonomous_robot/install/webots_ros2_epuck/share/webots_ros2_epuck/launch/robot_launch.py
/home/onur/autonomous_robot/install/webots_ros2_epuck/share/webots_ros2_epuck/launch/robot_tools_launch.py
/home/onur/autonomous_robot/install/webots_ros2_epuck/share/webots_ros2_epuck/launch/rats_life_launch.py
/home/onur/autonomous_robot/install/webots_ros2_epuck/share/webots_ros2_epuck/launch/rats_life_waypoints_launch.py
/home/onur/autonomous_robot/install/webots_ros2_epuck/share/webots_ros2_epuck/worlds/epuck_world.wbt
/home/onur/autonomous_robot/install/webots_ros2_epuck/share/webots_ros2_epuck/worlds/.epuck_world.wbproj
/home/onur/autonomous_robot/install/webots_ros2_epuck/share/webots_ros2_epuck/worlds/rats_life_benchmark.wbt
/home/onur/autonomous_robot/install/webots_ros2_epuck/share/webots_ros2_epuck/worlds/.rats_life_benchmark.wbproj
/home/onur/autonomous_robot/install/webots_ros2_epuck/share/webots_ros2_epuck/protos/LegoTallInterval.proto
/home/onur/autonomous_robot/install/webots_ros2_epuck/share/webots_ros2_epuck/protos/LegoTallWall.proto
/home/onur/autonomous_robot/install/webots_ros2_epuck/share/webots_ros2_epuck/resource/all.rviz
/home/onur/autonomous_robot/install/webots_ros2_epuck/share/webots_ros2_epuck/resource/nav2_params.yaml
/home/onur/autonomous_robot/install/webots_ros2_epuck/share/webots_ros2_epuck/resource/nav2_params_iron.yaml
/home/onur/autonomous_robot/install/webots_ros2_epuck/share/webots_ros2_epuck/resource/map_rats_life.pgm
/home/onur/autonomous_robot/install/webots_ros2_epuck/share/webots_ros2_epuck/resource/map_rats_life.yaml
/home/onur/autonomous_robot/install/webots_ros2_epuck/share/webots_ros2_epuck/resource/nav2_rats_life_waypoints.yaml
/home/onur/autonomous_robot/install/webots_ros2_epuck/share/webots_ros2_epuck/resource/epuck_world_map.pgm
/home/onur/autonomous_robot/install/webots_ros2_epuck/share/webots_ros2_epuck/resource/epuck_world_map.yaml
/home/onur/autonomous_robot/install/webots_ros2_epuck/share/webots_ros2_epuck/resource/epuck_webots.urdf
/home/onur/autonomous_robot/install/webots_ros2_epuck/share/webots_ros2_epuck/resource/ros2_control.yml
/home/onur/autonomous_robot/install/webots_ros2_epuck/share/webots_ros2_epuck/package.xml
/home/onur/autonomous_robot/install/webots_ros2_epuck/lib/python3.14/site-packages/webots_ros2_epuck-2025.0.1-py3.14.egg-info/entry_points.txt
/home/onur/autonomous_robot/install/webots_ros2_epuck/lib/python3.14/site-packages/webots_ros2_epuck-2025.0.1-py3.14.egg-info/requires.txt
/home/onur/autonomous_robot/install/webots_ros2_epuck/lib/python3.14/site-packages/webots_ros2_epuck-2025.0.1-py3.14.egg-info/dependency_links.txt
/home/onur/autonomous_robot/install/webots_ros2_epuck/lib/python3.14/site-packages/webots_ros2_epuck-2025.0.1-py3.14.egg-info/PKG-INFO
/home/onur/autonomous_robot/install/webots_ros2_epuck/lib/python3.14/site-packages/webots_ros2_epuck-2025.0.1-py3.14.egg-info/SOURCES.txt
/home/onur/autonomous_robot/install/webots_ros2_epuck/lib/python3.14/site-packages/webots_ros2_epuck-2025.0.1-py3.14.egg-info/zip-safe
/home/onur/autonomous_robot/install/webots_ros2_epuck/lib/python3.14/site-packages/webots_ros2_epuck-2025.0.1-py3.14.egg-info/top_level.txt
/home/onur/autonomous_robot/install/webots_ros2_epuck/lib/webots_ros2_epuck/drive_calibrator
/home/onur/autonomous_robot/install/webots_ros2_epuck/lib/webots_ros2_epuck/epuck_node
/home/onur/autonomous_robot/install/webots_ros2_epuck/lib/webots_ros2_epuck/simple_mapper
