[-1789206751630289664.000s] DEBUG:colcon:Command line arguments: ['/usr/bin/colcon', 'build', '--packages-select', 'my_robot_pkg']
[-1789206751630289664.000s] DEBUG:colcon:Parsed command line arguments: Namespace(log_base=None, log_level=None, verb_name='build', build_base='build', install_base='install', merge_install=False, symlink_install=False, test_result_base=None, continue_on_error=False, executor='parallel', parallel_workers=16, event_handlers=None, ignore_user_meta=False, metas=['./colcon.meta'], base_paths=['.'], packages_ignore=None, packages_ignore_regex=None, paths=None, packages_up_to=None, packages_up_to_regex=None, packages_above=None, packages_above_and_dependencies=None, packages_above_depth=None, packages_select_by_dep=None, packages_skip_by_dep=None, packages_skip_up_to=None, packages_select_build_failed=False, packages_skip_build_finished=False, packages_select_test_failures=False, packages_skip_test_passed=False, packages_select=['my_robot_pkg'], packages_skip=None, packages_select_regex=None, packages_skip_regex=None, packages_start=None, packages_end=None, allow_overriding=[], cmake_args=None, cmake_target=None, cmake_target_skip_unavailable=False, cmake_clean_cache=False, cmake_clean_first=False, cmake_force_configure=False, ament_cmake_args=None, catkin_cmake_args=None, catkin_skip_building_tests=False, mixin_files=None, mixin=None, verb_parser=<colcon_mixin.mixin.mixin_argument.MixinArgumentDecorator object at 0x7a50bae67d90>, verb_extension=<colcon_core.verb.build.BuildVerb object at 0x7a50bae6f0e0>, main=<bound method BuildVerb.main of <colcon_core.verb.build.BuildVerb object at 0x7a50bae6f0e0>>, mixin_verb=('build',))
[-1789206751630289664.000s] Level 1:colcon.colcon_core.package_discovery:discover_packages(colcon_meta) check parameters
[-1789206751630289664.000s] Level 1:colcon.colcon_core.package_discovery:discover_packages(recursive) check parameters
[-1789206751630289664.000s] Level 1:colcon.colcon_core.package_discovery:discover_packages(ignore) check parameters
[-1789206751630289664.000s] Level 1:colcon.colcon_core.package_discovery:discover_packages(path) check parameters
[-1789206751630289664.000s] Level 1:colcon.colcon_core.package_discovery:discover_packages(colcon_meta) discover
[-1789206751630289664.000s] Level 1:colcon.colcon_core.package_discovery:discover_packages(recursive) discover
[-1789206751630289664.000s] INFO:colcon.colcon_core.package_discovery:Crawling recursively for packages in '/home/onur/autonomous_robot'
[-1789206751630289664.000s] Level 1:colcon.colcon_core.package_identification:_identify(.) by extensions ['ignore', 'ignore_ament_install']
[-1789206751630289664.000s] Level 1:colcon.colcon_core.package_identification:_identify(.) by extension 'ignore'
[-1789206751630289664.000s] Level 1:colcon.colcon_core.package_identification:_identify(.) by extension 'ignore_ament_install'
[-1789206751630289664.000s] Level 1:colcon.colcon_core.package_identification:_identify(.) by extensions ['colcon_pkg']
[-1789206751630289664.000s] Level 1:colcon.colcon_core.package_identification:_identify(.) by extension 'colcon_pkg'
[-1789206751630289664.000s] Level 1:colcon.colcon_core.package_identification:_identify(.) by extensions ['colcon_meta']
[-1789206751630289664.000s] Level 1:colcon.colcon_core.package_identification:_identify(.) by extension 'colcon_meta'
[-1789206751630289664.000s] Level 1:colcon.colcon_core.package_identification:_identify(.) by extensions ['ros']
[-1789206751630289664.000s] Level 1:colcon.colcon_core.package_identification:_identify(.) by extension 'ros'
[-1789206751630289664.000s] Level 1:colcon.colcon_core.package_identification:_identify(.) by extensions ['cmake', 'python']
[-1789206751630289664.000s] Level 1:colcon.colcon_core.package_identification:_identify(.) by extension 'cmake'
[-1789206751630289664.000s] Level 1:colcon.colcon_core.package_identification:_identify(.) by extension 'python'
[-1789206751630289664.000s] Level 1:colcon.colcon_core.package_identification:_identify(.) by extensions ['python_setup_py']
[-1789206751630289664.000s] Level 1:colcon.colcon_core.package_identification:_identify(.) by extension 'python_setup_py'
[-1789206751630289664.000s] Level 1:colcon.colcon_core.package_identification:_identify(build) by extensions ['ignore', 'ignore_ament_install']
[-1789206751630289664.000s] Level 1:colcon.colcon_core.package_identification:_identify(build) by extension 'ignore'
[-1789206751630289664.000s] Level 1:colcon.colcon_core.package_identification:_identify(build) ignored
[-1789206751630289664.000s] Level 1:colcon.colcon_core.package_identification:_identify(install) by extensions ['ignore', 'ignore_ament_install']
[-1789206751630289664.000s] Level 1:colcon.colcon_core.package_identification:_identify(install) by extension 'ignore'
[-1789206751630289664.000s] Level 1:colcon.colcon_core.package_identification:_identify(install) ignored
[-1789206751630289664.000s] Level 1:colcon.colcon_core.package_identification:_identify(log) by extensions ['ignore', 'ignore_ament_install']
[-1789206751630289664.000s] Level 1:colcon.colcon_core.package_identification:_identify(log) by extension 'ignore'
[-1789206751630289664.000s] Level 1:colcon.colcon_core.package_identification:_identify(log) ignored
[-1789206751630289664.000s] Level 1:colcon.colcon_core.package_identification:_identify(my_project) by extensions ['ignore', 'ignore_ament_install']
[-1789206751630289664.000s] Level 1:colcon.colcon_core.package_identification:_identify(my_project) by extension 'ignore'
[-1789206751630289664.000s] Level 1:colcon.colcon_core.package_identification:_identify(my_project) by extension 'ignore_ament_install'
[-1789206751630289664.000s] Level 1:colcon.colcon_core.package_identification:_identify(my_project) by extensions ['colcon_pkg']
[-1789206751630289664.000s] Level 1:colcon.colcon_core.package_identification:_identify(my_project) by extension 'colcon_pkg'
[-1789206751630289664.000s] Level 1:colcon.colcon_core.package_identification:_identify(my_project) by extensions ['colcon_meta']
[-1789206751630289664.000s] Level 1:colcon.colcon_core.package_identification:_identify(my_project) by extension 'colcon_meta'
[-1789206751630289664.000s] Level 1:colcon.colcon_core.package_identification:_identify(my_project) by extensions ['ros']
[-1789206751630289664.000s] Level 1:colcon.colcon_core.package_identification:_identify(my_project) by extension 'ros'
[-1789206751630289664.000s] Level 1:colcon.colcon_core.package_identification:_identify(my_project) by extensions ['cmake', 'python']
[-1789206751630289664.000s] Level 1:colcon.colcon_core.package_identification:_identify(my_project) by extension 'cmake'
[-1789206751630289664.000s] Level 1:colcon.colcon_core.package_identification:_identify(my_project) by extension 'python'
[-1789206751630289664.000s] Level 1:colcon.colcon_core.package_identification:_identify(my_project) by extensions ['python_setup_py']
[-1789206751630289664.000s] Level 1:colcon.colcon_core.package_identification:_identify(my_project) by extension 'python_setup_py'
[-1789206751630289664.000s] Level 1:colcon.colcon_core.package_identification:_identify(my_project/controllers) by extensions ['ignore', 'ignore_ament_install']
[-1789206751630289664.000s] Level 1:colcon.colcon_core.package_identification:_identify(my_project/controllers) by extension 'ignore'
[-1789206751630289664.000s] Level 1:colcon.colcon_core.package_identification:_identify(my_project/controllers) by extension 'ignore_ament_install'
[-1789206751630289664.000s] Level 1:colcon.colcon_core.package_identification:_identify(my_project/controllers) by extensions ['colcon_pkg']
[-1789206751630289664.000s] Level 1:colcon.colcon_core.package_identification:_identify(my_project/controllers) by extension 'colcon_pkg'
[-1789206751630289664.000s] Level 1:colcon.colcon_core.package_identification:_identify(my_project/controllers) by extensions ['colcon_meta']
[-1789206751630289664.000s] Level 1:colcon.colcon_core.package_identification:_identify(my_project/controllers) by extension 'colcon_meta'
[-1789206751630289664.000s] Level 1:colcon.colcon_core.package_identification:_identify(my_project/controllers) by extensions ['ros']
[-1789206751630289664.000s] Level 1:colcon.colcon_core.package_identification:_identify(my_project/controllers) by extension 'ros'
[-1789206751630289664.000s] Level 1:colcon.colcon_core.package_identification:_identify(my_project/controllers) by extensions ['cmake', 'python']
[-1789206751630289664.000s] Level 1:colcon.colcon_core.package_identification:_identify(my_project/controllers) by extension 'cmake'
[-1789206751630289664.000s] Level 1:colcon.colcon_core.package_identification:_identify(my_project/controllers) by extension 'python'
[-1789206751630289664.000s] Level 1:colcon.colcon_core.package_identification:_identify(my_project/controllers) by extensions ['python_setup_py']
[-1789206751630289664.000s] Level 1:colcon.colcon_core.package_identification:_identify(my_project/controllers) by extension 'python_setup_py'
[-1789206751630289664.000s] Level 1:colcon.colcon_core.package_identification:_identify(my_project/libraries) by extensions ['ignore', 'ignore_ament_install']
[-1789206751630289664.000s] Level 1:colcon.colcon_core.package_identification:_identify(my_project/libraries) by extension 'ignore'
[-1789206751630289664.000s] Level 1:colcon.colcon_core.package_identification:_identify(my_project/libraries) by extension 'ignore_ament_install'
[-1789206751630289664.000s] Level 1:colcon.colcon_core.package_identification:_identify(my_project/libraries) by extensions ['colcon_pkg']
[-1789206751630289664.000s] Level 1:colcon.colcon_core.package_identification:_identify(my_project/libraries) by extension 'colcon_pkg'
[-1789206751630289664.000s] Level 1:colcon.colcon_core.package_identification:_identify(my_project/libraries) by extensions ['colcon_meta']
[-1789206751630289664.000s] Level 1:colcon.colcon_core.package_identification:_identify(my_project/libraries) by extension 'colcon_meta'
[-1789206751630289664.000s] Level 1:colcon.colcon_core.package_identification:_identify(my_project/libraries) by extensions ['ros']
[-1789206751630289664.000s] Level 1:colcon.colcon_core.package_identification:_identify(my_project/libraries) by extension 'ros'
[-1789206751630289664.000s] Level 1:colcon.colcon_core.package_identification:_identify(my_project/libraries) by extensions ['cmake', 'python']
[-1789206751630289664.000s] Level 1:colcon.colcon_core.package_identification:_identify(my_project/libraries) by extension 'cmake'
[-1789206751630289664.000s] Level 1:colcon.colcon_core.package_identification:_identify(my_project/libraries) by extension 'python'
[-1789206751630289664.000s] Level 1:colcon.colcon_core.package_identification:_identify(my_project/libraries) by extensions ['python_setup_py']
[-1789206751630289664.000s] Level 1:colcon.colcon_core.package_identification:_identify(my_project/libraries) by extension 'python_setup_py'
[-1789206751630289664.000s] Level 1:colcon.colcon_core.package_identification:_identify(my_project/plugins) by extensions ['ignore', 'ignore_ament_install']
[-1789206751630289664.000s] Level 1:colcon.colcon_core.package_identification:_identify(my_project/plugins) by extension 'ignore'
[-1789206751630289664.000s] Level 1:colcon.colcon_core.package_identification:_identify(my_project/plugins) by extension 'ignore_ament_install'
[-1789206751630289664.000s] Level 1:colcon.colcon_core.package_identification:_identify(my_project/plugins) by extensions ['colcon_pkg']
[-1789206751630289664.000s] Level 1:colcon.colcon_core.package_identification:_identify(my_project/plugins) by extension 'colcon_pkg'
[-1789206751630289664.000s] Level 1:colcon.colcon_core.package_identification:_identify(my_project/plugins) by extensions ['colcon_meta']
[-1789206751630289664.000s] Level 1:colcon.colcon_core.package_identification:_identify(my_project/plugins) by extension 'colcon_meta'
[-1789206751630289664.000s] Level 1:colcon.colcon_core.package_identification:_identify(my_project/plugins) by extensions ['ros']
[-1789206751630289664.000s] Level 1:colcon.colcon_core.package_identification:_identify(my_project/plugins) by extension 'ros'
[-1789206751630289664.000s] Level 1:colcon.colcon_core.package_identification:_identify(my_project/plugins) by extensions ['cmake', 'python']
[-1789206751630289664.000s] Level 1:colcon.colcon_core.package_identification:_identify(my_project/plugins) by extension 'cmake'
[-1789206751630289664.000s] Level 1:colcon.colcon_core.package_identification:_identify(my_project/plugins) by extension 'python'
[-1789206751630289664.000s] Level 1:colcon.colcon_core.package_identification:_identify(my_project/plugins) by extensions ['python_setup_py']
[-1789206751630289664.000s] Level 1:colcon.colcon_core.package_identification:_identify(my_project/plugins) by extension 'python_setup_py'
[-1789206751630289664.000s] Level 1:colcon.colcon_core.package_identification:_identify(my_project/plugins/physics) by extensions ['ignore', 'ignore_ament_install']
[-1789206751630289664.000s] Level 1:colcon.colcon_core.package_identification:_identify(my_project/plugins/physics) by extension 'ignore'
[-1789206751630289664.000s] Level 1:colcon.colcon_core.package_identification:_identify(my_project/plugins/physics) by extension 'ignore_ament_install'
[-1789206751630289664.000s] Level 1:colcon.colcon_core.package_identification:_identify(my_project/plugins/physics) by extensions ['colcon_pkg']
[-1789206751630289664.000s] Level 1:colcon.colcon_core.package_identification:_identify(my_project/plugins/physics) by extension 'colcon_pkg'
[-1789206751630289664.000s] Level 1:colcon.colcon_core.package_identification:_identify(my_project/plugins/physics) by extensions ['colcon_meta']
[-1789206751630289664.000s] Level 1:colcon.colcon_core.package_identification:_identify(my_project/plugins/physics) by extension 'colcon_meta'
[-1789206751630289664.000s] Level 1:colcon.colcon_core.package_identification:_identify(my_project/plugins/physics) by extensions ['ros']
[-1789206751630289664.000s] Level 1:colcon.colcon_core.package_identification:_identify(my_project/plugins/physics) by extension 'ros'
[-1789206751630289664.000s] Level 1:colcon.colcon_core.package_identification:_identify(my_project/plugins/physics) by extensions ['cmake', 'python']
[-1789206751630289664.000s] Level 1:colcon.colcon_core.package_identification:_identify(my_project/plugins/physics) by extension 'cmake'
[-1789206751630289664.000s] Level 1:colcon.colcon_core.package_identification:_identify(my_project/plugins/physics) by extension 'python'
[-1789206751630289664.000s] Level 1:colcon.colcon_core.package_identification:_identify(my_project/plugins/physics) by extensions ['python_setup_py']
[-1789206751630289664.000s] Level 1:colcon.colcon_core.package_identification:_identify(my_project/plugins/physics) by extension 'python_setup_py'
[-1789206751630289664.000s] Level 1:colcon.colcon_core.package_identification:_identify(my_project/plugins/remote_controls) by extensions ['ignore', 'ignore_ament_install']
[-1789206751630289664.000s] Level 1:colcon.colcon_core.package_identification:_identify(my_project/plugins/remote_controls) by extension 'ignore'
[-1789206751630289664.000s] Level 1:colcon.colcon_core.package_identification:_identify(my_project/plugins/remote_controls) by extension 'ignore_ament_install'
[-1789206751630289664.000s] Level 1:colcon.colcon_core.package_identification:_identify(my_project/plugins/remote_controls) by extensions ['colcon_pkg']
[-1789206751630289664.000s] Level 1:colcon.colcon_core.package_identification:_identify(my_project/plugins/remote_controls) by extension 'colcon_pkg'
[-1789206751630289664.000s] Level 1:colcon.colcon_core.package_identification:_identify(my_project/plugins/remote_controls) by extensions ['colcon_meta']
[-1789206751630289664.000s] Level 1:colcon.colcon_core.package_identification:_identify(my_project/plugins/remote_controls) by extension 'colcon_meta'
[-1789206751630289664.000s] Level 1:colcon.colcon_core.package_identification:_identify(my_project/plugins/remote_controls) by extensions ['ros']
[-1789206751630289664.000s] Level 1:colcon.colcon_core.package_identification:_identify(my_project/plugins/remote_controls) by extension 'ros'
[-1789206751630289664.000s] Level 1:colcon.colcon_core.package_identification:_identify(my_project/plugins/remote_controls) by extensions ['cmake', 'python']
[-1789206751630289664.000s] Level 1:colcon.colcon_core.package_identification:_identify(my_project/plugins/remote_controls) by extension 'cmake'
[-1789206751630289664.000s] Level 1:colcon.colcon_core.package_identification:_identify(my_project/plugins/remote_controls) by extension 'python'
[-1789206751630289664.000s] Level 1:colcon.colcon_core.package_identification:_identify(my_project/plugins/remote_controls) by extensions ['python_setup_py']
[-1789206751630289664.000s] Level 1:colcon.colcon_core.package_identification:_identify(my_project/plugins/remote_controls) by extension 'python_setup_py'
[-1789206751630289664.000s] Level 1:colcon.colcon_core.package_identification:_identify(my_project/plugins/robot_windows) by extensions ['ignore', 'ignore_ament_install']
[-1789206751630289664.000s] Level 1:colcon.colcon_core.package_identification:_identify(my_project/plugins/robot_windows) by extension 'ignore'
[-1789206751630289664.000s] Level 1:colcon.colcon_core.package_identification:_identify(my_project/plugins/robot_windows) by extension 'ignore_ament_install'
[-1789206751630289664.000s] Level 1:colcon.colcon_core.package_identification:_identify(my_project/plugins/robot_windows) by extensions ['colcon_pkg']
[-1789206751630289664.000s] Level 1:colcon.colcon_core.package_identification:_identify(my_project/plugins/robot_windows) by extension 'colcon_pkg'
[-1789206751630289664.000s] Level 1:colcon.colcon_core.package_identification:_identify(my_project/plugins/robot_windows) by extensions ['colcon_meta']
[-1789206751630289664.000s] Level 1:colcon.colcon_core.package_identification:_identify(my_project/plugins/robot_windows) by extension 'colcon_meta'
[-1789206751630289664.000s] Level 1:colcon.colcon_core.package_identification:_identify(my_project/plugins/robot_windows) by extensions ['ros']
[-1789206751630289664.000s] Level 1:colcon.colcon_core.package_identification:_identify(my_project/plugins/robot_windows) by extension 'ros'
[-1789206751630289664.000s] Level 1:colcon.colcon_core.package_identification:_identify(my_project/plugins/robot_windows) by extensions ['cmake', 'python']
[-1789206751630289664.000s] Level 1:colcon.colcon_core.package_identification:_identify(my_project/plugins/robot_windows) by extension 'cmake'
[-1789206751630289664.000s] Level 1:colcon.colcon_core.package_identification:_identify(my_project/plugins/robot_windows) by extension 'python'
[-1789206751630289664.000s] Level 1:colcon.colcon_core.package_identification:_identify(my_project/plugins/robot_windows) by extensions ['python_setup_py']
[-1789206751630289664.000s] Level 1:colcon.colcon_core.package_identification:_identify(my_project/plugins/robot_windows) by extension 'python_setup_py'
[-1789206751630289664.000s] Level 1:colcon.colcon_core.package_identification:_identify(my_project/protos) by extensions ['ignore', 'ignore_ament_install']
[-1789206751630289664.000s] Level 1:colcon.colcon_core.package_identification:_identify(my_project/protos) by extension 'ignore'
[-1789206751630289664.000s] Level 1:colcon.colcon_core.package_identification:_identify(my_project/protos) by extension 'ignore_ament_install'
[-1789206751630289664.000s] Level 1:colcon.colcon_core.package_identification:_identify(my_project/protos) by extensions ['colcon_pkg']
[-1789206751630289664.000s] Level 1:colcon.colcon_core.package_identification:_identify(my_project/protos) by extension 'colcon_pkg'
[-1789206751630289664.000s] Level 1:colcon.colcon_core.package_identification:_identify(my_project/protos) by extensions ['colcon_meta']
[-1789206751630289664.000s] Level 1:colcon.colcon_core.package_identification:_identify(my_project/protos) by extension 'colcon_meta'
[-1789206751630289664.000s] Level 1:colcon.colcon_core.package_identification:_identify(my_project/protos) by extensions ['ros']
[-1789206751630289664.000s] Level 1:colcon.colcon_core.package_identification:_identify(my_project/protos) by extension 'ros'
[-1789206751630289664.000s] Level 1:colcon.colcon_core.package_identification:_identify(my_project/protos) by extensions ['cmake', 'python']
[-1789206751630289664.000s] Level 1:colcon.colcon_core.package_identification:_identify(my_project/protos) by extension 'cmake'
[-1789206751630289664.000s] Level 1:colcon.colcon_core.package_identification:_identify(my_project/protos) by extension 'python'
[-1789206751630289664.000s] Level 1:colcon.colcon_core.package_identification:_identify(my_project/protos) by extensions ['python_setup_py']
[-1789206751630289664.000s] Level 1:colcon.colcon_core.package_identification:_identify(my_project/protos) by extension 'python_setup_py'
[-1789206751630289664.000s] Level 1:colcon.colcon_core.package_identification:_identify(my_project/worlds) by extensions ['ignore', 'ignore_ament_install']
[-1789206751630289664.000s] Level 1:colcon.colcon_core.package_identification:_identify(my_project/worlds) by extension 'ignore'
[-1789206751630289664.000s] Level 1:colcon.colcon_core.package_identification:_identify(my_project/worlds) by extension 'ignore_ament_install'
[-1789206751630289664.000s] Level 1:colcon.colcon_core.package_identification:_identify(my_project/worlds) by extensions ['colcon_pkg']
[-1789206751630289664.000s] Level 1:colcon.colcon_core.package_identification:_identify(my_project/worlds) by extension 'colcon_pkg'
[-1789206751630289664.000s] Level 1:colcon.colcon_core.package_identification:_identify(my_project/worlds) by extensions ['colcon_meta']
[-1789206751630289664.000s] Level 1:colcon.colcon_core.package_identification:_identify(my_project/worlds) by extension 'colcon_meta'
[-1789206751630289664.000s] Level 1:colcon.colcon_core.package_identification:_identify(my_project/worlds) by extensions ['ros']
[-1789206751630289664.000s] Level 1:colcon.colcon_core.package_identification:_identify(my_project/worlds) by extension 'ros'
[-1789206751630289664.000s] Level 1:colcon.colcon_core.package_identification:_identify(my_project/worlds) by extensions ['cmake', 'python']
[-1789206751630289664.000s] Level 1:colcon.colcon_core.package_identification:_identify(my_project/worlds) by extension 'cmake'
[-1789206751630289664.000s] Level 1:colcon.colcon_core.package_identification:_identify(my_project/worlds) by extension 'python'
[-1789206751630289664.000s] Level 1:colcon.colcon_core.package_identification:_identify(my_project/worlds) by extensions ['python_setup_py']
[-1789206751630289664.000s] Level 1:colcon.colcon_core.package_identification:_identify(my_project/worlds) by extension 'python_setup_py'
[-1789206751630289664.000s] Level 1:colcon.colcon_core.package_identification:_identify(src) by extensions ['ignore', 'ignore_ament_install']
[-1789206751630289664.000s] Level 1:colcon.colcon_core.package_identification:_identify(src) by extension 'ignore'
[-1789206751630289664.000s] Level 1:colcon.colcon_core.package_identification:_identify(src) by extension 'ignore_ament_install'
[-1789206751630289664.000s] Level 1:colcon.colcon_core.package_identification:_identify(src) by extensions ['colcon_pkg']
[-1789206751630289664.000s] Level 1:colcon.colcon_core.package_identification:_identify(src) by extension 'colcon_pkg'
[-1789206751630289664.000s] Level 1:colcon.colcon_core.package_identification:_identify(src) by extensions ['colcon_meta']
[-1789206751630289664.000s] Level 1:colcon.colcon_core.package_identification:_identify(src) by extension 'colcon_meta'
[-1789206751630289664.000s] Level 1:colcon.colcon_core.package_identification:_identify(src) by extensions ['ros']
[-1789206751630289664.000s] Level 1:colcon.colcon_core.package_identification:_identify(src) by extension 'ros'
[-1789206751630289664.000s] Level 1:colcon.colcon_core.package_identification:_identify(src) by extensions ['cmake', 'python']
[-1789206751630289664.000s] Level 1:colcon.colcon_core.package_identification:_identify(src) by extension 'cmake'
[-1789206751630289664.000s] Level 1:colcon.colcon_core.package_identification:_identify(src) by extension 'python'
[-1789206751630289664.000s] Level 1:colcon.colcon_core.package_identification:_identify(src) by extensions ['python_setup_py']
[-1789206751630289664.000s] Level 1:colcon.colcon_core.package_identification:_identify(src) by extension 'python_setup_py'
[-1789206751630289664.000s] Level 1:colcon.colcon_core.package_identification:_identify(src/my_robot_pkg) by extensions ['ignore', 'ignore_ament_install']
[-1789206751630289664.000s] Level 1:colcon.colcon_core.package_identification:_identify(src/my_robot_pkg) by extension 'ignore'
[-1789206751630289664.000s] Level 1:colcon.colcon_core.package_identification:_identify(src/my_robot_pkg) by extension 'ignore_ament_install'
[-1789206751630289664.000s] Level 1:colcon.colcon_core.package_identification:_identify(src/my_robot_pkg) by extensions ['colcon_pkg']
[-1789206751630289664.000s] Level 1:colcon.colcon_core.package_identification:_identify(src/my_robot_pkg) by extension 'colcon_pkg'
[-1789206751630289664.000s] Level 1:colcon.colcon_core.package_identification:_identify(src/my_robot_pkg) by extensions ['colcon_meta']
[-1789206751630289664.000s] Level 1:colcon.colcon_core.package_identification:_identify(src/my_robot_pkg) by extension 'colcon_meta'
[-1789206751630289664.000s] Level 1:colcon.colcon_core.package_identification:_identify(src/my_robot_pkg) by extensions ['ros']
[-1789206751630289664.000s] Level 1:colcon.colcon_core.package_identification:_identify(src/my_robot_pkg) by extension 'ros'
[-1789206751630289664.000s] DEBUG:colcon.colcon_core.package_identification:Package 'src/my_robot_pkg' with type 'ros.ament_python' and name 'my_robot_pkg'
[-1789206751630289664.000s] Level 1:colcon.colcon_core.package_identification:_identify(src/webots_ros2) by extensions ['ignore', 'ignore_ament_install']
[-1789206751630289664.000s] Level 1:colcon.colcon_core.package_identification:_identify(src/webots_ros2) by extension 'ignore'
[-1789206751630289664.000s] Level 1:colcon.colcon_core.package_identification:_identify(src/webots_ros2) by extension 'ignore_ament_install'
[-1789206751630289664.000s] Level 1:colcon.colcon_core.package_identification:_identify(src/webots_ros2) by extensions ['colcon_pkg']
[-1789206751630289664.000s] Level 1:colcon.colcon_core.package_identification:_identify(src/webots_ros2) by extension 'colcon_pkg'
[-1789206751630289664.000s] Level 1:colcon.colcon_core.package_identification:_identify(src/webots_ros2) by extensions ['colcon_meta']
[-1789206751630289664.000s] Level 1:colcon.colcon_core.package_identification:_identify(src/webots_ros2) by extension 'colcon_meta'
[-1789206751630289664.000s] Level 1:colcon.colcon_core.package_identification:_identify(src/webots_ros2) by extensions ['ros']
[-1789206751630289664.000s] Level 1:colcon.colcon_core.package_identification:_identify(src/webots_ros2) by extension 'ros'
[-1789206751630289664.000s] Level 1:colcon.colcon_core.package_identification:_identify(src/webots_ros2) by extensions ['cmake', 'python']
[-1789206751630289664.000s] Level 1:colcon.colcon_core.package_identification:_identify(src/webots_ros2) by extension 'cmake'
[-1789206751630289664.000s] Level 1:colcon.colcon_core.package_identification:_identify(src/webots_ros2) by extension 'python'
[-1789206751630289664.000s] Level 1:colcon.colcon_core.package_identification:_identify(src/webots_ros2) by extensions ['python_setup_py']
[-1789206751630289664.000s] Level 1:colcon.colcon_core.package_identification:_identify(src/webots_ros2) by extension 'python_setup_py'
[-1789206751630289664.000s] Level 1:colcon.colcon_core.package_identification:_identify(src/webots_ros2/docker) by extensions ['ignore', 'ignore_ament_install']
[-1789206751630289664.000s] Level 1:colcon.colcon_core.package_identification:_identify(src/webots_ros2/docker) by extension 'ignore'
[-1789206751630289664.000s] Level 1:colcon.colcon_core.package_identification:_identify(src/webots_ros2/docker) by extension 'ignore_ament_install'
[-1789206751630289664.000s] Level 1:colcon.colcon_core.package_identification:_identify(src/webots_ros2/docker) by extensions ['colcon_pkg']
[-1789206751630289664.000s] Level 1:colcon.colcon_core.package_identification:_identify(src/webots_ros2/docker) by extension 'colcon_pkg'
[-1789206751630289664.000s] Level 1:colcon.colcon_core.package_identification:_identify(src/webots_ros2/docker) by extensions ['colcon_meta']
[-1789206751630289664.000s] Level 1:colcon.colcon_core.package_identification:_identify(src/webots_ros2/docker) by extension 'colcon_meta'
[-1789206751630289664.000s] Level 1:colcon.colcon_core.package_identification:_identify(src/webots_ros2/docker) by extensions ['ros']
[-1789206751630289664.000s] Level 1:colcon.colcon_core.package_identification:_identify(src/webots_ros2/docker) by extension 'ros'
[-1789206751630289664.000s] Level 1:colcon.colcon_core.package_identification:_identify(src/webots_ros2/docker) by extensions ['cmake', 'python']
[-1789206751630289664.000s] Level 1:colcon.colcon_core.package_identification:_identify(src/webots_ros2/docker) by extension 'cmake'
[-1789206751630289664.000s] Level 1:colcon.colcon_core.package_identification:_identify(src/webots_ros2/docker) by extension 'python'
[-1789206751630289664.000s] Level 1:colcon.colcon_core.package_identification:_identify(src/webots_ros2/docker) by extensions ['python_setup_py']
[-1789206751630289664.000s] Level 1:colcon.colcon_core.package_identification:_identify(src/webots_ros2/docker) by extension 'python_setup_py'
[-1789206751630289664.000s] Level 1:colcon.colcon_core.package_identification:_identify(src/webots_ros2/images) by extensions ['ignore', 'ignore_ament_install']
[-1789206751630289664.000s] Level 1:colcon.colcon_core.package_identification:_identify(src/webots_ros2/images) by extension 'ignore'
[-1789206751630289664.000s] Level 1:colcon.colcon_core.package_identification:_identify(src/webots_ros2/images) by extension 'ignore_ament_install'
[-1789206751630289664.000s] Level 1:colcon.colcon_core.package_identification:_identify(src/webots_ros2/images) by extensions ['colcon_pkg']
[-1789206751630289664.000s] Level 1:colcon.colcon_core.package_identification:_identify(src/webots_ros2/images) by extension 'colcon_pkg'
[-1789206751630289664.000s] Level 1:colcon.colcon_core.package_identification:_identify(src/webots_ros2/images) by extensions ['colcon_meta']
[-1789206751630289664.000s] Level 1:colcon.colcon_core.package_identification:_identify(src/webots_ros2/images) by extension 'colcon_meta'
[-1789206751630289664.000s] Level 1:colcon.colcon_core.package_identification:_identify(src/webots_ros2/images) by extensions ['ros']
[-1789206751630289664.000s] Level 1:colcon.colcon_core.package_identification:_identify(src/webots_ros2/images) by extension 'ros'
[-1789206751630289664.000s] Level 1:colcon.colcon_core.package_identification:_identify(src/webots_ros2/images) by extensions ['cmake', 'python']
[-1789206751630289664.000s] Level 1:colcon.colcon_core.package_identification:_identify(src/webots_ros2/images) by extension 'cmake'
[-1789206751630289664.000s] Level 1:colcon.colcon_core.package_identification:_identify(src/webots_ros2/images) by extension 'python'
[-1789206751630289664.000s] Level 1:colcon.colcon_core.package_identification:_identify(src/webots_ros2/images) by extensions ['python_setup_py']
[-1789206751630289664.000s] Level 1:colcon.colcon_core.package_identification:_identify(src/webots_ros2/images) by extension 'python_setup_py'
[-1789206751630289664.000s] Level 1:colcon.colcon_core.package_identification:_identify(src/webots_ros2/scripts) by extensions ['ignore', 'ignore_ament_install']
[-1789206751630289664.000s] Level 1:colcon.colcon_core.package_identification:_identify(src/webots_ros2/scripts) by extension 'ignore'
[-1789206751630289664.000s] Level 1:colcon.colcon_core.package_identification:_identify(src/webots_ros2/scripts) by extension 'ignore_ament_install'
[-1789206751630289664.000s] Level 1:colcon.colcon_core.package_identification:_identify(src/webots_ros2/scripts) by extensions ['colcon_pkg']
[-1789206751630289664.000s] Level 1:colcon.colcon_core.package_identification:_identify(src/webots_ros2/scripts) by extension 'colcon_pkg'
[-1789206751630289664.000s] Level 1:colcon.colcon_core.package_identification:_identify(src/webots_ros2/scripts) by extensions ['colcon_meta']
[-1789206751630289664.000s] Level 1:colcon.colcon_core.package_identification:_identify(src/webots_ros2/scripts) by extension 'colcon_meta'
[-1789206751630289664.000s] Level 1:colcon.colcon_core.package_identification:_identify(src/webots_ros2/scripts) by extensions ['ros']
[-1789206751630289664.000s] Level 1:colcon.colcon_core.package_identification:_identify(src/webots_ros2/scripts) by extension 'ros'
[-1789206751630289664.000s] Level 1:colcon.colcon_core.package_identification:_identify(src/webots_ros2/scripts) by extensions ['cmake', 'python']
[-1789206751630289664.000s] Level 1:colcon.colcon_core.package_identification:_identify(src/webots_ros2/scripts) by extension 'cmake'
[-1789206751630289664.000s] Level 1:colcon.colcon_core.package_identification:_identify(src/webots_ros2/scripts) by extension 'python'
[-1789206751630289664.000s] Level 1:colcon.colcon_core.package_identification:_identify(src/webots_ros2/scripts) by extensions ['python_setup_py']
[-1789206751630289664.000s] Level 1:colcon.colcon_core.package_identification:_identify(src/webots_ros2/scripts) by extension 'python_setup_py'
[-1789206751630289664.000s] Level 1:colcon.colcon_core.package_identification:_identify(src/webots_ros2/tests) by extensions ['ignore', 'ignore_ament_install']
[-1789206751630289664.000s] Level 1:colcon.colcon_core.package_identification:_identify(src/webots_ros2/tests) by extension 'ignore'
[-1789206751630289664.000s] Level 1:colcon.colcon_core.package_identification:_identify(src/webots_ros2/tests) by extension 'ignore_ament_install'
[-1789206751630289664.000s] Level 1:colcon.colcon_core.package_identification:_identify(src/webots_ros2/tests) by extensions ['colcon_pkg']
[-1789206751630289664.000s] Level 1:colcon.colcon_core.package_identification:_identify(src/webots_ros2/tests) by extension 'colcon_pkg'
[-1789206751630289664.000s] Level 1:colcon.colcon_core.package_identification:_identify(src/webots_ros2/tests) by extensions ['colcon_meta']
[-1789206751630289664.000s] Level 1:colcon.colcon_core.package_identification:_identify(src/webots_ros2/tests) by extension 'colcon_meta'
[-1789206751630289664.000s] Level 1:colcon.colcon_core.package_identification:_identify(src/webots_ros2/tests) by extensions ['ros']
[-1789206751630289664.000s] Level 1:colcon.colcon_core.package_identification:_identify(src/webots_ros2/tests) by extension 'ros'
[-1789206751630289664.000s] Level 1:colcon.colcon_core.package_identification:_identify(src/webots_ros2/tests) by extensions ['cmake', 'python']
[-1789206751630289664.000s] Level 1:colcon.colcon_core.package_identification:_identify(src/webots_ros2/tests) by extension 'cmake'
[-1789206751630289664.000s] Level 1:colcon.colcon_core.package_identification:_identify(src/webots_ros2/tests) by extension 'python'
[-1789206751630289664.000s] Level 1:colcon.colcon_core.package_identification:_identify(src/webots_ros2/tests) by extensions ['python_setup_py']
[-1789206751630289664.000s] Level 1:colcon.colcon_core.package_identification:_identify(src/webots_ros2/tests) by extension 'python_setup_py'
[-1789206751630289664.000s] Level 1:colcon.colcon_core.package_identification:_identify(src/webots_ros2/tests/sources) by extensions ['ignore', 'ignore_ament_install']
[-1789206751630289664.000s] Level 1:colcon.colcon_core.package_identification:_identify(src/webots_ros2/tests/sources) by extension 'ignore'
[-1789206751630289664.000s] Level 1:colcon.colcon_core.package_identification:_identify(src/webots_ros2/tests/sources) by extension 'ignore_ament_install'
[-1789206751630289664.000s] Level 1:colcon.colcon_core.package_identification:_identify(src/webots_ros2/tests/sources) by extensions ['colcon_pkg']
[-1789206751630289664.000s] Level 1:colcon.colcon_core.package_identification:_identify(src/webots_ros2/tests/sources) by extension 'colcon_pkg'
[-1789206751630289664.000s] Level 1:colcon.colcon_core.package_identification:_identify(src/webots_ros2/tests/sources) by extensions ['colcon_meta']
[-1789206751630289664.000s] Level 1:colcon.colcon_core.package_identification:_identify(src/webots_ros2/tests/sources) by extension 'colcon_meta'
[-1789206751630289664.000s] Level 1:colcon.colcon_core.package_identification:_identify(src/webots_ros2/tests/sources) by extensions ['ros']
[-1789206751630289664.000s] Level 1:colcon.colcon_core.package_identification:_identify(src/webots_ros2/tests/sources) by extension 'ros'
[-1789206751630289664.000s] Level 1:colcon.colcon_core.package_identification:_identify(src/webots_ros2/tests/sources) by extensions ['cmake', 'python']
[-1789206751630289664.000s] Level 1:colcon.colcon_core.package_identification:_identify(src/webots_ros2/tests/sources) by extension 'cmake'
[-1789206751630289664.000s] Level 1:colcon.colcon_core.package_identification:_identify(src/webots_ros2/tests/sources) by extension 'python'
[-1789206751630289664.000s] Level 1:colcon.colcon_core.package_identification:_identify(src/webots_ros2/tests/sources) by extensions ['python_setup_py']
[-1789206751630289664.000s] Level 1:colcon.colcon_core.package_identification:_identify(src/webots_ros2/tests/sources) by extension 'python_setup_py'
[-1789206751630289664.000s] Level 1:colcon.colcon_core.package_identification:_identify(src/webots_ros2/webots_ros2) by extensions ['ignore', 'ignore_ament_install']
[-1789206751630289664.000s] Level 1:colcon.colcon_core.package_identification:_identify(src/webots_ros2/webots_ros2) by extension 'ignore'
[-1789206751630289664.000s] Level 1:colcon.colcon_core.package_identification:_identify(src/webots_ros2/webots_ros2) by extension 'ignore_ament_install'
[-1789206751630289664.000s] Level 1:colcon.colcon_core.package_identification:_identify(src/webots_ros2/webots_ros2) by extensions ['colcon_pkg']
[-1789206751630289664.000s] Level 1:colcon.colcon_core.package_identification:_identify(src/webots_ros2/webots_ros2) by extension 'colcon_pkg'
[-1789206751630289664.000s] Level 1:colcon.colcon_core.package_identification:_identify(src/webots_ros2/webots_ros2) by extensions ['colcon_meta']
[-1789206751630289664.000s] Level 1:colcon.colcon_core.package_identification:_identify(src/webots_ros2/webots_ros2) by extension 'colcon_meta'
[-1789206751630289664.000s] Level 1:colcon.colcon_core.package_identification:_identify(src/webots_ros2/webots_ros2) by extensions ['ros']
[-1789206751630289664.000s] Level 1:colcon.colcon_core.package_identification:_identify(src/webots_ros2/webots_ros2) by extension 'ros'
[-1789206751630289664.000s] DEBUG:colcon.colcon_core.package_identification:Package 'src/webots_ros2/webots_ros2' with type 'ros.ament_python' and name 'webots_ros2'
[-1789206751630289664.000s] Level 1:colcon.colcon_core.package_identification:_identify(src/webots_ros2/webots_ros2_control) by extensions ['ignore', 'ignore_ament_install']
[-1789206751630289664.000s] Level 1:colcon.colcon_core.package_identification:_identify(src/webots_ros2/webots_ros2_control) by extension 'ignore'
[-1789206751630289664.000s] Level 1:colcon.colcon_core.package_identification:_identify(src/webots_ros2/webots_ros2_control) by extension 'ignore_ament_install'
[-1789206751630289664.000s] Level 1:colcon.colcon_core.package_identification:_identify(src/webots_ros2/webots_ros2_control) by extensions ['colcon_pkg']
[-1789206751630289664.000s] Level 1:colcon.colcon_core.package_identification:_identify(src/webots_ros2/webots_ros2_control) by extension 'colcon_pkg'
[-1789206751630289664.000s] Level 1:colcon.colcon_core.package_identification:_identify(src/webots_ros2/webots_ros2_control) by extensions ['colcon_meta']
[-1789206751630289664.000s] Level 1:colcon.colcon_core.package_identification:_identify(src/webots_ros2/webots_ros2_control) by extension 'colcon_meta'
[-1789206751630289664.000s] Level 1:colcon.colcon_core.package_identification:_identify(src/webots_ros2/webots_ros2_control) by extensions ['ros']
[-1789206751630289664.000s] Level 1:colcon.colcon_core.package_identification:_identify(src/webots_ros2/webots_ros2_control) by extension 'ros'
[-1789206751630289664.000s] DEBUG:colcon.colcon_core.package_identification:Package 'src/webots_ros2/webots_ros2_control' with type 'ros.ament_cmake' and name 'webots_ros2_control'
[-1789206751630289664.000s] Level 1:colcon.colcon_core.package_identification:_identify(src/webots_ros2/webots_ros2_crazyflie) by extensions ['ignore', 'ignore_ament_install']
[-1789206751630289664.000s] Level 1:colcon.colcon_core.package_identification:_identify(src/webots_ros2/webots_ros2_crazyflie) by extension 'ignore'
[-1789206751630289664.000s] Level 1:colcon.colcon_core.package_identification:_identify(src/webots_ros2/webots_ros2_crazyflie) by extension 'ignore_ament_install'
[-1789206751630289664.000s] Level 1:colcon.colcon_core.package_identification:_identify(src/webots_ros2/webots_ros2_crazyflie) by extensions ['colcon_pkg']
[-1789206751630289664.000s] Level 1:colcon.colcon_core.package_identification:_identify(src/webots_ros2/webots_ros2_crazyflie) by extension 'colcon_pkg'
[-1789206751630289664.000s] Level 1:colcon.colcon_core.package_identification:_identify(src/webots_ros2/webots_ros2_crazyflie) by extensions ['colcon_meta']
[-1789206751630289664.000s] Level 1:colcon.colcon_core.package_identification:_identify(src/webots_ros2/webots_ros2_crazyflie) by extension 'colcon_meta'
[-1789206751630289664.000s] Level 1:colcon.colcon_core.package_identification:_identify(src/webots_ros2/webots_ros2_crazyflie) by extensions ['ros']
[-1789206751630289664.000s] Level 1:colcon.colcon_core.package_identification:_identify(src/webots_ros2/webots_ros2_crazyflie) by extension 'ros'
[-1789206751630289664.000s] DEBUG:colcon.colcon_core.package_identification:Package 'src/webots_ros2/webots_ros2_crazyflie' with type 'ros.ament_python' and name 'webots_ros2_crazyflie'
[-1789206751630289664.000s] Level 1:colcon.colcon_core.package_identification:_identify(src/webots_ros2/webots_ros2_driver) by extensions ['ignore', 'ignore_ament_install']
[-1789206751630289664.000s] Level 1:colcon.colcon_core.package_identification:_identify(src/webots_ros2/webots_ros2_driver) by extension 'ignore'
[-1789206751630289664.000s] Level 1:colcon.colcon_core.package_identification:_identify(src/webots_ros2/webots_ros2_driver) by extension 'ignore_ament_install'
[-1789206751630289664.000s] Level 1:colcon.colcon_core.package_identification:_identify(src/webots_ros2/webots_ros2_driver) by extensions ['colcon_pkg']
[-1789206751630289664.000s] Level 1:colcon.colcon_core.package_identification:_identify(src/webots_ros2/webots_ros2_driver) by extension 'colcon_pkg'
[-1789206751630289664.000s] Level 1:colcon.colcon_core.package_identification:_identify(src/webots_ros2/webots_ros2_driver) by extensions ['colcon_meta']
[-1789206751630289664.000s] Level 1:colcon.colcon_core.package_identification:_identify(src/webots_ros2/webots_ros2_driver) by extension 'colcon_meta'
[-1789206751630289664.000s] Level 1:colcon.colcon_core.package_identification:_identify(src/webots_ros2/webots_ros2_driver) by extensions ['ros']
[-1789206751630289664.000s] Level 1:colcon.colcon_core.package_identification:_identify(src/webots_ros2/webots_ros2_driver) by extension 'ros'
[-1789206751630289664.000s] DEBUG:colcon.colcon_core.package_identification:Package 'src/webots_ros2/webots_ros2_driver' with type 'ros.ament_cmake' and name 'webots_ros2_driver'
[-1789206751630289664.000s] Level 1:colcon.colcon_core.package_identification:_identify(src/webots_ros2/webots_ros2_epuck) by extensions ['ignore', 'ignore_ament_install']
[-1789206751630289664.000s] Level 1:colcon.colcon_core.package_identification:_identify(src/webots_ros2/webots_ros2_epuck) by extension 'ignore'
[-1789206751630289664.000s] Level 1:colcon.colcon_core.package_identification:_identify(src/webots_ros2/webots_ros2_epuck) by extension 'ignore_ament_install'
[-1789206751630289664.000s] Level 1:colcon.colcon_core.package_identification:_identify(src/webots_ros2/webots_ros2_epuck) by extensions ['colcon_pkg']
[-1789206751630289664.000s] Level 1:colcon.colcon_core.package_identification:_identify(src/webots_ros2/webots_ros2_epuck) by extension 'colcon_pkg'
[-1789206751630289664.000s] Level 1:colcon.colcon_core.package_identification:_identify(src/webots_ros2/webots_ros2_epuck) by extensions ['colcon_meta']
[-1789206751630289664.000s] Level 1:colcon.colcon_core.package_identification:_identify(src/webots_ros2/webots_ros2_epuck) by extension 'colcon_meta'
[-1789206751630289664.000s] Level 1:colcon.colcon_core.package_identification:_identify(src/webots_ros2/webots_ros2_epuck) by extensions ['ros']
[-1789206751630289664.000s] Level 1:colcon.colcon_core.package_identification:_identify(src/webots_ros2/webots_ros2_epuck) by extension 'ros'
[-1789206751630289664.000s] DEBUG:colcon.colcon_core.package_identification:Package 'src/webots_ros2/webots_ros2_epuck' with type 'ros.ament_python' and name 'webots_ros2_epuck'
[-1789206751630289664.000s] Level 1:colcon.colcon_core.package_identification:_identify(src/webots_ros2/webots_ros2_husarion) by extensions ['ignore', 'ignore_ament_install']
[-1789206751630289664.000s] Level 1:colcon.colcon_core.package_identification:_identify(src/webots_ros2/webots_ros2_husarion) by extension 'ignore'
[-1789206751630289664.000s] Level 1:colcon.colcon_core.package_identification:_identify(src/webots_ros2/webots_ros2_husarion) by extension 'ignore_ament_install'
[-1789206751630289664.000s] Level 1:colcon.colcon_core.package_identification:_identify(src/webots_ros2/webots_ros2_husarion) by extensions ['colcon_pkg']
[-1789206751630289664.000s] Level 1:colcon.colcon_core.package_identification:_identify(src/webots_ros2/webots_ros2_husarion) by extension 'colcon_pkg'
[-1789206751630289664.000s] Level 1:colcon.colcon_core.package_identification:_identify(src/webots_ros2/webots_ros2_husarion) by extensions ['colcon_meta']
[-1789206751630289664.000s] Level 1:colcon.colcon_core.package_identification:_identify(src/webots_ros2/webots_ros2_husarion) by extension 'colcon_meta'
[-1789206751630289664.000s] Level 1:colcon.colcon_core.package_identification:_identify(src/webots_ros2/webots_ros2_husarion) by extensions ['ros']
[-1789206751630289664.000s] Level 1:colcon.colcon_core.package_identification:_identify(src/webots_ros2/webots_ros2_husarion) by extension 'ros'
[-1789206751630289664.000s] DEBUG:colcon.colcon_core.package_identification:Package 'src/webots_ros2/webots_ros2_husarion' with type 'ros.ament_python' and name 'webots_ros2_husarion'
[-1789206751630289664.000s] Level 1:colcon.colcon_core.package_identification:_identify(src/webots_ros2/webots_ros2_importer) by extensions ['ignore', 'ignore_ament_install']
[-1789206751630289664.000s] Level 1:colcon.colcon_core.package_identification:_identify(src/webots_ros2/webots_ros2_importer) by extension 'ignore'
[-1789206751630289664.000s] Level 1:colcon.colcon_core.package_identification:_identify(src/webots_ros2/webots_ros2_importer) by extension 'ignore_ament_install'
[-1789206751630289664.000s] Level 1:colcon.colcon_core.package_identification:_identify(src/webots_ros2/webots_ros2_importer) by extensions ['colcon_pkg']
[-1789206751630289664.000s] Level 1:colcon.colcon_core.package_identification:_identify(src/webots_ros2/webots_ros2_importer) by extension 'colcon_pkg'
[-1789206751630289664.000s] Level 1:colcon.colcon_core.package_identification:_identify(src/webots_ros2/webots_ros2_importer) by extensions ['colcon_meta']
[-1789206751630289664.000s] Level 1:colcon.colcon_core.package_identification:_identify(src/webots_ros2/webots_ros2_importer) by extension 'colcon_meta'
[-1789206751630289664.000s] Level 1:colcon.colcon_core.package_identification:_identify(src/webots_ros2/webots_ros2_importer) by extensions ['ros']
[-1789206751630289664.000s] Level 1:colcon.colcon_core.package_identification:_identify(src/webots_ros2/webots_ros2_importer) by extension 'ros'
[-1789206751630289664.000s] DEBUG:colcon.colcon_core.package_identification:Package 'src/webots_ros2/webots_ros2_importer' with type 'ros.ament_python' and name 'webots_ros2_importer'
[-1789206751630289664.000s] Level 1:colcon.colcon_core.package_identification:_identify(src/webots_ros2/webots_ros2_mavic) by extensions ['ignore', 'ignore_ament_install']
[-1789206751630289664.000s] Level 1:colcon.colcon_core.package_identification:_identify(src/webots_ros2/webots_ros2_mavic) by extension 'ignore'
[-1789206751630289664.000s] Level 1:colcon.colcon_core.package_identification:_identify(src/webots_ros2/webots_ros2_mavic) by extension 'ignore_ament_install'
[-1789206751630289664.000s] Level 1:colcon.colcon_core.package_identification:_identify(src/webots_ros2/webots_ros2_mavic) by extensions ['colcon_pkg']
[-1789206751630289664.000s] Level 1:colcon.colcon_core.package_identification:_identify(src/webots_ros2/webots_ros2_mavic) by extension 'colcon_pkg'
[-1789206751630289664.000s] Level 1:colcon.colcon_core.package_identification:_identify(src/webots_ros2/webots_ros2_mavic) by extensions ['colcon_meta']
[-1789206751630289664.000s] Level 1:colcon.colcon_core.package_identification:_identify(src/webots_ros2/webots_ros2_mavic) by extension 'colcon_meta'
[-1789206751630289664.000s] Level 1:colcon.colcon_core.package_identification:_identify(src/webots_ros2/webots_ros2_mavic) by extensions ['ros']
[-1789206751630289664.000s] Level 1:colcon.colcon_core.package_identification:_identify(src/webots_ros2/webots_ros2_mavic) by extension 'ros'
[-1789206751630289664.000s] DEBUG:colcon.colcon_core.package_identification:Package 'src/webots_ros2/webots_ros2_mavic' with type 'ros.ament_python' and name 'webots_ros2_mavic'
[-1789206751630289664.000s] Level 1:colcon.colcon_core.package_identification:_identify(src/webots_ros2/webots_ros2_msgs) by extensions ['ignore', 'ignore_ament_install']
[-1789206751630289664.000s] Level 1:colcon.colcon_core.package_identification:_identify(src/webots_ros2/webots_ros2_msgs) by extension 'ignore'
[-1789206751630289664.000s] Level 1:colcon.colcon_core.package_identification:_identify(src/webots_ros2/webots_ros2_msgs) by extension 'ignore_ament_install'
[-1789206751630289664.000s] Level 1:colcon.colcon_core.package_identification:_identify(src/webots_ros2/webots_ros2_msgs) by extensions ['colcon_pkg']
[-1789206751630289664.000s] Level 1:colcon.colcon_core.package_identification:_identify(src/webots_ros2/webots_ros2_msgs) by extension 'colcon_pkg'
[-1789206751630289664.000s] Level 1:colcon.colcon_core.package_identification:_identify(src/webots_ros2/webots_ros2_msgs) by extensions ['colcon_meta']
[-1789206751630289664.000s] Level 1:colcon.colcon_core.package_identification:_identify(src/webots_ros2/webots_ros2_msgs) by extension 'colcon_meta'
[-1789206751630289664.000s] Level 1:colcon.colcon_core.package_identification:_identify(src/webots_ros2/webots_ros2_msgs) by extensions ['ros']
[-1789206751630289664.000s] Level 1:colcon.colcon_core.package_identification:_identify(src/webots_ros2/webots_ros2_msgs) by extension 'ros'
[-1789206751630289664.000s] DEBUG:colcon.colcon_core.package_identification:Package 'src/webots_ros2/webots_ros2_msgs' with type 'ros.ament_cmake' and name 'webots_ros2_msgs'
[-1789206751630289664.000s] Level 1:colcon.colcon_core.package_identification:_identify(src/webots_ros2/webots_ros2_tesla) by extensions ['ignore', 'ignore_ament_install']
[-1789206751630289664.000s] Level 1:colcon.colcon_core.package_identification:_identify(src/webots_ros2/webots_ros2_tesla) by extension 'ignore'
[-1789206751630289664.000s] Level 1:colcon.colcon_core.package_identification:_identify(src/webots_ros2/webots_ros2_tesla) by extension 'ignore_ament_install'
[-1789206751630289664.000s] Level 1:colcon.colcon_core.package_identification:_identify(src/webots_ros2/webots_ros2_tesla) by extensions ['colcon_pkg']
[-1789206751630289664.000s] Level 1:colcon.colcon_core.package_identification:_identify(src/webots_ros2/webots_ros2_tesla) by extension 'colcon_pkg'
[-1789206751630289664.000s] Level 1:colcon.colcon_core.package_identification:_identify(src/webots_ros2/webots_ros2_tesla) by extensions ['colcon_meta']
[-1789206751630289664.000s] Level 1:colcon.colcon_core.package_identification:_identify(src/webots_ros2/webots_ros2_tesla) by extension 'colcon_meta'
[-1789206751630289664.000s] Level 1:colcon.colcon_core.package_identification:_identify(src/webots_ros2/webots_ros2_tesla) by extensions ['ros']
[-1789206751630289664.000s] Level 1:colcon.colcon_core.package_identification:_identify(src/webots_ros2/webots_ros2_tesla) by extension 'ros'
[-1789206751630289664.000s] DEBUG:colcon.colcon_core.package_identification:Package 'src/webots_ros2/webots_ros2_tesla' with type 'ros.ament_python' and name 'webots_ros2_tesla'
[-1789206751630289664.000s] Level 1:colcon.colcon_core.package_identification:_identify(src/webots_ros2/webots_ros2_tests) by extensions ['ignore', 'ignore_ament_install']
[-1789206751630289664.000s] Level 1:colcon.colcon_core.package_identification:_identify(src/webots_ros2/webots_ros2_tests) by extension 'ignore'
[-1789206751630289664.000s] Level 1:colcon.colcon_core.package_identification:_identify(src/webots_ros2/webots_ros2_tests) by extension 'ignore_ament_install'
[-1789206751630289664.000s] Level 1:colcon.colcon_core.package_identification:_identify(src/webots_ros2/webots_ros2_tests) by extensions ['colcon_pkg']
[-1789206751630289664.000s] Level 1:colcon.colcon_core.package_identification:_identify(src/webots_ros2/webots_ros2_tests) by extension 'colcon_pkg'
[-1789206751630289664.000s] Level 1:colcon.colcon_core.package_identification:_identify(src/webots_ros2/webots_ros2_tests) by extensions ['colcon_meta']
[-1789206751630289664.000s] Level 1:colcon.colcon_core.package_identification:_identify(src/webots_ros2/webots_ros2_tests) by extension 'colcon_meta'
[-1789206751630289664.000s] Level 1:colcon.colcon_core.package_identification:_identify(src/webots_ros2/webots_ros2_tests) by extensions ['ros']
[-1789206751630289664.000s] Level 1:colcon.colcon_core.package_identification:_identify(src/webots_ros2/webots_ros2_tests) by extension 'ros'
[-1789206751630289664.000s] DEBUG:colcon.colcon_core.package_identification:Package 'src/webots_ros2/webots_ros2_tests' with type 'ros.ament_python' and name 'webots_ros2_tests'
[-1789206751630289664.000s] Level 1:colcon.colcon_core.package_identification:_identify(src/webots_ros2/webots_ros2_tiago) by extensions ['ignore', 'ignore_ament_install']
[-1789206751630289664.000s] Level 1:colcon.colcon_core.package_identification:_identify(src/webots_ros2/webots_ros2_tiago) by extension 'ignore'
[-1789206751630289664.000s] Level 1:colcon.colcon_core.package_identification:_identify(src/webots_ros2/webots_ros2_tiago) by extension 'ignore_ament_install'
[-1789206751630289664.000s] Level 1:colcon.colcon_core.package_identification:_identify(src/webots_ros2/webots_ros2_tiago) by extensions ['colcon_pkg']
[-1789206751630289664.000s] Level 1:colcon.colcon_core.package_identification:_identify(src/webots_ros2/webots_ros2_tiago) by extension 'colcon_pkg'
[-1789206751630289664.000s] Level 1:colcon.colcon_core.package_identification:_identify(src/webots_ros2/webots_ros2_tiago) by extensions ['colcon_meta']
[-1789206751630289664.000s] Level 1:colcon.colcon_core.package_identification:_identify(src/webots_ros2/webots_ros2_tiago) by extension 'colcon_meta'
[-1789206751630289664.000s] Level 1:colcon.colcon_core.package_identification:_identify(src/webots_ros2/webots_ros2_tiago) by extensions ['ros']
[-1789206751630289664.000s] Level 1:colcon.colcon_core.package_identification:_identify(src/webots_ros2/webots_ros2_tiago) by extension 'ros'
[-1789206751630289664.000s] DEBUG:colcon.colcon_core.package_identification:Package 'src/webots_ros2/webots_ros2_tiago' with type 'ros.ament_python' and name 'webots_ros2_tiago'
[-1789206751630289664.000s] Level 1:colcon.colcon_core.package_identification:_identify(src/webots_ros2/webots_ros2_turtlebot) by extensions ['ignore', 'ignore_ament_install']
[-1789206751630289664.000s] Level 1:colcon.colcon_core.package_identification:_identify(src/webots_ros2/webots_ros2_turtlebot) by extension 'ignore'
[-1789206751630289664.000s] Level 1:colcon.colcon_core.package_identification:_identify(src/webots_ros2/webots_ros2_turtlebot) by extension 'ignore_ament_install'
[-1789206751630289664.000s] Level 1:colcon.colcon_core.package_identification:_identify(src/webots_ros2/webots_ros2_turtlebot) by extensions ['colcon_pkg']
[-1789206751630289664.000s] Level 1:colcon.colcon_core.package_identification:_identify(src/webots_ros2/webots_ros2_turtlebot) by extension 'colcon_pkg'
[-1789206751630289664.000s] Level 1:colcon.colcon_core.package_identification:_identify(src/webots_ros2/webots_ros2_turtlebot) by extensions ['colcon_meta']
[-1789206751630289664.000s] Level 1:colcon.colcon_core.package_identification:_identify(src/webots_ros2/webots_ros2_turtlebot) by extension 'colcon_meta'
[-1789206751630289664.000s] Level 1:colcon.colcon_core.package_identification:_identify(src/webots_ros2/webots_ros2_turtlebot) by extensions ['ros']
[-1789206751630289664.000s] Level 1:colcon.colcon_core.package_identification:_identify(src/webots_ros2/webots_ros2_turtlebot) by extension 'ros'
[-1789206751630289664.000s] DEBUG:colcon.colcon_core.package_identification:Package 'src/webots_ros2/webots_ros2_turtlebot' with type 'ros.ament_python' and name 'webots_ros2_turtlebot'
[-1789206751630289664.000s] Level 1:colcon.colcon_core.package_identification:_identify(src/webots_ros2/webots_ros2_universal_robot) by extensions ['ignore', 'ignore_ament_install']
[-1789206751630289664.000s] Level 1:colcon.colcon_core.package_identification:_identify(src/webots_ros2/webots_ros2_universal_robot) by extension 'ignore'
[-1789206751630289664.000s] Level 1:colcon.colcon_core.package_identification:_identify(src/webots_ros2/webots_ros2_universal_robot) by extension 'ignore_ament_install'
[-1789206751630289664.000s] Level 1:colcon.colcon_core.package_identification:_identify(src/webots_ros2/webots_ros2_universal_robot) by extensions ['colcon_pkg']
[-1789206751630289664.000s] Level 1:colcon.colcon_core.package_identification:_identify(src/webots_ros2/webots_ros2_universal_robot) by extension 'colcon_pkg'
[-1789206751630289664.000s] Level 1:colcon.colcon_core.package_identification:_identify(src/webots_ros2/webots_ros2_universal_robot) by extensions ['colcon_meta']
[-1789206751630289664.000s] Level 1:colcon.colcon_core.package_identification:_identify(src/webots_ros2/webots_ros2_universal_robot) by extension 'colcon_meta'
[-1789206751630289664.000s] Level 1:colcon.colcon_core.package_identification:_identify(src/webots_ros2/webots_ros2_universal_robot) by extensions ['ros']
[-1789206751630289664.000s] Level 1:colcon.colcon_core.package_identification:_identify(src/webots_ros2/webots_ros2_universal_robot) by extension 'ros'
[-1789206751630289664.000s] DEBUG:colcon.colcon_core.package_identification:Package 'src/webots_ros2/webots_ros2_universal_robot' with type 'ros.ament_python' and name 'webots_ros2_universal_robot'
[-1789206751630289664.000s] Level 1:colcon.colcon_core.package_discovery:discover_packages(recursive) using defaults
[-1789206751630289664.000s] Level 1:colcon.colcon_core.package_discovery:discover_packages(ignore) discover
[-1789206751630289664.000s] Level 1:colcon.colcon_core.package_discovery:discover_packages(ignore) using defaults
[-1789206751630289664.000s] Level 1:colcon.colcon_core.package_discovery:discover_packages(path) discover
[-1789206751630289664.000s] Level 1:colcon.colcon_core.package_discovery:discover_packages(path) using defaults
[-1789206751630289664.000s] INFO:colcon.colcon_core.package_selection:Skipping not selected package 'webots_ros2_importer' in 'src/webots_ros2/webots_ros2_importer'
[-1789206751630289664.000s] INFO:colcon.colcon_core.package_selection:Skipping not selected package 'webots_ros2_msgs' in 'src/webots_ros2/webots_ros2_msgs'
[-1789206751630289664.000s] INFO:colcon.colcon_core.package_selection:Skipping not selected package 'webots_ros2_driver' in 'src/webots_ros2/webots_ros2_driver'
[-1789206751630289664.000s] INFO:colcon.colcon_core.package_selection:Skipping not selected package 'webots_ros2_control' in 'src/webots_ros2/webots_ros2_control'
[-1789206751630289664.000s] INFO:colcon.colcon_core.package_selection:Skipping not selected package 'webots_ros2_crazyflie' in 'src/webots_ros2/webots_ros2_crazyflie'
[-1789206751630289664.000s] INFO:colcon.colcon_core.package_selection:Skipping not selected package 'webots_ros2_mavic' in 'src/webots_ros2/webots_ros2_mavic'
[-1789206751630289664.000s] INFO:colcon.colcon_core.package_selection:Skipping not selected package 'webots_ros2_tesla' in 'src/webots_ros2/webots_ros2_tesla'
[-1789206751630289664.000s] INFO:colcon.colcon_core.package_selection:Skipping not selected package 'webots_ros2_epuck' in 'src/webots_ros2/webots_ros2_epuck'
[-1789206751630289664.000s] INFO:colcon.colcon_core.package_selection:Skipping not selected package 'webots_ros2_husarion' in 'src/webots_ros2/webots_ros2_husarion'
[-1789206751630289664.000s] INFO:colcon.colcon_core.package_selection:Skipping not selected package 'webots_ros2_tiago' in 'src/webots_ros2/webots_ros2_tiago'
[-1789206751630289664.000s] INFO:colcon.colcon_core.package_selection:Skipping not selected package 'webots_ros2_turtlebot' in 'src/webots_ros2/webots_ros2_turtlebot'
[-1789206751630289664.000s] INFO:colcon.colcon_core.package_selection:Skipping not selected package 'webots_ros2_universal_robot' in 'src/webots_ros2/webots_ros2_universal_robot'
[-1789206751630289664.000s] INFO:colcon.colcon_core.package_selection:Skipping not selected package 'webots_ros2_tests' in 'src/webots_ros2/webots_ros2_tests'
[-1789206751630289664.000s] INFO:colcon.colcon_core.package_selection:Skipping not selected package 'webots_ros2' in 'src/webots_ros2/webots_ros2'
[-1789206751630289664.000s] Level 1:colcon.colcon_core.package_discovery:discover_packages(prefix_path) check parameters
[-1789206751630289664.000s] Level 1:colcon.colcon_core.package_discovery:discover_packages(prefix_path) discover
[-1789206751630289664.000s] DEBUG:colcon.colcon_installed_package_information.package_discovery:Found 15 installed packages in /home/onur/autonomous_robot/install
[-1789206751630289664.000s] DEBUG:colcon.colcon_installed_package_information.package_discovery:Found 339 installed packages in /opt/ros/lyrical
[-1789206751630289664.000s] Level 1:colcon.colcon_core.package_discovery:discover_packages(prefix_path) using defaults
[-1789206751630289664.000s] Level 5:colcon.colcon_core.verb:set package 'my_robot_pkg' build argument 'cmake_args' from command line to 'None'
[-1789206751630289664.000s] Level 5:colcon.colcon_core.verb:set package 'my_robot_pkg' build argument 'cmake_target' from command line to 'None'
[-1789206751630289664.000s] Level 5:colcon.colcon_core.verb:set package 'my_robot_pkg' build argument 'cmake_target_skip_unavailable' from command line to 'False'
[-1789206751630289664.000s] Level 5:colcon.colcon_core.verb:set package 'my_robot_pkg' build argument 'cmake_clean_cache' from command line to 'False'
[-1789206751630289664.000s] Level 5:colcon.colcon_core.verb:set package 'my_robot_pkg' build argument 'cmake_clean_first' from command line to 'False'
[-1789206751630289664.000s] Level 5:colcon.colcon_core.verb:set package 'my_robot_pkg' build argument 'cmake_force_configure' from command line to 'False'
[-1789206751630289664.000s] Level 5:colcon.colcon_core.verb:set package 'my_robot_pkg' build argument 'ament_cmake_args' from command line to 'None'
[-1789206751630289664.000s] Level 5:colcon.colcon_core.verb:set package 'my_robot_pkg' build argument 'catkin_cmake_args' from command line to 'None'
[-1789206751630289664.000s] Level 5:colcon.colcon_core.verb:set package 'my_robot_pkg' build argument 'catkin_skip_building_tests' from command line to 'False'
[-1789206751630289664.000s] DEBUG:colcon.colcon_core.verb:Building package 'my_robot_pkg' with the following arguments: {'ament_cmake_args': None, 'build_base': '/home/onur/autonomous_robot/build/my_robot_pkg', 'catkin_cmake_args': None, 'catkin_skip_building_tests': False, 'cmake_args': None, 'cmake_clean_cache': False, 'cmake_clean_first': False, 'cmake_force_configure': False, 'cmake_target': None, 'cmake_target_skip_unavailable': False, 'install_base': '/home/onur/autonomous_robot/install/my_robot_pkg', 'merge_install': False, 'path': '/home/onur/autonomous_robot/src/my_robot_pkg', 'symlink_install': False, 'test_result_base': None}
[-1789206751630289664.000s] INFO:colcon.colcon_core.executor:Executing jobs using 'parallel' executor
[-1789206751630289664.000s] DEBUG:colcon.colcon_parallel_executor.executor.parallel:run_until_complete
[-1789206751630289664.000s] INFO:colcon.colcon_ros.task.ament_python.build:Building ROS package in '/home/onur/autonomous_robot/src/my_robot_pkg' with build type 'ament_python'
[-1789206751630289664.000s] Level 1:colcon.colcon_core.shell:create_environment_hook('my_robot_pkg', 'ament_prefix_path')
[-1789206751630289664.000s] INFO:colcon.colcon_core.plugin_system:Skipping extension 'colcon_core.shell.bat': Not used on non-Windows systems
[-1789206751630289664.000s] INFO:colcon.colcon_core.shell:Creating environment hook '/home/onur/autonomous_robot/install/my_robot_pkg/share/my_robot_pkg/hook/ament_prefix_path.ps1'
[-1789206751630289664.000s] INFO:colcon.colcon_core.shell:Creating environment descriptor '/home/onur/autonomous_robot/install/my_robot_pkg/share/my_robot_pkg/hook/ament_prefix_path.dsv'
[-1789206751630289664.000s] INFO:colcon.colcon_core.shell:Creating environment hook '/home/onur/autonomous_robot/install/my_robot_pkg/share/my_robot_pkg/hook/ament_prefix_path.sh'
[-1789206751630289664.000s] INFO:colcon.colcon_core.shell:Skip shell extension 'powershell' for command environment: Not usable outside of PowerShell
[-1789206751630289664.000s] DEBUG:colcon.colcon_core.shell:Skip shell extension 'dsv' for command environment
[-1789206751630289664.000s] INFO:colcon.colcon_core.task.python.build:Building Python package in '/home/onur/autonomous_robot/src/my_robot_pkg'
[-1789206751630289664.000s] INFO:colcon.colcon_core.shell:Skip shell extension 'powershell' for command environment: Not usable outside of PowerShell
[-1789206751630289664.000s] DEBUG:colcon.colcon_core.shell:Skip shell extension 'dsv' for command environment
[-1789206751630289664.000s] DEBUG:colcon.colcon_core.task.python.build:Available setuptools commands: develop, install_scripts, saveopts, bdist_egg, bdist_wheel, check, update_catalog, install_data, install_headers, build_py, install, dist_info, build_ext, easy_install, alias, init_catalog, build_clib, install_egg_info, setopt, bdist_dumb, extract_messages, clean, compile_catalog, bdist, symlink_data, sdist, bdist_rpm, install_lib, editable_wheel, rotate, egg_info, build_scripts, build
[-1789206751630289664.000s] DEBUG:colcon.colcon_core.event_handler.log_command:Invoking command in '/home/onur/autonomous_robot/src/my_robot_pkg': AMENT_PREFIX_PATH=/home/onur/autonomous_robot/install/webots_ros2_importer:/home/onur/autonomous_robot/install/webots_ros2:/home/onur/autonomous_robot/install/webots_ros2_universal_robot:/home/onur/autonomous_robot/install/webots_ros2_turtlebot:/home/onur/autonomous_robot/install/webots_ros2_tiago:/home/onur/autonomous_robot/install/webots_ros2_tests:/home/onur/autonomous_robot/install/webots_ros2_tesla:/home/onur/autonomous_robot/install/webots_ros2_mavic:/home/onur/autonomous_robot/install/webots_ros2_husarion:/home/onur/autonomous_robot/install/webots_ros2_epuck:/home/onur/autonomous_robot/install/webots_ros2_crazyflie:/home/onur/autonomous_robot/install/webots_ros2_control:/home/onur/autonomous_robot/install/my_robot_pkg:/home/onur/autonomous_robot/install/webots_ros2_driver:/home/onur/autonomous_robot/install/webots_ros2_msgs:/opt/ros/lyrical CMAKE_PREFIX_PATH=/home/onur/autonomous_robot/install/webots_ros2_driver:/home/onur/autonomous_robot/install/webots_ros2_msgs:/home/onur/autonomous_robot/install/webots_ros2_control:/opt/ros/lyrical/opt/sdformat_vendor:/opt/ros/lyrical/opt/gz_tools_vendor:/opt/ros/lyrical/opt/gz_math_vendor:/opt/ros/lyrical/opt/gz_utils_vendor:/opt/ros/lyrical/opt/gz_cmake_vendor DEBUGINFOD_URLS=https://debuginfod.ubuntu.com LD_LIBRARY_PATH=/home/onur/autonomous_robot/install/webots_ros2_driver/lib:/home/onur/autonomous_robot/install/webots_ros2_msgs/lib:/home/onur/autonomous_robot/install/webots_ros2_control/lib:/opt/ros/lyrical/opt/sdformat_vendor/lib:/opt/ros/lyrical/opt/gz_tools_vendor/lib:/opt/ros/lyrical/opt/gz_math_vendor/lib:/opt/ros/lyrical/opt/gz_utils_vendor/lib:/opt/ros/lyrical/opt/rviz_ogre_vendor/lib:/opt/ros/lyrical/lib/x86_64-linux-gnu:/opt/ros/lyrical/opt/gz_cmake_vendor/lib:/opt/ros/lyrical/lib PYTHONPATH=/home/onur/autonomous_robot/build/my_robot_pkg/prefix_override:/usr/lib/python3/dist-packages/colcon_core/task/python/colcon_distutils_commands:/home/onur/autonomous_robot/install/my_robot_pkg/lib/python3.14/site-packages:/home/onur/autonomous_robot/install/webots_ros2_driver/lib/python3.14/site-packages:/home/onur/autonomous_robot/install/webots_ros2_msgs/lib/python3.14/site-packages:/home/onur/autonomous_robot/install/webots_ros2_importer/lib/python3.14/site-packages:/home/onur/autonomous_robot/install/webots_ros2/lib/python3.14/site-packages:/home/onur/autonomous_robot/install/webots_ros2_universal_robot/lib/python3.14/site-packages:/home/onur/autonomous_robot/install/webots_ros2_turtlebot/lib/python3.14/site-packages:/home/onur/autonomous_robot/install/webots_ros2_tiago/lib/python3.14/site-packages:/home/onur/autonomous_robot/install/webots_ros2_tests/lib/python3.14/site-packages:/home/onur/autonomous_robot/install/webots_ros2_tesla/lib/python3.14/site-packages:/home/onur/autonomous_robot/install/webots_ros2_mavic/lib/python3.14/site-packages:/home/onur/autonomous_robot/install/webots_ros2_husarion/lib/python3.14/site-packages:/home/onur/autonomous_robot/install/webots_ros2_epuck/lib/python3.14/site-packages:/home/onur/autonomous_robot/install/webots_ros2_crazyflie/lib/python3.14/site-packages:/home/onur/autonomous_robot/install/my_robot_pkg/lib/python3.14/site-packages:/opt/ros/lyrical/opt/sdformat_vendor/lib/python:/opt/ros/lyrical/opt/gz_math_vendor/lib/python:/opt/ros/lyrical/lib/python3.14/site-packages /usr/bin/python3 -W ignore:setup.py install is deprecated -W ignore:easy_install command is deprecated setup.py egg_info --egg-base ../../build/my_robot_pkg build --build-base /home/onur/autonomous_robot/build/my_robot_pkg/build install --record /home/onur/autonomous_robot/build/my_robot_pkg/install.log --install-scripts $base/lib/my_robot_pkg --single-version-externally-managed install_data
[-1789206751630289664.000s] DEBUG:colcon.colcon_core.event_handler.log_command:Invoked command in '/home/onur/autonomous_robot/src/my_robot_pkg' returned '0': AMENT_PREFIX_PATH=/home/onur/autonomous_robot/install/webots_ros2_importer:/home/onur/autonomous_robot/install/webots_ros2:/home/onur/autonomous_robot/install/webots_ros2_universal_robot:/home/onur/autonomous_robot/install/webots_ros2_turtlebot:/home/onur/autonomous_robot/install/webots_ros2_tiago:/home/onur/autonomous_robot/install/webots_ros2_tests:/home/onur/autonomous_robot/install/webots_ros2_tesla:/home/onur/autonomous_robot/install/webots_ros2_mavic:/home/onur/autonomous_robot/install/webots_ros2_husarion:/home/onur/autonomous_robot/install/webots_ros2_epuck:/home/onur/autonomous_robot/install/webots_ros2_crazyflie:/home/onur/autonomous_robot/install/webots_ros2_control:/home/onur/autonomous_robot/install/my_robot_pkg:/home/onur/autonomous_robot/install/webots_ros2_driver:/home/onur/autonomous_robot/install/webots_ros2_msgs:/opt/ros/lyrical CMAKE_PREFIX_PATH=/home/onur/autonomous_robot/install/webots_ros2_driver:/home/onur/autonomous_robot/install/webots_ros2_msgs:/home/onur/autonomous_robot/install/webots_ros2_control:/opt/ros/lyrical/opt/sdformat_vendor:/opt/ros/lyrical/opt/gz_tools_vendor:/opt/ros/lyrical/opt/gz_math_vendor:/opt/ros/lyrical/opt/gz_utils_vendor:/opt/ros/lyrical/opt/gz_cmake_vendor DEBUGINFOD_URLS=https://debuginfod.ubuntu.com LD_LIBRARY_PATH=/home/onur/autonomous_robot/install/webots_ros2_driver/lib:/home/onur/autonomous_robot/install/webots_ros2_msgs/lib:/home/onur/autonomous_robot/install/webots_ros2_control/lib:/opt/ros/lyrical/opt/sdformat_vendor/lib:/opt/ros/lyrical/opt/gz_tools_vendor/lib:/opt/ros/lyrical/opt/gz_math_vendor/lib:/opt/ros/lyrical/opt/gz_utils_vendor/lib:/opt/ros/lyrical/opt/rviz_ogre_vendor/lib:/opt/ros/lyrical/lib/x86_64-linux-gnu:/opt/ros/lyrical/opt/gz_cmake_vendor/lib:/opt/ros/lyrical/lib PYTHONPATH=/home/onur/autonomous_robot/build/my_robot_pkg/prefix_override:/usr/lib/python3/dist-packages/colcon_core/task/python/colcon_distutils_commands:/home/onur/autonomous_robot/install/my_robot_pkg/lib/python3.14/site-packages:/home/onur/autonomous_robot/install/webots_ros2_driver/lib/python3.14/site-packages:/home/onur/autonomous_robot/install/webots_ros2_msgs/lib/python3.14/site-packages:/home/onur/autonomous_robot/install/webots_ros2_importer/lib/python3.14/site-packages:/home/onur/autonomous_robot/install/webots_ros2/lib/python3.14/site-packages:/home/onur/autonomous_robot/install/webots_ros2_universal_robot/lib/python3.14/site-packages:/home/onur/autonomous_robot/install/webots_ros2_turtlebot/lib/python3.14/site-packages:/home/onur/autonomous_robot/install/webots_ros2_tiago/lib/python3.14/site-packages:/home/onur/autonomous_robot/install/webots_ros2_tests/lib/python3.14/site-packages:/home/onur/autonomous_robot/install/webots_ros2_tesla/lib/python3.14/site-packages:/home/onur/autonomous_robot/install/webots_ros2_mavic/lib/python3.14/site-packages:/home/onur/autonomous_robot/install/webots_ros2_husarion/lib/python3.14/site-packages:/home/onur/autonomous_robot/install/webots_ros2_epuck/lib/python3.14/site-packages:/home/onur/autonomous_robot/install/webots_ros2_crazyflie/lib/python3.14/site-packages:/home/onur/autonomous_robot/install/my_robot_pkg/lib/python3.14/site-packages:/opt/ros/lyrical/opt/sdformat_vendor/lib/python:/opt/ros/lyrical/opt/gz_math_vendor/lib/python:/opt/ros/lyrical/lib/python3.14/site-packages /usr/bin/python3 -W ignore:setup.py install is deprecated -W ignore:easy_install command is deprecated setup.py egg_info --egg-base ../../build/my_robot_pkg build --build-base /home/onur/autonomous_robot/build/my_robot_pkg/build install --record /home/onur/autonomous_robot/build/my_robot_pkg/install.log --install-scripts $base/lib/my_robot_pkg --single-version-externally-managed install_data
[-1789206751630289664.000s] Level 1:colcon.colcon_core.environment:checking '/home/onur/autonomous_robot/install/my_robot_pkg' for CMake module files
[-1789206751630289664.000s] Level 1:colcon.colcon_core.environment:checking '/home/onur/autonomous_robot/install/my_robot_pkg' for CMake config files
[-1789206751630289664.000s] Level 1:colcon.colcon_core.environment:checking '/home/onur/autonomous_robot/install/my_robot_pkg/lib'
[-1789206751630289664.000s] Level 1:colcon.colcon_core.environment:checking '/home/onur/autonomous_robot/install/my_robot_pkg/bin'
[-1789206751630289664.000s] Level 1:colcon.colcon_core.environment:checking '/home/onur/autonomous_robot/install/my_robot_pkg/lib/pkgconfig/my_robot_pkg.pc'
[-1789206751630289664.000s] Level 1:colcon.colcon_core.environment:checking '/home/onur/autonomous_robot/install/my_robot_pkg/lib/python3.14/site-packages'
[-1789206751630289664.000s] Level 1:colcon.colcon_core.shell:create_environment_hook('my_robot_pkg', 'pythonpath')
[-1789206751630289664.000s] INFO:colcon.colcon_core.shell:Creating environment hook '/home/onur/autonomous_robot/install/my_robot_pkg/share/my_robot_pkg/hook/pythonpath.ps1'
[-1789206751630289664.000s] INFO:colcon.colcon_core.shell:Creating environment descriptor '/home/onur/autonomous_robot/install/my_robot_pkg/share/my_robot_pkg/hook/pythonpath.dsv'
[-1789206751630289664.000s] INFO:colcon.colcon_core.shell:Creating environment hook '/home/onur/autonomous_robot/install/my_robot_pkg/share/my_robot_pkg/hook/pythonpath.sh'
[-1789206751630289664.000s] Level 1:colcon.colcon_core.environment:checking '/home/onur/autonomous_robot/install/my_robot_pkg/bin'
[-1789206751630289664.000s] Level 1:colcon.colcon_core.environment:create_environment_scripts_only(my_robot_pkg)
[-1789206751630289664.000s] INFO:colcon.colcon_core.shell:Creating package script '/home/onur/autonomous_robot/install/my_robot_pkg/share/my_robot_pkg/package.ps1'
[-1789206751630289664.000s] INFO:colcon.colcon_core.shell:Creating package descriptor '/home/onur/autonomous_robot/install/my_robot_pkg/share/my_robot_pkg/package.dsv'
[-1789206751630289664.000s] INFO:colcon.colcon_core.shell:Creating package script '/home/onur/autonomous_robot/install/my_robot_pkg/share/my_robot_pkg/package.sh'
[-1789206751630289664.000s] INFO:colcon.colcon_core.shell:Creating package script '/home/onur/autonomous_robot/install/my_robot_pkg/share/my_robot_pkg/package.bash'
[-1789206751630289664.000s] INFO:colcon.colcon_core.shell:Creating package script '/home/onur/autonomous_robot/install/my_robot_pkg/share/my_robot_pkg/package.zsh'
[-1789206751630289664.000s] Level 1:colcon.colcon_core.environment:create_file_with_runtime_dependencies(/home/onur/autonomous_robot/install/my_robot_pkg/share/colcon-core/packages/my_robot_pkg)
[-1789206751630289664.000s] DEBUG:colcon.colcon_parallel_executor.executor.parallel:closing loop
[-1789206751630289664.000s] DEBUG:colcon.colcon_parallel_executor.executor.parallel:loop closed
[-1789206751630289664.000s] DEBUG:colcon.colcon_parallel_executor.executor.parallel:run_until_complete finished with '0'
[-1789206751630289664.000s] DEBUG:colcon.colcon_core.event_reactor:joining thread
[-1789206751630289664.000s] INFO:colcon.colcon_core.plugin_system:Skipping extension 'colcon_notification.desktop_notification.terminal_notifier': Not used on non-Darwin systems
[-1789206751630289664.000s] INFO:colcon.colcon_core.plugin_system:Skipping extension 'colcon_notification.desktop_notification.win32': Not used on non-Windows systems
[-1789206751630289664.000s] INFO:colcon.colcon_notification.desktop_notification:Sending desktop notification using 'notify2'
[-1789206751630289664.000s] DEBUG:colcon.colcon_core.event_reactor:joined thread
[-1789206751630289664.000s] INFO:colcon.colcon_core.shell:Creating prefix script '/home/onur/autonomous_robot/install/local_setup.ps1'
[-1789206751630289664.000s] INFO:colcon.colcon_core.shell:Creating prefix util module '/home/onur/autonomous_robot/install/_local_setup_util_ps1.py'
[-1789206751630289664.000s] INFO:colcon.colcon_core.shell:Creating prefix chain script '/home/onur/autonomous_robot/install/setup.ps1'
[-1789206751630289664.000s] INFO:colcon.colcon_core.shell:Creating prefix script '/home/onur/autonomous_robot/install/local_setup.sh'
[-1789206751630289664.000s] INFO:colcon.colcon_core.shell:Creating prefix util module '/home/onur/autonomous_robot/install/_local_setup_util_sh.py'
[-1789206751630289664.000s] INFO:colcon.colcon_core.shell:Creating prefix chain script '/home/onur/autonomous_robot/install/setup.sh'
[-1789206751630289664.000s] INFO:colcon.colcon_core.shell:Creating prefix script '/home/onur/autonomous_robot/install/local_setup.bash'
[-1789206751630289664.000s] INFO:colcon.colcon_core.shell:Creating prefix chain script '/home/onur/autonomous_robot/install/setup.bash'
[-1789206751630289664.000s] INFO:colcon.colcon_core.shell:Creating prefix script '/home/onur/autonomous_robot/install/local_setup.zsh'
[-1789206751630289664.000s] INFO:colcon.colcon_core.shell:Creating prefix chain script '/home/onur/autonomous_robot/install/setup.zsh'
