/usr/lib/python3/dist-packages/setuptools/_distutils/dist.py:289: UserWarning: Unknown distribution option: 'tests_require'
  warnings.warn(msg)
running egg_info
creating ../../../build/webots_ros2_crazyflie/webots_ros2_crazyflie.egg-info
writing ../../../build/webots_ros2_crazyflie/webots_ros2_crazyflie.egg-info/PKG-INFO
writing dependency_links to ../../../build/webots_ros2_crazyflie/webots_ros2_crazyflie.egg-info/dependency_links.txt
writing entry points to ../../../build/webots_ros2_crazyflie/webots_ros2_crazyflie.egg-info/entry_points.txt
writing requirements to ../../../build/webots_ros2_crazyflie/webots_ros2_crazyflie.egg-info/requires.txt
writing top-level names to ../../../build/webots_ros2_crazyflie/webots_ros2_crazyflie.egg-info/top_level.txt
writing manifest file '../../../build/webots_ros2_crazyflie/webots_ros2_crazyflie.egg-info/SOURCES.txt'
reading manifest file '../../../build/webots_ros2_crazyflie/webots_ros2_crazyflie.egg-info/SOURCES.txt'
writing manifest file '../../../build/webots_ros2_crazyflie/webots_ros2_crazyflie.egg-info/SOURCES.txt'
running build
running build_py
creating /home/onur/autonomous_robot/build/webots_ros2_crazyflie/build/lib/webots_ros2_crazyflie
copying webots_ros2_crazyflie/crazyflie_driver.py -> /home/onur/autonomous_robot/build/webots_ros2_crazyflie/build/lib/webots_ros2_crazyflie
copying webots_ros2_crazyflie/__init__.py -> /home/onur/autonomous_robot/build/webots_ros2_crazyflie/build/lib/webots_ros2_crazyflie
running install
running install_lib
creating /home/onur/autonomous_robot/install/webots_ros2_crazyflie/lib/python3.14/site-packages/webots_ros2_crazyflie
copying /home/onur/autonomous_robot/build/webots_ros2_crazyflie/build/lib/webots_ros2_crazyflie/crazyflie_driver.py -> /home/onur/autonomous_robot/install/webots_ros2_crazyflie/lib/python3.14/site-packages/webots_ros2_crazyflie
copying /home/onur/autonomous_robot/build/webots_ros2_crazyflie/build/lib/webots_ros2_crazyflie/__init__.py -> /home/onur/autonomous_robot/install/webots_ros2_crazyflie/lib/python3.14/site-packages/webots_ros2_crazyflie
byte-compiling /home/onur/autonomous_robot/install/webots_ros2_crazyflie/lib/python3.14/site-packages/webots_ros2_crazyflie/crazyflie_driver.py to crazyflie_driver.cpython-314.pyc
byte-compiling /home/onur/autonomous_robot/install/webots_ros2_crazyflie/lib/python3.14/site-packages/webots_ros2_crazyflie/__init__.py to __init__.cpython-314.pyc
running install_data
creating /home/onur/autonomous_robot/install/webots_ros2_crazyflie/share/ament_index/resource_index/packages
copying resource/webots_ros2_crazyflie -> /home/onur/autonomous_robot/install/webots_ros2_crazyflie/share/ament_index/resource_index/packages
creating /home/onur/autonomous_robot/install/webots_ros2_crazyflie/share/webots_ros2_crazyflie/launch
copying launch/robot_launch.py -> /home/onur/autonomous_robot/install/webots_ros2_crazyflie/share/webots_ros2_crazyflie/launch
creating /home/onur/autonomous_robot/install/webots_ros2_crazyflie/share/webots_ros2_crazyflie/worlds
copying worlds/crazyflie_apartment.wbt -> /home/onur/autonomous_robot/install/webots_ros2_crazyflie/share/webots_ros2_crazyflie/worlds
copying worlds/.crazyflie_apartment.wbproj -> /home/onur/autonomous_robot/install/webots_ros2_crazyflie/share/webots_ros2_crazyflie/worlds
creating /home/onur/autonomous_robot/install/webots_ros2_crazyflie/share/webots_ros2_crazyflie/resource
copying resource/crazyflie_webots.urdf -> /home/onur/autonomous_robot/install/webots_ros2_crazyflie/share/webots_ros2_crazyflie/resource
copying package.xml -> /home/onur/autonomous_robot/install/webots_ros2_crazyflie/share/webots_ros2_crazyflie
running install_egg_info
Copying ../../../build/webots_ros2_crazyflie/webots_ros2_crazyflie.egg-info to /home/onur/autonomous_robot/install/webots_ros2_crazyflie/lib/python3.14/site-packages/webots_ros2_crazyflie-2025.0.1-py3.14.egg-info
running install_scripts
Installing crazyflie_driver script to /home/onur/autonomous_robot/install/webots_ros2_crazyflie/lib/webots_ros2_crazyflie
writing list of installed files to '/home/onur/autonomous_robot/build/webots_ros2_crazyflie/install.log'
