[1.128s] Invoking command in '/home/onur/autonomous_robot/src/webots_ros2/webots_ros2_turtlebot': AMENT_PREFIX_PATH=/home/onur/autonomous_robot/install/webots_ros2_control:/home/onur/autonomous_robot/install/webots_ros2_driver:/home/onur/autonomous_robot/install/webots_ros2_msgs:/home/onur/autonomous_robot/install/webots_ros2_importer:${AMENT_PREFIX_PATH} CMAKE_PREFIX_PATH=/home/onur/autonomous_robot/install/webots_ros2_control:/home/onur/autonomous_robot/install/webots_ros2_driver:/home/onur/autonomous_robot/install/webots_ros2_msgs:${CMAKE_PREFIX_PATH} DEBUGINFOD_URLS=https://debuginfod.ubuntu.com LD_LIBRARY_PATH=/home/onur/autonomous_robot/install/webots_ros2_control/lib:/home/onur/autonomous_robot/install/webots_ros2_driver/lib:/home/onur/autonomous_robot/install/webots_ros2_msgs/lib:${LD_LIBRARY_PATH} PYTHONPATH=/home/onur/autonomous_robot/build/webots_ros2_turtlebot/prefix_override:/usr/lib/python3/dist-packages/colcon_core/task/python/colcon_distutils_commands:/home/onur/autonomous_robot/install/webots_ros2_turtlebot/lib/python3.14/site-packages:/home/onur/autonomous_robot/install/webots_ros2_driver/lib/python3.14/site-packages:/home/onur/autonomous_robot/install/webots_ros2_msgs/lib/python3.14/site-packages:/home/onur/autonomous_robot/install/webots_ros2_importer/lib/python3.14/site-packages:${PYTHONPATH} /usr/bin/python3 -W ignore:setup.py install is deprecated -W ignore:easy_install command is deprecated setup.py egg_info --egg-base ../../../build/webots_ros2_turtlebot build --build-base /home/onur/autonomous_robot/build/webots_ros2_turtlebot/build install --record /home/onur/autonomous_robot/build/webots_ros2_turtlebot/install.log --install-scripts $base/lib/webots_ros2_turtlebot --single-version-externally-managed install_data
[1.241s] /usr/lib/python3/dist-packages/setuptools/_distutils/dist.py:289: UserWarning: Unknown distribution option: 'tests_require'
[1.241s]   warnings.warn(msg)
[1.264s] /usr/lib/python3/dist-packages/setuptools/dist.py:759: SetuptoolsDeprecationWarning: License classifiers are deprecated.
[1.264s] !!
[1.264s] 
[1.265s]         ********************************************************************************
[1.265s]         Please consider removing the following classifiers in favor of a SPDX license expression:
[1.265s] 
[1.265s]         License :: OSI Approved :: Apache Software License
[1.265s] 
[1.265s]         See https://packaging.python.org/en/latest/guides/writing-pyproject-toml/#license for details.
[1.265s]         ********************************************************************************
[1.265s] 
[1.265s] !!
[1.265s]   self._finalize_license_expression()
[1.312s] running egg_info
[1.323s] creating ../../../build/webots_ros2_turtlebot/webots_ros2_turtlebot.egg-info
[1.323s] writing ../../../build/webots_ros2_turtlebot/webots_ros2_turtlebot.egg-info/PKG-INFO
[1.324s] writing dependency_links to ../../../build/webots_ros2_turtlebot/webots_ros2_turtlebot.egg-info/dependency_links.txt
[1.324s] writing entry points to ../../../build/webots_ros2_turtlebot/webots_ros2_turtlebot.egg-info/entry_points.txt
[1.324s] writing requirements to ../../../build/webots_ros2_turtlebot/webots_ros2_turtlebot.egg-info/requires.txt
[1.324s] writing top-level names to ../../../build/webots_ros2_turtlebot/webots_ros2_turtlebot.egg-info/top_level.txt
[1.324s] writing manifest file '../../../build/webots_ros2_turtlebot/webots_ros2_turtlebot.egg-info/SOURCES.txt'
[1.348s] reading manifest file '../../../build/webots_ros2_turtlebot/webots_ros2_turtlebot.egg-info/SOURCES.txt'
[1.349s] writing manifest file '../../../build/webots_ros2_turtlebot/webots_ros2_turtlebot.egg-info/SOURCES.txt'
[1.349s] running build
[1.349s] running build_py
[1.349s] creating /home/onur/autonomous_robot/build/webots_ros2_turtlebot/build/lib/webots_ros2_turtlebot
[1.349s] copying webots_ros2_turtlebot/__init__.py -> /home/onur/autonomous_robot/build/webots_ros2_turtlebot/build/lib/webots_ros2_turtlebot
[1.349s] copying webots_ros2_turtlebot/plugin_example.py -> /home/onur/autonomous_robot/build/webots_ros2_turtlebot/build/lib/webots_ros2_turtlebot
[1.349s] running install
[1.352s] running install_lib
[1.364s] creating /home/onur/autonomous_robot/install/webots_ros2_turtlebot/lib/python3.14/site-packages/webots_ros2_turtlebot
[1.364s] copying /home/onur/autonomous_robot/build/webots_ros2_turtlebot/build/lib/webots_ros2_turtlebot/__init__.py -> /home/onur/autonomous_robot/install/webots_ros2_turtlebot/lib/python3.14/site-packages/webots_ros2_turtlebot
[1.364s] copying /home/onur/autonomous_robot/build/webots_ros2_turtlebot/build/lib/webots_ros2_turtlebot/plugin_example.py -> /home/onur/autonomous_robot/install/webots_ros2_turtlebot/lib/python3.14/site-packages/webots_ros2_turtlebot
[1.364s] byte-compiling /home/onur/autonomous_robot/install/webots_ros2_turtlebot/lib/python3.14/site-packages/webots_ros2_turtlebot/__init__.py to __init__.cpython-314.pyc
[1.365s] byte-compiling /home/onur/autonomous_robot/install/webots_ros2_turtlebot/lib/python3.14/site-packages/webots_ros2_turtlebot/plugin_example.py to plugin_example.cpython-314.pyc
[1.365s] running install_data
[1.365s] creating /home/onur/autonomous_robot/install/webots_ros2_turtlebot/share/ament_index/resource_index/packages
[1.365s] copying resource/webots_ros2_turtlebot -> /home/onur/autonomous_robot/install/webots_ros2_turtlebot/share/ament_index/resource_index/packages
[1.366s] creating /home/onur/autonomous_robot/install/webots_ros2_turtlebot/share/webots_ros2_turtlebot/launch
[1.366s] copying launch/robot_launch.py -> /home/onur/autonomous_robot/install/webots_ros2_turtlebot/share/webots_ros2_turtlebot/launch
[1.366s] creating /home/onur/autonomous_robot/install/webots_ros2_turtlebot/share/webots_ros2_turtlebot/resource
[1.366s] copying resource/turtlebot3_burger_example_map.pgm -> /home/onur/autonomous_robot/install/webots_ros2_turtlebot/share/webots_ros2_turtlebot/resource
[1.366s] copying resource/turtlebot3_burger_example_map.yaml -> /home/onur/autonomous_robot/install/webots_ros2_turtlebot/share/webots_ros2_turtlebot/resource
[1.367s] copying resource/turtlebot_webots.urdf -> /home/onur/autonomous_robot/install/webots_ros2_turtlebot/share/webots_ros2_turtlebot/resource
[1.367s] copying resource/ros2control.yml -> /home/onur/autonomous_robot/install/webots_ros2_turtlebot/share/webots_ros2_turtlebot/resource
[1.367s] copying resource/nav2_params.yaml -> /home/onur/autonomous_robot/install/webots_ros2_turtlebot/share/webots_ros2_turtlebot/resource
[1.367s] creating /home/onur/autonomous_robot/install/webots_ros2_turtlebot/share/webots_ros2_turtlebot/worlds
[1.367s] copying worlds/turtlebot3_burger_example.wbt -> /home/onur/autonomous_robot/install/webots_ros2_turtlebot/share/webots_ros2_turtlebot/worlds
[1.367s] copying worlds/.turtlebot3_burger_example.wbproj -> /home/onur/autonomous_robot/install/webots_ros2_turtlebot/share/webots_ros2_turtlebot/worlds
[1.367s] copying package.xml -> /home/onur/autonomous_robot/install/webots_ros2_turtlebot/share/webots_ros2_turtlebot
[1.367s] running install_egg_info
[1.378s] Copying ../../../build/webots_ros2_turtlebot/webots_ros2_turtlebot.egg-info to /home/onur/autonomous_robot/install/webots_ros2_turtlebot/lib/python3.14/site-packages/webots_ros2_turtlebot-2025.0.1-py3.14.egg-info
[1.378s] running install_scripts
[1.438s] writing list of installed files to '/home/onur/autonomous_robot/build/webots_ros2_turtlebot/install.log'
[1.474s] Invoked command in '/home/onur/autonomous_robot/src/webots_ros2/webots_ros2_turtlebot' returned '0': AMENT_PREFIX_PATH=/home/onur/autonomous_robot/install/webots_ros2_control:/home/onur/autonomous_robot/install/webots_ros2_driver:/home/onur/autonomous_robot/install/webots_ros2_msgs:/home/onur/autonomous_robot/install/webots_ros2_importer:${AMENT_PREFIX_PATH} CMAKE_PREFIX_PATH=/home/onur/autonomous_robot/install/webots_ros2_control:/home/onur/autonomous_robot/install/webots_ros2_driver:/home/onur/autonomous_robot/install/webots_ros2_msgs:${CMAKE_PREFIX_PATH} DEBUGINFOD_URLS=https://debuginfod.ubuntu.com LD_LIBRARY_PATH=/home/onur/autonomous_robot/install/webots_ros2_control/lib:/home/onur/autonomous_robot/install/webots_ros2_driver/lib:/home/onur/autonomous_robot/install/webots_ros2_msgs/lib:${LD_LIBRARY_PATH} PYTHONPATH=/home/onur/autonomous_robot/build/webots_ros2_turtlebot/prefix_override:/usr/lib/python3/dist-packages/colcon_core/task/python/colcon_distutils_commands:/home/onur/autonomous_robot/install/webots_ros2_turtlebot/lib/python3.14/site-packages:/home/onur/autonomous_robot/install/webots_ros2_driver/lib/python3.14/site-packages:/home/onur/autonomous_robot/install/webots_ros2_msgs/lib/python3.14/site-packages:/home/onur/autonomous_robot/install/webots_ros2_importer/lib/python3.14/site-packages:${PYTHONPATH} /usr/bin/python3 -W ignore:setup.py install is deprecated -W ignore:easy_install command is deprecated setup.py egg_info --egg-base ../../../build/webots_ros2_turtlebot build --build-base /home/onur/autonomous_robot/build/webots_ros2_turtlebot/build install --record /home/onur/autonomous_robot/build/webots_ros2_turtlebot/install.log --install-scripts $base/lib/webots_ros2_turtlebot --single-version-externally-managed install_data
