/home/onur/autonomous_robot/install/webots_ros2_tiago/share/ament_index/resource_index/packages/webots_ros2_tiago
/home/onur/autonomous_robot/install/webots_ros2_tiago/share/webots_ros2_tiago/launch/robot_launch.py
/home/onur/autonomous_robot/install/webots_ros2_tiago/share/webots_ros2_tiago/launch/robot_bringup_launch.py
/home/onur/autonomous_robot/install/webots_ros2_tiago/share/webots_ros2_tiago/resource/tiago_webots.urdf
/home/onur/autonomous_robot/install/webots_ros2_tiago/share/webots_ros2_tiago/resource/tiago_bringup_webots.urdf
/home/onur/autonomous_robot/install/webots_ros2_tiago/share/webots_ros2_tiago/resource/ros2_control.yml
/home/onur/autonomous_robot/install/webots_ros2_tiago/share/webots_ros2_tiago/resource/ros2_control_bringup.yml
/home/onur/autonomous_robot/install/webots_ros2_tiago/share/webots_ros2_tiago/resource/nav2_params.yaml
/home/onur/autonomous_robot/install/webots_ros2_tiago/share/webots_ros2_tiago/resource/nav2_params_iron.yaml
/home/onur/autonomous_robot/install/webots_ros2_tiago/share/webots_ros2_tiago/resource/default.rviz
/home/onur/autonomous_robot/install/webots_ros2_tiago/share/webots_ros2_tiago/resource/default_bringup.rviz
/home/onur/autonomous_robot/install/webots_ros2_tiago/share/webots_ros2_tiago/resource/map.pgm
/home/onur/autonomous_robot/install/webots_ros2_tiago/share/webots_ros2_tiago/resource/map.yaml
/home/onur/autonomous_robot/install/webots_ros2_tiago/share/webots_ros2_tiago/resource/cartographer.lua
/home/onur/autonomous_robot/install/webots_ros2_tiago/share/webots_ros2_tiago/resource/slam_toolbox_params.yaml
/home/onur/autonomous_robot/install/webots_ros2_tiago/share/webots_ros2_tiago/package.xml
/home/onur/autonomous_robot/install/webots_ros2_tiago/share/webots_ros2_tiago/worlds/default.wbt
/home/onur/autonomous_robot/install/webots_ros2_tiago/share/webots_ros2_tiago/worlds/.default.wbproj
/home/onur/autonomous_robot/install/webots_ros2_tiago/share/webots_ros2_tiago/worlds/default_bringup.wbt
/home/onur/autonomous_robot/install/webots_ros2_tiago/share/webots_ros2_tiago/worlds/.default_bringup.wbproj
/home/onur/autonomous_robot/install/webots_ros2_tiago/lib/python3.14/site-packages/webots_ros2_tiago-2025.0.1-py3.14.egg-info/entry_points.txt
/home/onur/autonomous_robot/install/webots_ros2_tiago/lib/python3.14/site-packages/webots_ros2_tiago-2025.0.1-py3.14.egg-info/requires.txt
/home/onur/autonomous_robot/install/webots_ros2_tiago/lib/python3.14/site-packages/webots_ros2_tiago-2025.0.1-py3.14.egg-info/dependency_links.txt
/home/onur/autonomous_robot/install/webots_ros2_tiago/lib/python3.14/site-packages/webots_ros2_tiago-2025.0.1-py3.14.egg-info/PKG-INFO
/home/onur/autonomous_robot/install/webots_ros2_tiago/lib/python3.14/site-packages/webots_ros2_tiago-2025.0.1-py3.14.egg-info/SOURCES.txt
/home/onur/autonomous_robot/install/webots_ros2_tiago/lib/python3.14/site-packages/webots_ros2_tiago-2025.0.1-py3.14.egg-info/zip-safe
/home/onur/autonomous_robot/install/webots_ros2_tiago/lib/python3.14/site-packages/webots_ros2_tiago-2025.0.1-py3.14.egg-info/top_level.txt
