/home/onur/autonomous_robot/install/webots_ros2_turtlebot/lib/python3.14/site-packages/webots_ros2_turtlebot/__init__.py
/home/onur/autonomous_robot/install/webots_ros2_turtlebot/lib/python3.14/site-packages/webots_ros2_turtlebot/plugin_example.py
/home/onur/autonomous_robot/install/webots_ros2_turtlebot/lib/python3.14/site-packages/webots_ros2_turtlebot/__pycache__/__init__.cpython-314.pyc
/home/onur/autonomous_robot/install/webots_ros2_turtlebot/lib/python3.14/site-packages/webots_ros2_turtlebot/__pycache__/plugin_example.cpython-314.pyc
/home/onur/autonomous_robot/install/webots_ros2_turtlebot/share/ament_index/resource_index/packages/webots_ros2_turtlebot
/home/onur/autonomous_robot/install/webots_ros2_turtlebot/share/webots_ros2_turtlebot/launch/robot_launch.py
/home/onur/autonomous_robot/install/webots_ros2_turtlebot/share/webots_ros2_turtlebot/resource/turtlebot3_burger_example_map.pgm
/home/onur/autonomous_robot/install/webots_ros2_turtlebot/share/webots_ros2_turtlebot/resource/turtlebot3_burger_example_map.yaml
/home/onur/autonomous_robot/install/webots_ros2_turtlebot/share/webots_ros2_turtlebot/resource/turtlebot_webots.urdf
/home/onur/autonomous_robot/install/webots_ros2_turtlebot/share/webots_ros2_turtlebot/resource/ros2control.yml
/home/onur/autonomous_robot/install/webots_ros2_turtlebot/share/webots_ros2_turtlebot/resource/nav2_params.yaml
/home/onur/autonomous_robot/install/webots_ros2_turtlebot/share/webots_ros2_turtlebot/worlds/turtlebot3_burger_example.wbt
/home/onur/autonomous_robot/install/webots_ros2_turtlebot/share/webots_ros2_turtlebot/worlds/.turtlebot3_burger_example.wbproj
/home/onur/autonomous_robot/install/webots_ros2_turtlebot/share/webots_ros2_turtlebot/package.xml
/home/onur/autonomous_robot/install/webots_ros2_turtlebot/lib/python3.14/site-packages/webots_ros2_turtlebot-2025.0.1-py3.14.egg-info/entry_points.txt
/home/onur/autonomous_robot/install/webots_ros2_turtlebot/lib/python3.14/site-packages/webots_ros2_turtlebot-2025.0.1-py3.14.egg-info/requires.txt
/home/onur/autonomous_robot/install/webots_ros2_turtlebot/lib/python3.14/site-packages/webots_ros2_turtlebot-2025.0.1-py3.14.egg-info/dependency_links.txt
/home/onur/autonomous_robot/install/webots_ros2_turtlebot/lib/python3.14/site-packages/webots_ros2_turtlebot-2025.0.1-py3.14.egg-info/PKG-INFO
/home/onur/autonomous_robot/install/webots_ros2_turtlebot/lib/python3.14/site-packages/webots_ros2_turtlebot-2025.0.1-py3.14.egg-info/SOURCES.txt
/home/onur/autonomous_robot/install/webots_ros2_turtlebot/lib/python3.14/site-packages/webots_ros2_turtlebot-2025.0.1-py3.14.egg-info/zip-safe
/home/onur/autonomous_robot/install/webots_ros2_turtlebot/lib/python3.14/site-packages/webots_ros2_turtlebot-2025.0.1-py3.14.egg-info/top_level.txt
