/home/onur/autonomous_robot/install/webots_ros2_husarion/lib/python3.14/site-packages/webots_ros2_husarion/__init__.py
/home/onur/autonomous_robot/install/webots_ros2_husarion/lib/python3.14/site-packages/webots_ros2_husarion/__pycache__/__init__.cpython-314.pyc
/home/onur/autonomous_robot/install/webots_ros2_husarion/share/ament_index/resource_index/packages/webots_ros2_husarion
/home/onur/autonomous_robot/install/webots_ros2_husarion/share/webots_ros2_husarion/launch/rosbot_launch.py
/home/onur/autonomous_robot/install/webots_ros2_husarion/share/webots_ros2_husarion/launch/rosbot_xl_launch.py
/home/onur/autonomous_robot/install/webots_ros2_husarion/share/webots_ros2_husarion/resource/rosbot_controllers.yaml
/home/onur/autonomous_robot/install/webots_ros2_husarion/share/webots_ros2_husarion/resource/rosbot_xl_controllers.yaml
/home/onur/autonomous_robot/install/webots_ros2_husarion/share/webots_ros2_husarion/resource/ekf.yaml
/home/onur/autonomous_robot/install/webots_ros2_husarion/share/webots_ros2_husarion/resource/laser_filter.yaml
/home/onur/autonomous_robot/install/webots_ros2_husarion/share/webots_ros2_husarion/resource/rosbot_webots.urdf
/home/onur/autonomous_robot/install/webots_ros2_husarion/share/webots_ros2_husarion/resource/rosbot_links_remappings.yaml
/home/onur/autonomous_robot/install/webots_ros2_husarion/share/webots_ros2_husarion/worlds/rosbot.wbt
/home/onur/autonomous_robot/install/webots_ros2_husarion/share/webots_ros2_husarion/worlds/rosbot_xl.wbt
/home/onur/autonomous_robot/install/webots_ros2_husarion/share/webots_ros2_husarion/worlds/meshes/husarion_world.dae
/home/onur/autonomous_robot/install/webots_ros2_husarion/share/webots_ros2_husarion/package.xml
/home/onur/autonomous_robot/install/webots_ros2_husarion/lib/python3.14/site-packages/webots_ros2_husarion-2025.0.1-py3.14.egg-info/requires.txt
/home/onur/autonomous_robot/install/webots_ros2_husarion/lib/python3.14/site-packages/webots_ros2_husarion-2025.0.1-py3.14.egg-info/dependency_links.txt
/home/onur/autonomous_robot/install/webots_ros2_husarion/lib/python3.14/site-packages/webots_ros2_husarion-2025.0.1-py3.14.egg-info/PKG-INFO
/home/onur/autonomous_robot/install/webots_ros2_husarion/lib/python3.14/site-packages/webots_ros2_husarion-2025.0.1-py3.14.egg-info/SOURCES.txt
/home/onur/autonomous_robot/install/webots_ros2_husarion/lib/python3.14/site-packages/webots_ros2_husarion-2025.0.1-py3.14.egg-info/zip-safe
/home/onur/autonomous_robot/install/webots_ros2_husarion/lib/python3.14/site-packages/webots_ros2_husarion-2025.0.1-py3.14.egg-info/top_level.txt
