[1.133s] Invoking command in '/home/onur/autonomous_robot/src/webots_ros2/webots_ros2_universal_robot': AMENT_PREFIX_PATH=/home/onur/autonomous_robot/install/webots_ros2_control:/home/onur/autonomous_robot/install/webots_ros2_driver:/home/onur/autonomous_robot/install/webots_ros2_msgs:/home/onur/autonomous_robot/install/webots_ros2_importer:${AMENT_PREFIX_PATH} CMAKE_PREFIX_PATH=/home/onur/autonomous_robot/install/webots_ros2_control:/home/onur/autonomous_robot/install/webots_ros2_driver:/home/onur/autonomous_robot/install/webots_ros2_msgs:${CMAKE_PREFIX_PATH} DEBUGINFOD_URLS=https://debuginfod.ubuntu.com LD_LIBRARY_PATH=/home/onur/autonomous_robot/install/webots_ros2_control/lib:/home/onur/autonomous_robot/install/webots_ros2_driver/lib:/home/onur/autonomous_robot/install/webots_ros2_msgs/lib:${LD_LIBRARY_PATH} PYTHONPATH=/home/onur/autonomous_robot/build/webots_ros2_universal_robot/prefix_override:/usr/lib/python3/dist-packages/colcon_core/task/python/colcon_distutils_commands:/home/onur/autonomous_robot/install/webots_ros2_universal_robot/lib/python3.14/site-packages:/home/onur/autonomous_robot/install/webots_ros2_driver/lib/python3.14/site-packages:/home/onur/autonomous_robot/install/webots_ros2_msgs/lib/python3.14/site-packages:/home/onur/autonomous_robot/install/webots_ros2_importer/lib/python3.14/site-packages:${PYTHONPATH} /usr/bin/python3 -W ignore:setup.py install is deprecated -W ignore:easy_install command is deprecated setup.py egg_info --egg-base ../../../build/webots_ros2_universal_robot build --build-base /home/onur/autonomous_robot/build/webots_ros2_universal_robot/build install --record /home/onur/autonomous_robot/build/webots_ros2_universal_robot/install.log --install-scripts $base/lib/webots_ros2_universal_robot --single-version-externally-managed install_data
[1.250s] /usr/lib/python3/dist-packages/setuptools/_distutils/dist.py:289: UserWarning: Unknown distribution option: 'tests_require'
[1.250s]   warnings.warn(msg)
[1.273s] /usr/lib/python3/dist-packages/setuptools/dist.py:759: SetuptoolsDeprecationWarning: License classifiers are deprecated.
[1.273s] !!
[1.273s] 
[1.273s]         ********************************************************************************
[1.273s]         Please consider removing the following classifiers in favor of a SPDX license expression:
[1.273s] 
[1.273s]         License :: OSI Approved :: Apache Software License
[1.273s] 
[1.273s]         See https://packaging.python.org/en/latest/guides/writing-pyproject-toml/#license for details.
[1.274s]         ********************************************************************************
[1.274s] 
[1.274s] !!
[1.274s]   self._finalize_license_expression()
[1.321s] running egg_info
[1.332s] creating ../../../build/webots_ros2_universal_robot/webots_ros2_universal_robot.egg-info
[1.332s] writing ../../../build/webots_ros2_universal_robot/webots_ros2_universal_robot.egg-info/PKG-INFO
[1.333s] writing dependency_links to ../../../build/webots_ros2_universal_robot/webots_ros2_universal_robot.egg-info/dependency_links.txt
[1.333s] writing entry points to ../../../build/webots_ros2_universal_robot/webots_ros2_universal_robot.egg-info/entry_points.txt
[1.333s] writing requirements to ../../../build/webots_ros2_universal_robot/webots_ros2_universal_robot.egg-info/requires.txt
[1.333s] writing top-level names to ../../../build/webots_ros2_universal_robot/webots_ros2_universal_robot.egg-info/top_level.txt
[1.333s] writing manifest file '../../../build/webots_ros2_universal_robot/webots_ros2_universal_robot.egg-info/SOURCES.txt'
[1.358s] reading manifest file '../../../build/webots_ros2_universal_robot/webots_ros2_universal_robot.egg-info/SOURCES.txt'
[1.358s] writing manifest file '../../../build/webots_ros2_universal_robot/webots_ros2_universal_robot.egg-info/SOURCES.txt'
[1.358s] running build
[1.358s] running build_py
[1.358s] creating /home/onur/autonomous_robot/build/webots_ros2_universal_robot/build/lib/webots_ros2_universal_robot
[1.358s] copying webots_ros2_universal_robot/follow_joint_trajectory_client.py -> /home/onur/autonomous_robot/build/webots_ros2_universal_robot/build/lib/webots_ros2_universal_robot
[1.358s] copying webots_ros2_universal_robot/ur5e_controller.py -> /home/onur/autonomous_robot/build/webots_ros2_universal_robot/build/lib/webots_ros2_universal_robot
[1.359s] copying webots_ros2_universal_robot/abb_controller.py -> /home/onur/autonomous_robot/build/webots_ros2_universal_robot/build/lib/webots_ros2_universal_robot
[1.359s] copying webots_ros2_universal_robot/__init__.py -> /home/onur/autonomous_robot/build/webots_ros2_universal_robot/build/lib/webots_ros2_universal_robot
[1.359s] running install
[1.362s] running install_lib
[1.373s] creating /home/onur/autonomous_robot/install/webots_ros2_universal_robot/lib/python3.14/site-packages/webots_ros2_universal_robot
[1.374s] copying /home/onur/autonomous_robot/build/webots_ros2_universal_robot/build/lib/webots_ros2_universal_robot/follow_joint_trajectory_client.py -> /home/onur/autonomous_robot/install/webots_ros2_universal_robot/lib/python3.14/site-packages/webots_ros2_universal_robot
[1.374s] copying /home/onur/autonomous_robot/build/webots_ros2_universal_robot/build/lib/webots_ros2_universal_robot/ur5e_controller.py -> /home/onur/autonomous_robot/install/webots_ros2_universal_robot/lib/python3.14/site-packages/webots_ros2_universal_robot
[1.374s] copying /home/onur/autonomous_robot/build/webots_ros2_universal_robot/build/lib/webots_ros2_universal_robot/abb_controller.py -> /home/onur/autonomous_robot/install/webots_ros2_universal_robot/lib/python3.14/site-packages/webots_ros2_universal_robot
[1.374s] copying /home/onur/autonomous_robot/build/webots_ros2_universal_robot/build/lib/webots_ros2_universal_robot/__init__.py -> /home/onur/autonomous_robot/install/webots_ros2_universal_robot/lib/python3.14/site-packages/webots_ros2_universal_robot
[1.374s] byte-compiling /home/onur/autonomous_robot/install/webots_ros2_universal_robot/lib/python3.14/site-packages/webots_ros2_universal_robot/follow_joint_trajectory_client.py to follow_joint_trajectory_client.cpython-314.pyc
[1.375s] byte-compiling /home/onur/autonomous_robot/install/webots_ros2_universal_robot/lib/python3.14/site-packages/webots_ros2_universal_robot/ur5e_controller.py to ur5e_controller.cpython-314.pyc
[1.375s] byte-compiling /home/onur/autonomous_robot/install/webots_ros2_universal_robot/lib/python3.14/site-packages/webots_ros2_universal_robot/abb_controller.py to abb_controller.cpython-314.pyc
[1.375s] byte-compiling /home/onur/autonomous_robot/install/webots_ros2_universal_robot/lib/python3.14/site-packages/webots_ros2_universal_robot/__init__.py to __init__.cpython-314.pyc
[1.376s] running install_data
[1.376s] creating /home/onur/autonomous_robot/install/webots_ros2_universal_robot/share/ament_index/resource_index/packages
[1.376s] copying resource/webots_ros2_universal_robot -> /home/onur/autonomous_robot/install/webots_ros2_universal_robot/share/ament_index/resource_index/packages
[1.376s] creating /home/onur/autonomous_robot/install/webots_ros2_universal_robot/share/webots_ros2_universal_robot/launch
[1.376s] copying launch/robot_launch/robot_nodes_launch.py -> /home/onur/autonomous_robot/install/webots_ros2_universal_robot/share/webots_ros2_universal_robot/launch
[1.376s] copying launch/robot_launch/robot_world_launch.py -> /home/onur/autonomous_robot/install/webots_ros2_universal_robot/share/webots_ros2_universal_robot/launch
[1.376s] copying launch/robot_launch/robot_moveit_nodes_launch.py -> /home/onur/autonomous_robot/install/webots_ros2_universal_robot/share/webots_ros2_universal_robot/launch
[1.376s] copying launch/multirobot_launch.py -> /home/onur/autonomous_robot/install/webots_ros2_universal_robot/share/webots_ros2_universal_robot/launch
[1.376s] creating /home/onur/autonomous_robot/install/webots_ros2_universal_robot/share/webots_ros2_universal_robot/worlds
[1.377s] copying worlds/universal_robot.wbt -> /home/onur/autonomous_robot/install/webots_ros2_universal_robot/share/webots_ros2_universal_robot/worlds
[1.377s] copying worlds/.universal_robot.wbproj -> /home/onur/autonomous_robot/install/webots_ros2_universal_robot/share/webots_ros2_universal_robot/worlds
[1.377s] copying worlds/robotic_arms.wbt -> /home/onur/autonomous_robot/install/webots_ros2_universal_robot/share/webots_ros2_universal_robot/worlds
[1.377s] copying worlds/.robotic_arms.wbproj -> /home/onur/autonomous_robot/install/webots_ros2_universal_robot/share/webots_ros2_universal_robot/worlds
[1.377s] copying package.xml -> /home/onur/autonomous_robot/install/webots_ros2_universal_robot/share/webots_ros2_universal_robot
[1.377s] creating /home/onur/autonomous_robot/install/webots_ros2_universal_robot/share/webots_ros2_universal_robot/resource
[1.377s] copying resource/moveit_movegroup.yaml -> /home/onur/autonomous_robot/install/webots_ros2_universal_robot/share/webots_ros2_universal_robot/resource
[1.377s] copying resource/ros2_control_abb_config.yaml -> /home/onur/autonomous_robot/install/webots_ros2_universal_robot/share/webots_ros2_universal_robot/resource
[1.377s] copying resource/moveit_visualization.rviz -> /home/onur/autonomous_robot/install/webots_ros2_universal_robot/share/webots_ros2_universal_robot/resource
[1.377s] copying resource/ros2_control_config.yaml -> /home/onur/autonomous_robot/install/webots_ros2_universal_robot/share/webots_ros2_universal_robot/resource
[1.378s] copying resource/ur5e_with_gripper.urdf -> /home/onur/autonomous_robot/install/webots_ros2_universal_robot/share/webots_ros2_universal_robot/resource
[1.378s] copying resource/moveit_kinematics.yaml -> /home/onur/autonomous_robot/install/webots_ros2_universal_robot/share/webots_ros2_universal_robot/resource
[1.378s] copying resource/moveit_controllers.yaml -> /home/onur/autonomous_robot/install/webots_ros2_universal_robot/share/webots_ros2_universal_robot/resource
[1.378s] copying resource/ur5e_with_gripper.urdf.xacro -> /home/onur/autonomous_robot/install/webots_ros2_universal_robot/share/webots_ros2_universal_robot/resource
[1.378s] copying resource/webots_abb_description.urdf -> /home/onur/autonomous_robot/install/webots_ros2_universal_robot/share/webots_ros2_universal_robot/resource
[1.378s] copying resource/moveit_ur5e.srdf -> /home/onur/autonomous_robot/install/webots_ros2_universal_robot/share/webots_ros2_universal_robot/resource
[1.378s] creating /home/onur/autonomous_robot/install/webots_ros2_universal_robot/share/webots_ros2_universal_robot/resource/robotiq/robotiq_3f_gripper_visualization/meshes/robotiq-3f-gripper_articulated/visual
[1.378s] copying resource/robotiq/robotiq_3f_gripper_visualization/meshes/robotiq-3f-gripper_articulated/visual/link_0.dae -> /home/onur/autonomous_robot/install/webots_ros2_universal_robot/share/webots_ros2_universal_robot/resource/robotiq/robotiq_3f_gripper_visualization/meshes/robotiq-3f-gripper_articulated/visual
[1.378s] copying resource/robotiq/robotiq_3f_gripper_visualization/meshes/robotiq-3f-gripper_articulated/visual/palm.dae -> /home/onur/autonomous_robot/install/webots_ros2_universal_robot/share/webots_ros2_universal_robot/resource/robotiq/robotiq_3f_gripper_visualization/meshes/robotiq-3f-gripper_articulated/visual
[1.378s] copying resource/robotiq/robotiq_3f_gripper_visualization/meshes/robotiq-3f-gripper_articulated/visual/link_3.dae -> /home/onur/autonomous_robot/install/webots_ros2_universal_robot/share/webots_ros2_universal_robot/resource/robotiq/robotiq_3f_gripper_visualization/meshes/robotiq-3f-gripper_articulated/visual
[1.378s] copying resource/robotiq/robotiq_3f_gripper_visualization/meshes/robotiq-3f-gripper_articulated/visual/link_1.dae -> /home/onur/autonomous_robot/install/webots_ros2_universal_robot/share/webots_ros2_universal_robot/resource/robotiq/robotiq_3f_gripper_visualization/meshes/robotiq-3f-gripper_articulated/visual
[1.379s] copying resource/robotiq/robotiq_3f_gripper_visualization/meshes/robotiq-3f-gripper_articulated/visual/link_2.dae -> /home/onur/autonomous_robot/install/webots_ros2_universal_robot/share/webots_ros2_universal_robot/resource/robotiq/robotiq_3f_gripper_visualization/meshes/robotiq-3f-gripper_articulated/visual
[1.379s] creating /home/onur/autonomous_robot/install/webots_ros2_universal_robot/share/webots_ros2_universal_robot/resource/robotiq/robotiq_3f_gripper_visualization/meshes/robotiq-3f-gripper_articulated/collision
[1.379s] copying resource/robotiq/robotiq_3f_gripper_visualization/meshes/robotiq-3f-gripper_articulated/collision/palm.STL -> /home/onur/autonomous_robot/install/webots_ros2_universal_robot/share/webots_ros2_universal_robot/resource/robotiq/robotiq_3f_gripper_visualization/meshes/robotiq-3f-gripper_articulated/collision
[1.379s] copying resource/robotiq/robotiq_3f_gripper_visualization/meshes/robotiq-3f-gripper_articulated/collision/link_2.STL -> /home/onur/autonomous_robot/install/webots_ros2_universal_robot/share/webots_ros2_universal_robot/resource/robotiq/robotiq_3f_gripper_visualization/meshes/robotiq-3f-gripper_articulated/collision
[1.379s] copying resource/robotiq/robotiq_3f_gripper_visualization/meshes/robotiq-3f-gripper_articulated/collision/link_3.STL -> /home/onur/autonomous_robot/install/webots_ros2_universal_robot/share/webots_ros2_universal_robot/resource/robotiq/robotiq_3f_gripper_visualization/meshes/robotiq-3f-gripper_articulated/collision
[1.379s] copying resource/robotiq/robotiq_3f_gripper_visualization/meshes/robotiq-3f-gripper_articulated/collision/link_0.STL -> /home/onur/autonomous_robot/install/webots_ros2_universal_robot/share/webots_ros2_universal_robot/resource/robotiq/robotiq_3f_gripper_visualization/meshes/robotiq-3f-gripper_articulated/collision
[1.379s] copying resource/robotiq/robotiq_3f_gripper_visualization/meshes/robotiq-3f-gripper_articulated/collision/link_1.STL -> /home/onur/autonomous_robot/install/webots_ros2_universal_robot/share/webots_ros2_universal_robot/resource/robotiq/robotiq_3f_gripper_visualization/meshes/robotiq-3f-gripper_articulated/collision
[1.379s] creating /home/onur/autonomous_robot/install/webots_ros2_universal_robot/share/webots_ros2_universal_robot/resource/robotiq/robotiq_3f_gripper_visualization/cfg
[1.379s] copying resource/robotiq/robotiq_3f_gripper_visualization/cfg/robotiq-3f-gripper_finger_articulated_macro.xacro -> /home/onur/autonomous_robot/install/webots_ros2_universal_robot/share/webots_ros2_universal_robot/resource/robotiq/robotiq_3f_gripper_visualization/cfg
[1.379s] copying resource/robotiq/robotiq_3f_gripper_visualization/cfg/robotiq-3f-gripper_articulated_macro.xacro -> /home/onur/autonomous_robot/install/webots_ros2_universal_robot/share/webots_ros2_universal_robot/resource/robotiq/robotiq_3f_gripper_visualization/cfg
[1.379s] creating /home/onur/autonomous_robot/install/webots_ros2_universal_robot/share/webots_ros2_universal_robot/resource/Universal_Robots_ROS2_Driver/ur_description/meshes/ur5e/visual
[1.379s] copying resource/Universal_Robots_ROS2_Driver/ur_description/meshes/ur5e/visual/upperarm.dae -> /home/onur/autonomous_robot/install/webots_ros2_universal_robot/share/webots_ros2_universal_robot/resource/Universal_Robots_ROS2_Driver/ur_description/meshes/ur5e/visual
[1.380s] copying resource/Universal_Robots_ROS2_Driver/ur_description/meshes/ur5e/visual/wrist2.dae -> /home/onur/autonomous_robot/install/webots_ros2_universal_robot/share/webots_ros2_universal_robot/resource/Universal_Robots_ROS2_Driver/ur_description/meshes/ur5e/visual
[1.380s] copying resource/Universal_Robots_ROS2_Driver/ur_description/meshes/ur5e/visual/wrist1.dae -> /home/onur/autonomous_robot/install/webots_ros2_universal_robot/share/webots_ros2_universal_robot/resource/Universal_Robots_ROS2_Driver/ur_description/meshes/ur5e/visual
[1.381s] copying resource/Universal_Robots_ROS2_Driver/ur_description/meshes/ur5e/visual/forearm.dae -> /home/onur/autonomous_robot/install/webots_ros2_universal_robot/share/webots_ros2_universal_robot/resource/Universal_Robots_ROS2_Driver/ur_description/meshes/ur5e/visual
[1.381s] copying resource/Universal_Robots_ROS2_Driver/ur_description/meshes/ur5e/visual/base.dae -> /home/onur/autonomous_robot/install/webots_ros2_universal_robot/share/webots_ros2_universal_robot/resource/Universal_Robots_ROS2_Driver/ur_description/meshes/ur5e/visual
[1.381s] copying resource/Universal_Robots_ROS2_Driver/ur_description/meshes/ur5e/visual/shoulder.dae -> /home/onur/autonomous_robot/install/webots_ros2_universal_robot/share/webots_ros2_universal_robot/resource/Universal_Robots_ROS2_Driver/ur_description/meshes/ur5e/visual
[1.382s] copying resource/Universal_Robots_ROS2_Driver/ur_description/meshes/ur5e/visual/wrist3.dae -> /home/onur/autonomous_robot/install/webots_ros2_universal_robot/share/webots_ros2_universal_robot/resource/Universal_Robots_ROS2_Driver/ur_description/meshes/ur5e/visual
[1.382s] creating /home/onur/autonomous_robot/install/webots_ros2_universal_robot/share/webots_ros2_universal_robot/resource/Universal_Robots_ROS2_Driver/ur_description/meshes/ur5e/collision
[1.382s] copying resource/Universal_Robots_ROS2_Driver/ur_description/meshes/ur5e/collision/wrist3.stl -> /home/onur/autonomous_robot/install/webots_ros2_universal_robot/share/webots_ros2_universal_robot/resource/Universal_Robots_ROS2_Driver/ur_description/meshes/ur5e/collision
[1.382s] copying resource/Universal_Robots_ROS2_Driver/ur_description/meshes/ur5e/collision/wrist1.stl -> /home/onur/autonomous_robot/install/webots_ros2_universal_robot/share/webots_ros2_universal_robot/resource/Universal_Robots_ROS2_Driver/ur_description/meshes/ur5e/collision
[1.382s] copying resource/Universal_Robots_ROS2_Driver/ur_description/meshes/ur5e/collision/forearm.stl -> /home/onur/autonomous_robot/install/webots_ros2_universal_robot/share/webots_ros2_universal_robot/resource/Universal_Robots_ROS2_Driver/ur_description/meshes/ur5e/collision
[1.382s] copying resource/Universal_Robots_ROS2_Driver/ur_description/meshes/ur5e/collision/base.stl -> /home/onur/autonomous_robot/install/webots_ros2_universal_robot/share/webots_ros2_universal_robot/resource/Universal_Robots_ROS2_Driver/ur_description/meshes/ur5e/collision
[1.382s] copying resource/Universal_Robots_ROS2_Driver/ur_description/meshes/ur5e/collision/shoulder.stl -> /home/onur/autonomous_robot/install/webots_ros2_universal_robot/share/webots_ros2_universal_robot/resource/Universal_Robots_ROS2_Driver/ur_description/meshes/ur5e/collision
[1.382s] copying resource/Universal_Robots_ROS2_Driver/ur_description/meshes/ur5e/collision/upperarm.stl -> /home/onur/autonomous_robot/install/webots_ros2_universal_robot/share/webots_ros2_universal_robot/resource/Universal_Robots_ROS2_Driver/ur_description/meshes/ur5e/collision
[1.382s] copying resource/Universal_Robots_ROS2_Driver/ur_description/meshes/ur5e/collision/wrist2.stl -> /home/onur/autonomous_robot/install/webots_ros2_universal_robot/share/webots_ros2_universal_robot/resource/Universal_Robots_ROS2_Driver/ur_description/meshes/ur5e/collision
[1.382s] creating /home/onur/autonomous_robot/install/webots_ros2_universal_robot/share/webots_ros2_universal_robot/resource/Universal_Robots_ROS2_Driver/ur_description/urdf
[1.383s] copying resource/Universal_Robots_ROS2_Driver/ur_description/urdf/ur.urdf.xacro -> /home/onur/autonomous_robot/install/webots_ros2_universal_robot/share/webots_ros2_universal_robot/resource/Universal_Robots_ROS2_Driver/ur_description/urdf
[1.383s] copying resource/Universal_Robots_ROS2_Driver/ur_description/urdf/ur.ros2_control.xacro -> /home/onur/autonomous_robot/install/webots_ros2_universal_robot/share/webots_ros2_universal_robot/resource/Universal_Robots_ROS2_Driver/ur_description/urdf
[1.383s] copying resource/Universal_Robots_ROS2_Driver/ur_description/urdf/ur_macro.xacro -> /home/onur/autonomous_robot/install/webots_ros2_universal_robot/share/webots_ros2_universal_robot/resource/Universal_Robots_ROS2_Driver/ur_description/urdf
[1.383s] creating /home/onur/autonomous_robot/install/webots_ros2_universal_robot/share/webots_ros2_universal_robot/resource/Universal_Robots_ROS2_Driver/ur_description/urdf/inc
[1.383s] copying resource/Universal_Robots_ROS2_Driver/ur_description/urdf/inc/ur_common.xacro -> /home/onur/autonomous_robot/install/webots_ros2_universal_robot/share/webots_ros2_universal_robot/resource/Universal_Robots_ROS2_Driver/ur_description/urdf/inc
[1.383s] copying resource/Universal_Robots_ROS2_Driver/ur_description/urdf/inc/ur_transmissions.xacro -> /home/onur/autonomous_robot/install/webots_ros2_universal_robot/share/webots_ros2_universal_robot/resource/Universal_Robots_ROS2_Driver/ur_description/urdf/inc
[1.383s] creating /home/onur/autonomous_robot/install/webots_ros2_universal_robot/share/webots_ros2_universal_robot/resource/Universal_Robots_ROS2_Driver/ur_description/config
[1.383s] copying resource/Universal_Robots_ROS2_Driver/ur_description/config/initial_positions.yaml -> /home/onur/autonomous_robot/install/webots_ros2_universal_robot/share/webots_ros2_universal_robot/resource/Universal_Robots_ROS2_Driver/ur_description/config
[1.383s] creating /home/onur/autonomous_robot/install/webots_ros2_universal_robot/share/webots_ros2_universal_robot/resource/Universal_Robots_ROS2_Driver/ur_description/config/ur5e
[1.383s] copying resource/Universal_Robots_ROS2_Driver/ur_description/config/ur5e/visual_parameters.yaml -> /home/onur/autonomous_robot/install/webots_ros2_universal_robot/share/webots_ros2_universal_robot/resource/Universal_Robots_ROS2_Driver/ur_description/config/ur5e
[1.383s] copying resource/Universal_Robots_ROS2_Driver/ur_description/config/ur5e/physical_parameters.yaml -> /home/onur/autonomous_robot/install/webots_ros2_universal_robot/share/webots_ros2_universal_robot/resource/Universal_Robots_ROS2_Driver/ur_description/config/ur5e
[1.383s] copying resource/Universal_Robots_ROS2_Driver/ur_description/config/ur5e/joint_limits.yaml -> /home/onur/autonomous_robot/install/webots_ros2_universal_robot/share/webots_ros2_universal_robot/resource/Universal_Robots_ROS2_Driver/ur_description/config/ur5e
[1.383s] copying resource/Universal_Robots_ROS2_Driver/ur_description/config/ur5e/default_kinematics.yaml -> /home/onur/autonomous_robot/install/webots_ros2_universal_robot/share/webots_ros2_universal_robot/resource/Universal_Robots_ROS2_Driver/ur_description/config/ur5e
[1.383s] running install_egg_info
[1.395s] Copying ../../../build/webots_ros2_universal_robot/webots_ros2_universal_robot.egg-info to /home/onur/autonomous_robot/install/webots_ros2_universal_robot/lib/python3.14/site-packages/webots_ros2_universal_robot-2025.0.1-py3.14.egg-info
[1.396s] running install_scripts
[1.458s] Installing abb_controller script to /home/onur/autonomous_robot/install/webots_ros2_universal_robot/lib/webots_ros2_universal_robot
[1.459s] Installing ur5e_controller script to /home/onur/autonomous_robot/install/webots_ros2_universal_robot/lib/webots_ros2_universal_robot
[1.459s] writing list of installed files to '/home/onur/autonomous_robot/build/webots_ros2_universal_robot/install.log'
[1.488s] Invoked command in '/home/onur/autonomous_robot/src/webots_ros2/webots_ros2_universal_robot' returned '0': AMENT_PREFIX_PATH=/home/onur/autonomous_robot/install/webots_ros2_control:/home/onur/autonomous_robot/install/webots_ros2_driver:/home/onur/autonomous_robot/install/webots_ros2_msgs:/home/onur/autonomous_robot/install/webots_ros2_importer:${AMENT_PREFIX_PATH} CMAKE_PREFIX_PATH=/home/onur/autonomous_robot/install/webots_ros2_control:/home/onur/autonomous_robot/install/webots_ros2_driver:/home/onur/autonomous_robot/install/webots_ros2_msgs:${CMAKE_PREFIX_PATH} DEBUGINFOD_URLS=https://debuginfod.ubuntu.com LD_LIBRARY_PATH=/home/onur/autonomous_robot/install/webots_ros2_control/lib:/home/onur/autonomous_robot/install/webots_ros2_driver/lib:/home/onur/autonomous_robot/install/webots_ros2_msgs/lib:${LD_LIBRARY_PATH} PYTHONPATH=/home/onur/autonomous_robot/build/webots_ros2_universal_robot/prefix_override:/usr/lib/python3/dist-packages/colcon_core/task/python/colcon_distutils_commands:/home/onur/autonomous_robot/install/webots_ros2_universal_robot/lib/python3.14/site-packages:/home/onur/autonomous_robot/install/webots_ros2_driver/lib/python3.14/site-packages:/home/onur/autonomous_robot/install/webots_ros2_msgs/lib/python3.14/site-packages:/home/onur/autonomous_robot/install/webots_ros2_importer/lib/python3.14/site-packages:${PYTHONPATH} /usr/bin/python3 -W ignore:setup.py install is deprecated -W ignore:easy_install command is deprecated setup.py egg_info --egg-base ../../../build/webots_ros2_universal_robot build --build-base /home/onur/autonomous_robot/build/webots_ros2_universal_robot/build install --record /home/onur/autonomous_robot/build/webots_ros2_universal_robot/install.log --install-scripts $base/lib/webots_ros2_universal_robot --single-version-externally-managed install_data
