[  0%] [1m[34mGenerating Rust code for ROS interfaces[0m
[  1%] [1m[34mGenerating type hashes for ROS interfaces[0m
[  1%] Built target webots_ros2_msgs__rosidl_generator_type_description
[  2%] [1m[34mGenerating C code for ROS interfaces[0m
[  2%] [1m[34mGenerating C++ code for ROS interfaces[0m
[  2%] Built target webots_ros2_msgs__rs
[  2%] Built target webots_ros2_msgs__cpp
[  3%] [32mBuilding C object CMakeFiles/webots_ros2_msgs__rosidl_generator_c.dir/rosidl_generator_c/webots_ros2_msgs/msg/detail/float_stamped__type_support.c.o[0m
[  4%] [32mBuilding C object CMakeFiles/webots_ros2_msgs__rosidl_generator_c.dir/rosidl_generator_c/webots_ros2_msgs/msg/detail/bool_stamped__type_support.c.o[0m
[  5%] [32mBuilding C object CMakeFiles/webots_ros2_msgs__rosidl_generator_c.dir/rosidl_generator_c/webots_ros2_msgs/msg/detail/float_stamped__functions.c.o[0m
[  5%] [32mBuilding C object CMakeFiles/webots_ros2_msgs__rosidl_generator_c.dir/rosidl_generator_c/webots_ros2_msgs/msg/detail/string_stamped__description.c.o[0m
[  5%] [32mBuilding C object CMakeFiles/webots_ros2_msgs__rosidl_generator_c.dir/rosidl_generator_c/webots_ros2_msgs/msg/detail/bool_stamped__description.c.o[0m
[  6%] [32mBuilding C object CMakeFiles/webots_ros2_msgs__rosidl_generator_c.dir/rosidl_generator_c/webots_ros2_msgs/msg/detail/string_stamped__type_support.c.o[0m
[  6%] [32mBuilding C object CMakeFiles/webots_ros2_msgs__rosidl_generator_c.dir/rosidl_generator_c/webots_ros2_msgs/msg/detail/camera_recognition_object__description.c.o[0m
[  7%] [32mBuilding C object CMakeFiles/webots_ros2_msgs__rosidl_generator_c.dir/rosidl_generator_c/webots_ros2_msgs/msg/detail/camera_recognition_object__type_support.c.o[0m
[  8%] [32mBuilding C object CMakeFiles/webots_ros2_msgs__rosidl_generator_c.dir/rosidl_generator_c/webots_ros2_msgs/msg/detail/camera_recognition_objects__functions.c.o[0m
[  8%] [32mBuilding C object CMakeFiles/webots_ros2_msgs__rosidl_generator_c.dir/rosidl_generator_c/webots_ros2_msgs/msg/detail/string_stamped__functions.c.o[0m
[  9%] [32mBuilding C object CMakeFiles/webots_ros2_msgs__rosidl_generator_c.dir/rosidl_generator_c/webots_ros2_msgs/msg/detail/camera_recognition_objects__type_support.c.o[0m
[ 10%] [32mBuilding C object CMakeFiles/webots_ros2_msgs__rosidl_generator_c.dir/rosidl_generator_c/webots_ros2_msgs/msg/detail/camera_recognition_object__functions.c.o[0m
[ 11%] [32mBuilding C object CMakeFiles/webots_ros2_msgs__rosidl_generator_c.dir/rosidl_generator_c/webots_ros2_msgs/msg/detail/urdf_robot__description.c.o[0m
[ 12%] [32mBuilding C object CMakeFiles/webots_ros2_msgs__rosidl_generator_c.dir/rosidl_generator_c/webots_ros2_msgs/msg/detail/camera_recognition_objects__description.c.o[0m
[ 12%] [32mBuilding C object CMakeFiles/webots_ros2_msgs__rosidl_generator_c.dir/rosidl_generator_c/webots_ros2_msgs/msg/detail/float_stamped__description.c.o[0m
[ 13%] [32mBuilding C object CMakeFiles/webots_ros2_msgs__rosidl_generator_c.dir/rosidl_generator_c/webots_ros2_msgs/msg/detail/bool_stamped__functions.c.o[0m
[ 13%] [32mBuilding C object CMakeFiles/webots_ros2_msgs__rosidl_generator_c.dir/rosidl_generator_c/webots_ros2_msgs/msg/detail/urdf_robot__functions.c.o[0m
[ 14%] [32mBuilding C object CMakeFiles/webots_ros2_msgs__rosidl_generator_c.dir/rosidl_generator_c/webots_ros2_msgs/msg/detail/pen_ink_properties__functions.c.o[0m
[ 14%] [32mBuilding C object CMakeFiles/webots_ros2_msgs__rosidl_generator_c.dir/rosidl_generator_c/webots_ros2_msgs/msg/detail/pen_ink_properties__description.c.o[0m
[ 15%] [32mBuilding C object CMakeFiles/webots_ros2_msgs__rosidl_generator_c.dir/rosidl_generator_c/webots_ros2_msgs/msg/detail/urdf_robot__type_support.c.o[0m
[ 17%] [32mBuilding C object CMakeFiles/webots_ros2_msgs__rosidl_generator_c.dir/rosidl_generator_c/webots_ros2_msgs/msg/detail/pen_ink_properties__type_support.c.o[0m
[ 17%] [32mBuilding C object CMakeFiles/webots_ros2_msgs__rosidl_generator_c.dir/rosidl_generator_c/webots_ros2_msgs/srv/detail/emitter_send_string__description.c.o[0m
[ 18%] [32mBuilding C object CMakeFiles/webots_ros2_msgs__rosidl_generator_c.dir/rosidl_generator_c/webots_ros2_msgs/srv/detail/emitter_send_string__functions.c.o[0m
[ 18%] [32mBuilding C object CMakeFiles/webots_ros2_msgs__rosidl_generator_c.dir/rosidl_generator_c/webots_ros2_msgs/srv/detail/emitter_send_string__type_support.c.o[0m
[ 19%] [32mBuilding C object CMakeFiles/webots_ros2_msgs__rosidl_generator_c.dir/rosidl_generator_c/webots_ros2_msgs/srv/detail/set_string__description.c.o[0m
[ 20%] [32mBuilding C object CMakeFiles/webots_ros2_msgs__rosidl_generator_c.dir/rosidl_generator_c/webots_ros2_msgs/srv/detail/get_bool__type_support.c.o[0m
[ 20%] [32mBuilding C object CMakeFiles/webots_ros2_msgs__rosidl_generator_c.dir/rosidl_generator_c/webots_ros2_msgs/srv/detail/set_string__functions.c.o[0m
[ 21%] [32mBuilding C object CMakeFiles/webots_ros2_msgs__rosidl_generator_c.dir/rosidl_generator_c/webots_ros2_msgs/srv/detail/get_bool__functions.c.o[0m
[ 22%] [32mBuilding C object CMakeFiles/webots_ros2_msgs__rosidl_generator_c.dir/rosidl_generator_c/webots_ros2_msgs/srv/detail/get_bool__description.c.o[0m
[ 22%] [32mBuilding C object CMakeFiles/webots_ros2_msgs__rosidl_generator_c.dir/rosidl_generator_c/webots_ros2_msgs/srv/detail/set_string__type_support.c.o[0m
[ 23%] [32mBuilding C object CMakeFiles/webots_ros2_msgs__rosidl_generator_c.dir/rosidl_generator_c/webots_ros2_msgs/srv/detail/spawn_node_from_string__functions.c.o[0m
[ 23%] [32mBuilding C object CMakeFiles/webots_ros2_msgs__rosidl_generator_c.dir/rosidl_generator_c/webots_ros2_msgs/srv/detail/spawn_node_from_string__type_support.c.o[0m
[ 24%] [32mBuilding C object CMakeFiles/webots_ros2_msgs__rosidl_generator_c.dir/rosidl_generator_c/webots_ros2_msgs/srv/detail/spawn_urdf_robot__description.c.o[0m
[ 25%] [32mBuilding C object CMakeFiles/webots_ros2_msgs__rosidl_generator_c.dir/rosidl_generator_c/webots_ros2_msgs/srv/detail/spawn_node_from_string__description.c.o[0m
[ 26%] [32mBuilding C object CMakeFiles/webots_ros2_msgs__rosidl_generator_c.dir/rosidl_generator_c/webots_ros2_msgs/srv/detail/spawn_urdf_robot__functions.c.o[0m
[ 26%] [32mBuilding C object CMakeFiles/webots_ros2_msgs__rosidl_generator_c.dir/rosidl_generator_c/webots_ros2_msgs/srv/detail/spawn_urdf_robot__type_support.c.o[0m
[ 27%] [1m[32mLinking C shared library libwebots_ros2_msgs__rosidl_generator_c.so[0m
[ 27%] Built target webots_ros2_msgs__rosidl_generator_c
[ 29%] [1m[34mGenerating C introspection for ROS interfaces[0m
[ 29%] [1m[34mGenerating C++ type support for eProsima Fast-RTPS[0m
[ 29%] [1m[34mGenerating C type support for eProsima Fast-RTPS[0m
[ 29%] [1m[34mGenerating C type support dispatch for ROS interfaces[0m
[ 30%] [1m[34mGenerating C++ type support dispatch for ROS interfaces[0m
[ 31%] [1m[34mGenerating C++ introspection for ROS interfaces[0m
[ 32%] [32mBuilding CXX object CMakeFiles/webots_ros2_msgs__rosidl_typesupport_c.dir/rosidl_typesupport_c/webots_ros2_msgs/msg/float_stamped__type_support.cpp.o[0m
[ 33%] [32mBuilding CXX object CMakeFiles/webots_ros2_msgs__rosidl_typesupport_c.dir/rosidl_typesupport_c/webots_ros2_msgs/msg/bool_stamped__type_support.cpp.o[0m
[ 34%] [32mBuilding CXX object CMakeFiles/webots_ros2_msgs__rosidl_typesupport_c.dir/rosidl_typesupport_c/webots_ros2_msgs/msg/string_stamped__type_support.cpp.o[0m
[ 34%] [32mBuilding CXX object CMakeFiles/webots_ros2_msgs__rosidl_typesupport_c.dir/rosidl_typesupport_c/webots_ros2_msgs/msg/camera_recognition_object__type_support.cpp.o[0m
[ 35%] [32mBuilding CXX object CMakeFiles/webots_ros2_msgs__rosidl_typesupport_c.dir/rosidl_typesupport_c/webots_ros2_msgs/msg/camera_recognition_objects__type_support.cpp.o[0m
[ 36%] [32mBuilding CXX object CMakeFiles/webots_ros2_msgs__rosidl_typesupport_c.dir/rosidl_typesupport_c/webots_ros2_msgs/msg/urdf_robot__type_support.cpp.o[0m
[ 37%] [32mBuilding CXX object CMakeFiles/webots_ros2_msgs__rosidl_typesupport_c.dir/rosidl_typesupport_c/webots_ros2_msgs/srv/emitter_send_string__type_support.cpp.o[0m
[ 37%] [32mBuilding CXX object CMakeFiles/webots_ros2_msgs__rosidl_typesupport_c.dir/rosidl_typesupport_c/webots_ros2_msgs/msg/pen_ink_properties__type_support.cpp.o[0m
[ 38%] [32mBuilding CXX object CMakeFiles/webots_ros2_msgs__rosidl_typesupport_c.dir/rosidl_typesupport_c/webots_ros2_msgs/srv/set_string__type_support.cpp.o[0m
[ 38%] [32mBuilding CXX object CMakeFiles/webots_ros2_msgs__rosidl_typesupport_c.dir/rosidl_typesupport_c/webots_ros2_msgs/srv/get_bool__type_support.cpp.o[0m
[ 39%] [32mBuilding CXX object CMakeFiles/webots_ros2_msgs__rosidl_typesupport_c.dir/rosidl_typesupport_c/webots_ros2_msgs/srv/spawn_node_from_string__type_support.cpp.o[0m
[ 40%] [32mBuilding CXX object CMakeFiles/webots_ros2_msgs__rosidl_typesupport_cpp.dir/rosidl_typesupport_cpp/webots_ros2_msgs/msg/bool_stamped__type_support.cpp.o[0m
[ 40%] [32mBuilding CXX object CMakeFiles/webots_ros2_msgs__rosidl_typesupport_cpp.dir/rosidl_typesupport_cpp/webots_ros2_msgs/msg/float_stamped__type_support.cpp.o[0m
[ 42%] [32mBuilding CXX object CMakeFiles/webots_ros2_msgs__rosidl_typesupport_cpp.dir/rosidl_typesupport_cpp/webots_ros2_msgs/msg/string_stamped__type_support.cpp.o[0m
[ 42%] [32mBuilding CXX object CMakeFiles/webots_ros2_msgs__rosidl_typesupport_c.dir/rosidl_typesupport_c/webots_ros2_msgs/srv/spawn_urdf_robot__type_support.cpp.o[0m
[ 42%] [32mBuilding CXX object CMakeFiles/webots_ros2_msgs__rosidl_typesupport_cpp.dir/rosidl_typesupport_cpp/webots_ros2_msgs/msg/urdf_robot__type_support.cpp.o[0m
[ 43%] [32mBuilding CXX object CMakeFiles/webots_ros2_msgs__rosidl_typesupport_cpp.dir/rosidl_typesupport_cpp/webots_ros2_msgs/msg/pen_ink_properties__type_support.cpp.o[0m
[ 43%] [32mBuilding CXX object CMakeFiles/webots_ros2_msgs__rosidl_typesupport_cpp.dir/rosidl_typesupport_cpp/webots_ros2_msgs/srv/get_bool__type_support.cpp.o[0m
[ 44%] [32mBuilding CXX object CMakeFiles/webots_ros2_msgs__rosidl_typesupport_cpp.dir/rosidl_typesupport_cpp/webots_ros2_msgs/msg/camera_recognition_object__type_support.cpp.o[0m
[ 45%] [32mBuilding CXX object CMakeFiles/webots_ros2_msgs__rosidl_typesupport_cpp.dir/rosidl_typesupport_cpp/webots_ros2_msgs/srv/emitter_send_string__type_support.cpp.o[0m
[ 46%] [32mBuilding CXX object CMakeFiles/webots_ros2_msgs__rosidl_typesupport_cpp.dir/rosidl_typesupport_cpp/webots_ros2_msgs/srv/set_string__type_support.cpp.o[0m
[ 47%] [32mBuilding CXX object CMakeFiles/webots_ros2_msgs__rosidl_typesupport_cpp.dir/rosidl_typesupport_cpp/webots_ros2_msgs/srv/spawn_node_from_string__type_support.cpp.o[0m
[ 48%] [32mBuilding CXX object CMakeFiles/webots_ros2_msgs__rosidl_typesupport_cpp.dir/rosidl_typesupport_cpp/webots_ros2_msgs/msg/camera_recognition_objects__type_support.cpp.o[0m
[ 48%] [1m[32mLinking CXX shared library libwebots_ros2_msgs__rosidl_typesupport_c.so[0m
[ 48%] Built target webots_ros2_msgs__rosidl_typesupport_c
[ 48%] [32mBuilding CXX object CMakeFiles/webots_ros2_msgs__rosidl_typesupport_cpp.dir/rosidl_typesupport_cpp/webots_ros2_msgs/srv/spawn_urdf_robot__type_support.cpp.o[0m
[ 48%] [32mBuilding CXX object CMakeFiles/webots_ros2_msgs__rosidl_typesupport_introspection_cpp.dir/rosidl_typesupport_introspection_cpp/webots_ros2_msgs/msg/detail/bool_stamped__type_support.cpp.o[0m
[ 49%] [32mBuilding C object CMakeFiles/webots_ros2_msgs__rosidl_typesupport_introspection_c.dir/rosidl_typesupport_introspection_c/webots_ros2_msgs/msg/detail/bool_stamped__type_support.c.o[0m
[ 49%] [32mBuilding C object CMakeFiles/webots_ros2_msgs__rosidl_typesupport_introspection_c.dir/rosidl_typesupport_introspection_c/webots_ros2_msgs/msg/detail/float_stamped__type_support.c.o[0m
[ 50%] [32mBuilding C object CMakeFiles/webots_ros2_msgs__rosidl_typesupport_introspection_c.dir/rosidl_typesupport_introspection_c/webots_ros2_msgs/msg/detail/string_stamped__type_support.c.o[0m
[ 52%] [32mBuilding CXX object CMakeFiles/webots_ros2_msgs__rosidl_typesupport_introspection_cpp.dir/rosidl_typesupport_introspection_cpp/webots_ros2_msgs/msg/detail/float_stamped__type_support.cpp.o[0m
[ 52%] [32mBuilding CXX object CMakeFiles/webots_ros2_msgs__rosidl_typesupport_introspection_cpp.dir/rosidl_typesupport_introspection_cpp/webots_ros2_msgs/msg/detail/string_stamped__type_support.cpp.o[0m
[ 53%] [32mBuilding C object CMakeFiles/webots_ros2_msgs__rosidl_typesupport_introspection_c.dir/rosidl_typesupport_introspection_c/webots_ros2_msgs/msg/detail/camera_recognition_object__type_support.c.o[0m
[ 53%] [32mBuilding CXX object CMakeFiles/webots_ros2_msgs__rosidl_typesupport_introspection_cpp.dir/rosidl_typesupport_introspection_cpp/webots_ros2_msgs/msg/detail/camera_recognition_object__type_support.cpp.o[0m
[ 54%] [32mBuilding CXX object CMakeFiles/webots_ros2_msgs__rosidl_typesupport_introspection_cpp.dir/rosidl_typesupport_introspection_cpp/webots_ros2_msgs/msg/detail/camera_recognition_objects__type_support.cpp.o[0m
[ 56%] [32mBuilding CXX object CMakeFiles/webots_ros2_msgs__rosidl_typesupport_introspection_cpp.dir/rosidl_typesupport_introspection_cpp/webots_ros2_msgs/msg/detail/urdf_robot__type_support.cpp.o[0m
[ 56%] [32mBuilding C object CMakeFiles/webots_ros2_msgs__rosidl_typesupport_introspection_c.dir/rosidl_typesupport_introspection_c/webots_ros2_msgs/msg/detail/camera_recognition_objects__type_support.c.o[0m
[ 56%] [32mBuilding C object CMakeFiles/webots_ros2_msgs__rosidl_typesupport_introspection_c.dir/rosidl_typesupport_introspection_c/webots_ros2_msgs/msg/detail/urdf_robot__type_support.c.o[0m
[ 57%] [32mBuilding C object CMakeFiles/webots_ros2_msgs__rosidl_typesupport_introspection_c.dir/rosidl_typesupport_introspection_c/webots_ros2_msgs/msg/detail/pen_ink_properties__type_support.c.o[0m
[ 58%] [32mBuilding C object CMakeFiles/webots_ros2_msgs__rosidl_typesupport_introspection_c.dir/rosidl_typesupport_introspection_c/webots_ros2_msgs/srv/detail/emitter_send_string__type_support.c.o[0m
[ 58%] [32mBuilding C object CMakeFiles/webots_ros2_msgs__rosidl_typesupport_introspection_c.dir/rosidl_typesupport_introspection_c/webots_ros2_msgs/srv/detail/get_bool__type_support.c.o[0m
[ 59%] [32mBuilding CXX object CMakeFiles/webots_ros2_msgs__rosidl_typesupport_introspection_cpp.dir/rosidl_typesupport_introspection_cpp/webots_ros2_msgs/srv/detail/get_bool__type_support.cpp.o[0m
[ 59%] [32mBuilding CXX object CMakeFiles/webots_ros2_msgs__rosidl_typesupport_introspection_cpp.dir/rosidl_typesupport_introspection_cpp/webots_ros2_msgs/srv/detail/emitter_send_string__type_support.cpp.o[0m
[ 60%] [32mBuilding CXX object CMakeFiles/webots_ros2_msgs__rosidl_typesupport_introspection_cpp.dir/rosidl_typesupport_introspection_cpp/webots_ros2_msgs/msg/detail/pen_ink_properties__type_support.cpp.o[0m
[ 61%] [32mBuilding C object CMakeFiles/webots_ros2_msgs__rosidl_typesupport_introspection_c.dir/rosidl_typesupport_introspection_c/webots_ros2_msgs/srv/detail/set_string__type_support.c.o[0m
[ 63%] [32mBuilding CXX object CMakeFiles/webots_ros2_msgs__rosidl_typesupport_introspection_cpp.dir/rosidl_typesupport_introspection_cpp/webots_ros2_msgs/srv/detail/set_string__type_support.cpp.o[0m
[ 63%] [32mBuilding C object CMakeFiles/webots_ros2_msgs__rosidl_typesupport_introspection_c.dir/rosidl_typesupport_introspection_c/webots_ros2_msgs/srv/detail/spawn_node_from_string__type_support.c.o[0m
[ 63%] [32mBuilding C object CMakeFiles/webots_ros2_msgs__rosidl_typesupport_introspection_c.dir/rosidl_typesupport_introspection_c/webots_ros2_msgs/srv/detail/spawn_urdf_robot__type_support.c.o[0m
[ 64%] [1m[32mLinking CXX shared library libwebots_ros2_msgs__rosidl_typesupport_cpp.so[0m
[ 65%] [1m[32mLinking C shared library libwebots_ros2_msgs__rosidl_typesupport_introspection_c.so[0m
[ 66%] [32mBuilding CXX object CMakeFiles/webots_ros2_msgs__rosidl_typesupport_fastrtps_cpp.dir/rosidl_typesupport_fastrtps_cpp/webots_ros2_msgs/msg/detail/dds_fastrtps/bool_stamped__type_support.cpp.o[0m
[ 66%] Built target webots_ros2_msgs__rosidl_typesupport_introspection_c
[ 67%] [32mBuilding CXX object CMakeFiles/webots_ros2_msgs__rosidl_typesupport_fastrtps_cpp.dir/rosidl_typesupport_fastrtps_cpp/webots_ros2_msgs/msg/detail/dds_fastrtps/float_stamped__type_support.cpp.o[0m
[ 67%] Built target webots_ros2_msgs__rosidl_typesupport_cpp
[ 68%] [32mBuilding CXX object CMakeFiles/webots_ros2_msgs__rosidl_typesupport_introspection_cpp.dir/rosidl_typesupport_introspection_cpp/webots_ros2_msgs/srv/detail/spawn_urdf_robot__type_support.cpp.o[0m
[ 68%] [32mBuilding CXX object CMakeFiles/webots_ros2_msgs__rosidl_typesupport_fastrtps_cpp.dir/rosidl_typesupport_fastrtps_cpp/webots_ros2_msgs/msg/detail/dds_fastrtps/string_stamped__type_support.cpp.o[0m
[ 69%] [32mBuilding CXX object CMakeFiles/webots_ros2_msgs__rosidl_typesupport_fastrtps_cpp.dir/rosidl_typesupport_fastrtps_cpp/webots_ros2_msgs/msg/detail/dds_fastrtps/camera_recognition_object__type_support.cpp.o[0m
[ 69%] [32mBuilding CXX object CMakeFiles/webots_ros2_msgs__rosidl_typesupport_fastrtps_c.dir/rosidl_typesupport_fastrtps_c/webots_ros2_msgs/msg/detail/bool_stamped__type_support_c.cpp.o[0m
[ 70%] [32mBuilding CXX object CMakeFiles/webots_ros2_msgs__rosidl_typesupport_fastrtps_c.dir/rosidl_typesupport_fastrtps_c/webots_ros2_msgs/msg/detail/float_stamped__type_support_c.cpp.o[0m
[ 70%] [32mBuilding CXX object CMakeFiles/webots_ros2_msgs__rosidl_typesupport_introspection_cpp.dir/rosidl_typesupport_introspection_cpp/webots_ros2_msgs/srv/detail/spawn_node_from_string__type_support.cpp.o[0m
[ 72%] [32mBuilding CXX object CMakeFiles/webots_ros2_msgs__rosidl_typesupport_fastrtps_c.dir/rosidl_typesupport_fastrtps_c/webots_ros2_msgs/msg/detail/string_stamped__type_support_c.cpp.o[0m
[ 72%] [32mBuilding CXX object CMakeFiles/webots_ros2_msgs__rosidl_typesupport_fastrtps_c.dir/rosidl_typesupport_fastrtps_c/webots_ros2_msgs/msg/detail/camera_recognition_object__type_support_c.cpp.o[0m
[ 73%] [32mBuilding CXX object CMakeFiles/webots_ros2_msgs__rosidl_typesupport_fastrtps_cpp.dir/rosidl_typesupport_fastrtps_cpp/webots_ros2_msgs/msg/detail/dds_fastrtps/urdf_robot__type_support.cpp.o[0m
[ 74%] [32mBuilding CXX object CMakeFiles/webots_ros2_msgs__rosidl_typesupport_fastrtps_cpp.dir/rosidl_typesupport_fastrtps_cpp/webots_ros2_msgs/msg/detail/dds_fastrtps/camera_recognition_objects__type_support.cpp.o[0m
[ 74%] [32mBuilding CXX object CMakeFiles/webots_ros2_msgs__rosidl_typesupport_fastrtps_cpp.dir/rosidl_typesupport_fastrtps_cpp/webots_ros2_msgs/msg/detail/dds_fastrtps/pen_ink_properties__type_support.cpp.o[0m
[ 75%] [32mBuilding CXX object CMakeFiles/webots_ros2_msgs__rosidl_typesupport_fastrtps_cpp.dir/rosidl_typesupport_fastrtps_cpp/webots_ros2_msgs/srv/detail/dds_fastrtps/emitter_send_string__type_support.cpp.o[0m
[ 76%] [32mBuilding CXX object CMakeFiles/webots_ros2_msgs__rosidl_typesupport_fastrtps_c.dir/rosidl_typesupport_fastrtps_c/webots_ros2_msgs/msg/detail/pen_ink_properties__type_support_c.cpp.o[0m
[ 77%] [32mBuilding CXX object CMakeFiles/webots_ros2_msgs__rosidl_typesupport_fastrtps_c.dir/rosidl_typesupport_fastrtps_c/webots_ros2_msgs/msg/detail/urdf_robot__type_support_c.cpp.o[0m
[ 77%] [32mBuilding CXX object CMakeFiles/webots_ros2_msgs__rosidl_typesupport_fastrtps_c.dir/rosidl_typesupport_fastrtps_c/webots_ros2_msgs/msg/detail/camera_recognition_objects__type_support_c.cpp.o[0m
[ 77%] [32mBuilding CXX object CMakeFiles/webots_ros2_msgs__rosidl_typesupport_fastrtps_c.dir/rosidl_typesupport_fastrtps_c/webots_ros2_msgs/srv/detail/emitter_send_string__type_support_c.cpp.o[0m
[ 78%] [32mBuilding CXX object CMakeFiles/webots_ros2_msgs__rosidl_typesupport_fastrtps_c.dir/rosidl_typesupport_fastrtps_c/webots_ros2_msgs/srv/detail/get_bool__type_support_c.cpp.o[0m
[ 79%] [32mBuilding CXX object CMakeFiles/webots_ros2_msgs__rosidl_typesupport_fastrtps_cpp.dir/rosidl_typesupport_fastrtps_cpp/webots_ros2_msgs/srv/detail/dds_fastrtps/get_bool__type_support.cpp.o[0m
[ 79%] [32mBuilding CXX object CMakeFiles/webots_ros2_msgs__rosidl_typesupport_fastrtps_cpp.dir/rosidl_typesupport_fastrtps_cpp/webots_ros2_msgs/srv/detail/dds_fastrtps/set_string__type_support.cpp.o[0m
[ 79%] [32mBuilding CXX object CMakeFiles/webots_ros2_msgs__rosidl_typesupport_fastrtps_c.dir/rosidl_typesupport_fastrtps_c/webots_ros2_msgs/srv/detail/spawn_node_from_string__type_support_c.cpp.o[0m
[ 81%] [32mBuilding CXX object CMakeFiles/webots_ros2_msgs__rosidl_typesupport_fastrtps_c.dir/rosidl_typesupport_fastrtps_c/webots_ros2_msgs/srv/detail/set_string__type_support_c.cpp.o[0m
[ 81%] [32mBuilding CXX object CMakeFiles/webots_ros2_msgs__rosidl_typesupport_fastrtps_cpp.dir/rosidl_typesupport_fastrtps_cpp/webots_ros2_msgs/srv/detail/dds_fastrtps/spawn_node_from_string__type_support.cpp.o[0m
[ 82%] [1m[32mLinking CXX shared library libwebots_ros2_msgs__rosidl_typesupport_introspection_cpp.so[0m
[ 83%] [32mBuilding CXX object CMakeFiles/webots_ros2_msgs__rosidl_typesupport_fastrtps_cpp.dir/rosidl_typesupport_fastrtps_cpp/webots_ros2_msgs/srv/detail/dds_fastrtps/spawn_urdf_robot__type_support.cpp.o[0m
[ 84%] [32mBuilding CXX object CMakeFiles/webots_ros2_msgs__rosidl_typesupport_fastrtps_c.dir/rosidl_typesupport_fastrtps_c/webots_ros2_msgs/srv/detail/spawn_urdf_robot__type_support_c.cpp.o[0m
[ 84%] Built target webots_ros2_msgs__rosidl_typesupport_introspection_cpp
[ 85%] [1m[32mLinking CXX shared library libwebots_ros2_msgs__rosidl_typesupport_fastrtps_c.so[0m
[ 85%] [1m[32mLinking CXX shared library libwebots_ros2_msgs__rosidl_typesupport_fastrtps_cpp.so[0m
[ 85%] Built target webots_ros2_msgs__rosidl_typesupport_fastrtps_c
[ 85%] Built target webots_ros2_msgs__rosidl_typesupport_fastrtps_cpp
[ 85%] Built target webots_ros2_msgs
[ 86%] [1m[34mGenerating Python code for ROS interfaces[0m
[ 86%] Built target webots_ros2_msgs__py
[ 86%] [32mBuilding C object CMakeFiles/webots_ros2_msgs__rosidl_generator_py.dir/rosidl_generator_py/webots_ros2_msgs/msg/_float_stamped_s.c.o[0m
[ 87%] [32mBuilding C object CMakeFiles/webots_ros2_msgs__rosidl_generator_py.dir/rosidl_generator_py/webots_ros2_msgs/msg/_string_stamped_s.c.o[0m
[ 89%] [32mBuilding C object CMakeFiles/webots_ros2_msgs__rosidl_generator_py.dir/rosidl_generator_py/webots_ros2_msgs/msg/_camera_recognition_object_s.c.o[0m
[ 89%] [32mBuilding C object CMakeFiles/webots_ros2_msgs__rosidl_generator_py.dir/rosidl_generator_py/webots_ros2_msgs/msg/_pen_ink_properties_s.c.o[0m
[ 89%] [32mBuilding C object CMakeFiles/webots_ros2_msgs__rosidl_generator_py.dir/rosidl_generator_py/webots_ros2_msgs/msg/_urdf_robot_s.c.o[0m
[ 90%] [32mBuilding C object CMakeFiles/webots_ros2_msgs__rosidl_generator_py.dir/rosidl_generator_py/webots_ros2_msgs/msg/_bool_stamped_s.c.o[0m
[ 91%] [32mBuilding C object CMakeFiles/webots_ros2_msgs__rosidl_generator_py.dir/rosidl_generator_py/webots_ros2_msgs/srv/_emitter_send_string_s.c.o[0m
[ 91%] [32mBuilding C object CMakeFiles/webots_ros2_msgs__rosidl_generator_py.dir/rosidl_generator_py/webots_ros2_msgs/srv/_get_bool_s.c.o[0m
[ 94%] [32mBuilding C object CMakeFiles/webots_ros2_msgs__rosidl_generator_py.dir/rosidl_generator_py/webots_ros2_msgs/srv/_set_string_s.c.o[0m
[ 94%] [32mBuilding C object CMakeFiles/webots_ros2_msgs__rosidl_generator_py.dir/rosidl_generator_py/webots_ros2_msgs/srv/_spawn_node_from_string_s.c.o[0m
[ 94%] [32mBuilding C object CMakeFiles/webots_ros2_msgs__rosidl_generator_py.dir/rosidl_generator_py/webots_ros2_msgs/msg/_camera_recognition_objects_s.c.o[0m
[ 94%] [32mBuilding C object CMakeFiles/webots_ros2_msgs__rosidl_generator_py.dir/rosidl_generator_py/webots_ros2_msgs/srv/_spawn_urdf_robot_s.c.o[0m
[ 94%] Built target ament_cmake_python_sync_webots_ros2_msgs
[ 95%] [1m[32mLinking C shared library libwebots_ros2_msgs__rosidl_generator_py.so[0m
running egg_info
creating webots_ros2_msgs.egg-info
writing webots_ros2_msgs.egg-info/PKG-INFO
writing dependency_links to webots_ros2_msgs.egg-info/dependency_links.txt
writing top-level names to webots_ros2_msgs.egg-info/top_level.txt
writing manifest file 'webots_ros2_msgs.egg-info/SOURCES.txt'
[ 95%] Built target webots_ros2_msgs__rosidl_generator_py
[ 96%] [32mBuilding C object CMakeFiles/webots_ros2_msgs_s__rosidl_typesupport_c.dir/rosidl_generator_py/webots_ros2_msgs/_webots_ros2_msgs_s.ep.rosidl_typesupport_c.c.o[0m
[ 96%] [32mBuilding C object CMakeFiles/webots_ros2_msgs_s__rosidl_typesupport_fastrtps_c.dir/rosidl_generator_py/webots_ros2_msgs/_webots_ros2_msgs_s.ep.rosidl_typesupport_fastrtps_c.c.o[0m
[ 97%] [32mBuilding C object CMakeFiles/webots_ros2_msgs_s__rosidl_typesupport_introspection_c.dir/rosidl_generator_py/webots_ros2_msgs/_webots_ros2_msgs_s.ep.rosidl_typesupport_introspection_c.c.o[0m
reading manifest file 'webots_ros2_msgs.egg-info/SOURCES.txt'
writing manifest file 'webots_ros2_msgs.egg-info/SOURCES.txt'
[ 97%] Built target ament_cmake_python_build_webots_ros2_msgs_egg
[ 98%] [1m[32mLinking C shared module rosidl_generator_py/webots_ros2_msgs/webots_ros2_msgs_s__rosidl_typesupport_fastrtps_c.so[0m
[ 99%] [1m[32mLinking C shared module rosidl_generator_py/webots_ros2_msgs/webots_ros2_msgs_s__rosidl_typesupport_c.so[0m
[100%] [1m[32mLinking C shared module rosidl_generator_py/webots_ros2_msgs/webots_ros2_msgs_s__rosidl_typesupport_introspection_c.so[0m
[100%] Built target webots_ros2_msgs_s__rosidl_typesupport_fastrtps_c
[100%] Built target webots_ros2_msgs_s__rosidl_typesupport_c
[100%] Built target webots_ros2_msgs_s__rosidl_typesupport_introspection_c
-- Install configuration: ""
-- Installing: /home/onur/autonomous_robot/install/webots_ros2_msgs/share/ament_index/resource_index/rosidl_interfaces/webots_ros2_msgs
-- Installing: /home/onur/autonomous_robot/install/webots_ros2_msgs/share/webots_ros2_msgs/msg/BoolStamped.json
-- Installing: /home/onur/autonomous_robot/install/webots_ros2_msgs/share/webots_ros2_msgs/msg/FloatStamped.json
-- Installing: /home/onur/autonomous_robot/install/webots_ros2_msgs/share/webots_ros2_msgs/msg/StringStamped.json
-- Installing: /home/onur/autonomous_robot/install/webots_ros2_msgs/share/webots_ros2_msgs/msg/CameraRecognitionObject.json
-- Installing: /home/onur/autonomous_robot/install/webots_ros2_msgs/share/webots_ros2_msgs/msg/CameraRecognitionObjects.json
-- Installing: /home/onur/autonomous_robot/install/webots_ros2_msgs/share/webots_ros2_msgs/msg/UrdfRobot.json
-- Installing: /home/onur/autonomous_robot/install/webots_ros2_msgs/share/webots_ros2_msgs/msg/PenInkProperties.json
-- Installing: /home/onur/autonomous_robot/install/webots_ros2_msgs/share/webots_ros2_msgs/srv/EmitterSendString.json
-- Installing: /home/onur/autonomous_robot/install/webots_ros2_msgs/share/webots_ros2_msgs/srv/GetBool.json
-- Installing: /home/onur/autonomous_robot/install/webots_ros2_msgs/share/webots_ros2_msgs/srv/SetString.json
-- Installing: /home/onur/autonomous_robot/install/webots_ros2_msgs/share/webots_ros2_msgs/srv/SpawnNodeFromString.json
-- Installing: /home/onur/autonomous_robot/install/webots_ros2_msgs/share/webots_ros2_msgs/srv/SpawnUrdfRobot.json
-- Installing: /home/onur/autonomous_robot/install/webots_ros2_msgs/include/webots_ros2_msgs/webots_ros2_msgs
-- Installing: /home/onur/autonomous_robot/install/webots_ros2_msgs/include/webots_ros2_msgs/webots_ros2_msgs/msg
-- Installing: /home/onur/autonomous_robot/install/webots_ros2_msgs/include/webots_ros2_msgs/webots_ros2_msgs/msg/float_stamped.h
-- Installing: /home/onur/autonomous_robot/install/webots_ros2_msgs/include/webots_ros2_msgs/webots_ros2_msgs/msg/detail
-- Installing: /home/onur/autonomous_robot/install/webots_ros2_msgs/include/webots_ros2_msgs/webots_ros2_msgs/msg/detail/pen_ink_properties__functions.c
-- Installing: /home/onur/autonomous_robot/install/webots_ros2_msgs/include/webots_ros2_msgs/webots_ros2_msgs/msg/detail/pen_ink_properties__description.c
-- Installing: /home/onur/autonomous_robot/install/webots_ros2_msgs/include/webots_ros2_msgs/webots_ros2_msgs/msg/detail/camera_recognition_objects__functions.c
-- Installing: /home/onur/autonomous_robot/install/webots_ros2_msgs/include/webots_ros2_msgs/webots_ros2_msgs/msg/detail/urdf_robot__struct.h
-- Installing: /home/onur/autonomous_robot/install/webots_ros2_msgs/include/webots_ros2_msgs/webots_ros2_msgs/msg/detail/camera_recognition_objects__type_support.c
-- Installing: /home/onur/autonomous_robot/install/webots_ros2_msgs/include/webots_ros2_msgs/webots_ros2_msgs/msg/detail/camera_recognition_objects__functions.h
-- Installing: /home/onur/autonomous_robot/install/webots_ros2_msgs/include/webots_ros2_msgs/webots_ros2_msgs/msg/detail/camera_recognition_object__struct.h
-- Installing: /home/onur/autonomous_robot/install/webots_ros2_msgs/include/webots_ros2_msgs/webots_ros2_msgs/msg/detail/urdf_robot__functions.h
-- Installing: /home/onur/autonomous_robot/install/webots_ros2_msgs/include/webots_ros2_msgs/webots_ros2_msgs/msg/detail/string_stamped__type_support.h
-- Installing: /home/onur/autonomous_robot/install/webots_ros2_msgs/include/webots_ros2_msgs/webots_ros2_msgs/msg/detail/pen_ink_properties__type_support.h
-- Installing: /home/onur/autonomous_robot/install/webots_ros2_msgs/include/webots_ros2_msgs/webots_ros2_msgs/msg/detail/urdf_robot__type_support.c
-- Installing: /home/onur/autonomous_robot/install/webots_ros2_msgs/include/webots_ros2_msgs/webots_ros2_msgs/msg/detail/bool_stamped__functions.c
-- Installing: /home/onur/autonomous_robot/install/webots_ros2_msgs/include/webots_ros2_msgs/webots_ros2_msgs/msg/detail/string_stamped__type_support.c
-- Installing: /home/onur/autonomous_robot/install/webots_ros2_msgs/include/webots_ros2_msgs/webots_ros2_msgs/msg/detail/float_stamped__type_support.h
-- Installing: /home/onur/autonomous_robot/install/webots_ros2_msgs/include/webots_ros2_msgs/webots_ros2_msgs/msg/detail/string_stamped__description.c
-- Installing: /home/onur/autonomous_robot/install/webots_ros2_msgs/include/webots_ros2_msgs/webots_ros2_msgs/msg/detail/urdf_robot__functions.c
-- Installing: /home/onur/autonomous_robot/install/webots_ros2_msgs/include/webots_ros2_msgs/webots_ros2_msgs/msg/detail/camera_recognition_objects__struct.h
-- Installing: /home/onur/autonomous_robot/install/webots_ros2_msgs/include/webots_ros2_msgs/webots_ros2_msgs/msg/detail/urdf_robot__description.c
-- Installing: /home/onur/autonomous_robot/install/webots_ros2_msgs/include/webots_ros2_msgs/webots_ros2_msgs/msg/detail/bool_stamped__functions.h
-- Installing: /home/onur/autonomous_robot/install/webots_ros2_msgs/include/webots_ros2_msgs/webots_ros2_msgs/msg/detail/bool_stamped__type_support.c
-- Installing: /home/onur/autonomous_robot/install/webots_ros2_msgs/include/webots_ros2_msgs/webots_ros2_msgs/msg/detail/float_stamped__struct.h
-- Installing: /home/onur/autonomous_robot/install/webots_ros2_msgs/include/webots_ros2_msgs/webots_ros2_msgs/msg/detail/camera_recognition_object__type_support.h
-- Installing: /home/onur/autonomous_robot/install/webots_ros2_msgs/include/webots_ros2_msgs/webots_ros2_msgs/msg/detail/urdf_robot__type_support.h
-- Installing: /home/onur/autonomous_robot/install/webots_ros2_msgs/include/webots_ros2_msgs/webots_ros2_msgs/msg/detail/float_stamped__functions.h
-- Installing: /home/onur/autonomous_robot/install/webots_ros2_msgs/include/webots_ros2_msgs/webots_ros2_msgs/msg/detail/pen_ink_properties__type_support.c
-- Installing: /home/onur/autonomous_robot/install/webots_ros2_msgs/include/webots_ros2_msgs/webots_ros2_msgs/msg/detail/string_stamped__struct.h
-- Installing: /home/onur/autonomous_robot/install/webots_ros2_msgs/include/webots_ros2_msgs/webots_ros2_msgs/msg/detail/bool_stamped__struct.h
-- Installing: /home/onur/autonomous_robot/install/webots_ros2_msgs/include/webots_ros2_msgs/webots_ros2_msgs/msg/detail/camera_recognition_object__type_support.c
-- Installing: /home/onur/autonomous_robot/install/webots_ros2_msgs/include/webots_ros2_msgs/webots_ros2_msgs/msg/detail/float_stamped__type_support.c
-- Installing: /home/onur/autonomous_robot/install/webots_ros2_msgs/include/webots_ros2_msgs/webots_ros2_msgs/msg/detail/float_stamped__functions.c
-- Installing: /home/onur/autonomous_robot/install/webots_ros2_msgs/include/webots_ros2_msgs/webots_ros2_msgs/msg/detail/camera_recognition_object__functions.h
-- Installing: /home/onur/autonomous_robot/install/webots_ros2_msgs/include/webots_ros2_msgs/webots_ros2_msgs/msg/detail/camera_recognition_object__description.c
-- Installing: /home/onur/autonomous_robot/install/webots_ros2_msgs/include/webots_ros2_msgs/webots_ros2_msgs/msg/detail/string_stamped__functions.h
-- Installing: /home/onur/autonomous_robot/install/webots_ros2_msgs/include/webots_ros2_msgs/webots_ros2_msgs/msg/detail/bool_stamped__type_support.h
-- Installing: /home/onur/autonomous_robot/install/webots_ros2_msgs/include/webots_ros2_msgs/webots_ros2_msgs/msg/detail/camera_recognition_objects__description.c
-- Installing: /home/onur/autonomous_robot/install/webots_ros2_msgs/include/webots_ros2_msgs/webots_ros2_msgs/msg/detail/camera_recognition_objects__type_support.h
-- Installing: /home/onur/autonomous_robot/install/webots_ros2_msgs/include/webots_ros2_msgs/webots_ros2_msgs/msg/detail/bool_stamped__description.c
-- Installing: /home/onur/autonomous_robot/install/webots_ros2_msgs/include/webots_ros2_msgs/webots_ros2_msgs/msg/detail/pen_ink_properties__functions.h
-- Installing: /home/onur/autonomous_robot/install/webots_ros2_msgs/include/webots_ros2_msgs/webots_ros2_msgs/msg/detail/float_stamped__description.c
-- Installing: /home/onur/autonomous_robot/install/webots_ros2_msgs/include/webots_ros2_msgs/webots_ros2_msgs/msg/detail/string_stamped__functions.c
-- Installing: /home/onur/autonomous_robot/install/webots_ros2_msgs/include/webots_ros2_msgs/webots_ros2_msgs/msg/detail/camera_recognition_object__functions.c
-- Installing: /home/onur/autonomous_robot/install/webots_ros2_msgs/include/webots_ros2_msgs/webots_ros2_msgs/msg/detail/pen_ink_properties__struct.h
-- Installing: /home/onur/autonomous_robot/install/webots_ros2_msgs/include/webots_ros2_msgs/webots_ros2_msgs/msg/camera_recognition_object.h
-- Installing: /home/onur/autonomous_robot/install/webots_ros2_msgs/include/webots_ros2_msgs/webots_ros2_msgs/msg/camera_recognition_objects.h
-- Installing: /home/onur/autonomous_robot/install/webots_ros2_msgs/include/webots_ros2_msgs/webots_ros2_msgs/msg/rosidl_generator_c__visibility_control.h
-- Installing: /home/onur/autonomous_robot/install/webots_ros2_msgs/include/webots_ros2_msgs/webots_ros2_msgs/msg/string_stamped.h
-- Installing: /home/onur/autonomous_robot/install/webots_ros2_msgs/include/webots_ros2_msgs/webots_ros2_msgs/msg/urdf_robot.h
-- Installing: /home/onur/autonomous_robot/install/webots_ros2_msgs/include/webots_ros2_msgs/webots_ros2_msgs/msg/bool_stamped.h
-- Installing: /home/onur/autonomous_robot/install/webots_ros2_msgs/include/webots_ros2_msgs/webots_ros2_msgs/msg/pen_ink_properties.h
-- Installing: /home/onur/autonomous_robot/install/webots_ros2_msgs/include/webots_ros2_msgs/webots_ros2_msgs/srv
-- Installing: /home/onur/autonomous_robot/install/webots_ros2_msgs/include/webots_ros2_msgs/webots_ros2_msgs/srv/detail
-- Installing: /home/onur/autonomous_robot/install/webots_ros2_msgs/include/webots_ros2_msgs/webots_ros2_msgs/srv/detail/spawn_urdf_robot__description.c
-- Installing: /home/onur/autonomous_robot/install/webots_ros2_msgs/include/webots_ros2_msgs/webots_ros2_msgs/srv/detail/spawn_node_from_string__struct.h
-- Installing: /home/onur/autonomous_robot/install/webots_ros2_msgs/include/webots_ros2_msgs/webots_ros2_msgs/srv/detail/get_bool__type_support.h
-- Installing: /home/onur/autonomous_robot/install/webots_ros2_msgs/include/webots_ros2_msgs/webots_ros2_msgs/srv/detail/spawn_node_from_string__description.c
-- Installing: /home/onur/autonomous_robot/install/webots_ros2_msgs/include/webots_ros2_msgs/webots_ros2_msgs/srv/detail/spawn_node_from_string__type_support.h
-- Installing: /home/onur/autonomous_robot/install/webots_ros2_msgs/include/webots_ros2_msgs/webots_ros2_msgs/srv/detail/emitter_send_string__functions.c
-- Installing: /home/onur/autonomous_robot/install/webots_ros2_msgs/include/webots_ros2_msgs/webots_ros2_msgs/srv/detail/spawn_node_from_string__type_support.c
-- Installing: /home/onur/autonomous_robot/install/webots_ros2_msgs/include/webots_ros2_msgs/webots_ros2_msgs/srv/detail/get_bool__functions.h
-- Installing: /home/onur/autonomous_robot/install/webots_ros2_msgs/include/webots_ros2_msgs/webots_ros2_msgs/srv/detail/spawn_urdf_robot__type_support.c
-- Installing: /home/onur/autonomous_robot/install/webots_ros2_msgs/include/webots_ros2_msgs/webots_ros2_msgs/srv/detail/spawn_node_from_string__functions.c
-- Installing: /home/onur/autonomous_robot/install/webots_ros2_msgs/include/webots_ros2_msgs/webots_ros2_msgs/srv/detail/emitter_send_string__functions.h
-- Installing: /home/onur/autonomous_robot/install/webots_ros2_msgs/include/webots_ros2_msgs/webots_ros2_msgs/srv/detail/set_string__type_support.h
-- Installing: /home/onur/autonomous_robot/install/webots_ros2_msgs/include/webots_ros2_msgs/webots_ros2_msgs/srv/detail/spawn_urdf_robot__type_support.h
-- Installing: /home/onur/autonomous_robot/install/webots_ros2_msgs/include/webots_ros2_msgs/webots_ros2_msgs/srv/detail/emitter_send_string__description.c
-- Installing: /home/onur/autonomous_robot/install/webots_ros2_msgs/include/webots_ros2_msgs/webots_ros2_msgs/srv/detail/get_bool__struct.h
-- Installing: /home/onur/autonomous_robot/install/webots_ros2_msgs/include/webots_ros2_msgs/webots_ros2_msgs/srv/detail/get_bool__type_support.c
-- Installing: /home/onur/autonomous_robot/install/webots_ros2_msgs/include/webots_ros2_msgs/webots_ros2_msgs/srv/detail/spawn_urdf_robot__functions.c
-- Installing: /home/onur/autonomous_robot/install/webots_ros2_msgs/include/webots_ros2_msgs/webots_ros2_msgs/srv/detail/set_string__functions.h
-- Installing: /home/onur/autonomous_robot/install/webots_ros2_msgs/include/webots_ros2_msgs/webots_ros2_msgs/srv/detail/set_string__type_support.c
-- Installing: /home/onur/autonomous_robot/install/webots_ros2_msgs/include/webots_ros2_msgs/webots_ros2_msgs/srv/detail/spawn_urdf_robot__struct.h
-- Installing: /home/onur/autonomous_robot/install/webots_ros2_msgs/include/webots_ros2_msgs/webots_ros2_msgs/srv/detail/emitter_send_string__type_support.c
-- Installing: /home/onur/autonomous_robot/install/webots_ros2_msgs/include/webots_ros2_msgs/webots_ros2_msgs/srv/detail/spawn_urdf_robot__functions.h
-- Installing: /home/onur/autonomous_robot/install/webots_ros2_msgs/include/webots_ros2_msgs/webots_ros2_msgs/srv/detail/set_string__description.c
-- Installing: /home/onur/autonomous_robot/install/webots_ros2_msgs/include/webots_ros2_msgs/webots_ros2_msgs/srv/detail/get_bool__functions.c
-- Installing: /home/onur/autonomous_robot/install/webots_ros2_msgs/include/webots_ros2_msgs/webots_ros2_msgs/srv/detail/set_string__struct.h
-- Installing: /home/onur/autonomous_robot/install/webots_ros2_msgs/include/webots_ros2_msgs/webots_ros2_msgs/srv/detail/spawn_node_from_string__functions.h
-- Installing: /home/onur/autonomous_robot/install/webots_ros2_msgs/include/webots_ros2_msgs/webots_ros2_msgs/srv/detail/emitter_send_string__struct.h
-- Installing: /home/onur/autonomous_robot/install/webots_ros2_msgs/include/webots_ros2_msgs/webots_ros2_msgs/srv/detail/get_bool__description.c
-- Installing: /home/onur/autonomous_robot/install/webots_ros2_msgs/include/webots_ros2_msgs/webots_ros2_msgs/srv/detail/set_string__functions.c
-- Installing: /home/onur/autonomous_robot/install/webots_ros2_msgs/include/webots_ros2_msgs/webots_ros2_msgs/srv/detail/emitter_send_string__type_support.h
-- Installing: /home/onur/autonomous_robot/install/webots_ros2_msgs/include/webots_ros2_msgs/webots_ros2_msgs/srv/spawn_urdf_robot.h
-- Installing: /home/onur/autonomous_robot/install/webots_ros2_msgs/include/webots_ros2_msgs/webots_ros2_msgs/srv/emitter_send_string.h
-- Installing: /home/onur/autonomous_robot/install/webots_ros2_msgs/include/webots_ros2_msgs/webots_ros2_msgs/srv/get_bool.h
-- Installing: /home/onur/autonomous_robot/install/webots_ros2_msgs/include/webots_ros2_msgs/webots_ros2_msgs/srv/set_string.h
-- Installing: /home/onur/autonomous_robot/install/webots_ros2_msgs/include/webots_ros2_msgs/webots_ros2_msgs/srv/spawn_node_from_string.h
-- Installing: /home/onur/autonomous_robot/install/webots_ros2_msgs/share/webots_ros2_msgs/environment/library_path.sh
-- Installing: /home/onur/autonomous_robot/install/webots_ros2_msgs/share/webots_ros2_msgs/environment/library_path.dsv
-- Installing: /home/onur/autonomous_robot/install/webots_ros2_msgs/lib/libwebots_ros2_msgs__rosidl_generator_c.so
-- Set non-toolchain portion of runtime path of "/home/onur/autonomous_robot/install/webots_ros2_msgs/lib/libwebots_ros2_msgs__rosidl_generator_c.so" to ""
-- Up-to-date: /home/onur/autonomous_robot/install/webots_ros2_msgs/include/webots_ros2_msgs/webots_ros2_msgs
-- Up-to-date: /home/onur/autonomous_robot/install/webots_ros2_msgs/include/webots_ros2_msgs/webots_ros2_msgs/msg
-- Up-to-date: /home/onur/autonomous_robot/install/webots_ros2_msgs/include/webots_ros2_msgs/webots_ros2_msgs/msg/detail
-- Installing: /home/onur/autonomous_robot/install/webots_ros2_msgs/include/webots_ros2_msgs/webots_ros2_msgs/msg/detail/float_stamped__rosidl_typesupport_fastrtps_c.h
-- Installing: /home/onur/autonomous_robot/install/webots_ros2_msgs/include/webots_ros2_msgs/webots_ros2_msgs/msg/detail/string_stamped__rosidl_typesupport_fastrtps_c.h
-- Installing: /home/onur/autonomous_robot/install/webots_ros2_msgs/include/webots_ros2_msgs/webots_ros2_msgs/msg/detail/pen_ink_properties__rosidl_typesupport_fastrtps_c.h
-- Installing: /home/onur/autonomous_robot/install/webots_ros2_msgs/include/webots_ros2_msgs/webots_ros2_msgs/msg/detail/camera_recognition_objects__rosidl_typesupport_fastrtps_c.h
-- Installing: /home/onur/autonomous_robot/install/webots_ros2_msgs/include/webots_ros2_msgs/webots_ros2_msgs/msg/detail/bool_stamped__rosidl_typesupport_fastrtps_c.h
-- Installing: /home/onur/autonomous_robot/install/webots_ros2_msgs/include/webots_ros2_msgs/webots_ros2_msgs/msg/detail/camera_recognition_object__rosidl_typesupport_fastrtps_c.h
-- Installing: /home/onur/autonomous_robot/install/webots_ros2_msgs/include/webots_ros2_msgs/webots_ros2_msgs/msg/detail/urdf_robot__rosidl_typesupport_fastrtps_c.h
-- Installing: /home/onur/autonomous_robot/install/webots_ros2_msgs/include/webots_ros2_msgs/webots_ros2_msgs/msg/rosidl_typesupport_fastrtps_c__visibility_control.h
-- Up-to-date: /home/onur/autonomous_robot/install/webots_ros2_msgs/include/webots_ros2_msgs/webots_ros2_msgs/srv
-- Up-to-date: /home/onur/autonomous_robot/install/webots_ros2_msgs/include/webots_ros2_msgs/webots_ros2_msgs/srv/detail
-- Installing: /home/onur/autonomous_robot/install/webots_ros2_msgs/include/webots_ros2_msgs/webots_ros2_msgs/srv/detail/get_bool__rosidl_typesupport_fastrtps_c.h
-- Installing: /home/onur/autonomous_robot/install/webots_ros2_msgs/include/webots_ros2_msgs/webots_ros2_msgs/srv/detail/set_string__rosidl_typesupport_fastrtps_c.h
-- Installing: /home/onur/autonomous_robot/install/webots_ros2_msgs/include/webots_ros2_msgs/webots_ros2_msgs/srv/detail/spawn_urdf_robot__rosidl_typesupport_fastrtps_c.h
-- Installing: /home/onur/autonomous_robot/install/webots_ros2_msgs/include/webots_ros2_msgs/webots_ros2_msgs/srv/detail/spawn_node_from_string__rosidl_typesupport_fastrtps_c.h
-- Installing: /home/onur/autonomous_robot/install/webots_ros2_msgs/include/webots_ros2_msgs/webots_ros2_msgs/srv/detail/emitter_send_string__rosidl_typesupport_fastrtps_c.h
-- Installing: /home/onur/autonomous_robot/install/webots_ros2_msgs/lib/libwebots_ros2_msgs__rosidl_typesupport_fastrtps_c.so
-- Set non-toolchain portion of runtime path of "/home/onur/autonomous_robot/install/webots_ros2_msgs/lib/libwebots_ros2_msgs__rosidl_typesupport_fastrtps_c.so" to ""
-- Up-to-date: /home/onur/autonomous_robot/install/webots_ros2_msgs/include/webots_ros2_msgs/webots_ros2_msgs
-- Up-to-date: /home/onur/autonomous_robot/install/webots_ros2_msgs/include/webots_ros2_msgs/webots_ros2_msgs/msg
-- Installing: /home/onur/autonomous_robot/install/webots_ros2_msgs/include/webots_ros2_msgs/webots_ros2_msgs/msg/urdf_robot.hpp
-- Up-to-date: /home/onur/autonomous_robot/install/webots_ros2_msgs/include/webots_ros2_msgs/webots_ros2_msgs/msg/detail
-- Installing: /home/onur/autonomous_robot/install/webots_ros2_msgs/include/webots_ros2_msgs/webots_ros2_msgs/msg/detail/camera_recognition_objects__traits.hpp
-- Installing: /home/onur/autonomous_robot/install/webots_ros2_msgs/include/webots_ros2_msgs/webots_ros2_msgs/msg/detail/string_stamped__struct.hpp
-- Installing: /home/onur/autonomous_robot/install/webots_ros2_msgs/include/webots_ros2_msgs/webots_ros2_msgs/msg/detail/pen_ink_properties__traits.hpp
-- Installing: /home/onur/autonomous_robot/install/webots_ros2_msgs/include/webots_ros2_msgs/webots_ros2_msgs/msg/detail/float_stamped__builder.hpp
-- Installing: /home/onur/autonomous_robot/install/webots_ros2_msgs/include/webots_ros2_msgs/webots_ros2_msgs/msg/detail/float_stamped__traits.hpp
-- Installing: /home/onur/autonomous_robot/install/webots_ros2_msgs/include/webots_ros2_msgs/webots_ros2_msgs/msg/detail/bool_stamped__type_support.hpp
-- Installing: /home/onur/autonomous_robot/install/webots_ros2_msgs/include/webots_ros2_msgs/webots_ros2_msgs/msg/detail/pen_ink_properties__type_support.hpp
-- Installing: /home/onur/autonomous_robot/install/webots_ros2_msgs/include/webots_ros2_msgs/webots_ros2_msgs/msg/detail/float_stamped__struct.hpp
-- Installing: /home/onur/autonomous_robot/install/webots_ros2_msgs/include/webots_ros2_msgs/webots_ros2_msgs/msg/detail/camera_recognition_object__builder.hpp
-- Installing: /home/onur/autonomous_robot/install/webots_ros2_msgs/include/webots_ros2_msgs/webots_ros2_msgs/msg/detail/camera_recognition_object__traits.hpp
-- Installing: /home/onur/autonomous_robot/install/webots_ros2_msgs/include/webots_ros2_msgs/webots_ros2_msgs/msg/detail/camera_recognition_object__struct.hpp
-- Installing: /home/onur/autonomous_robot/install/webots_ros2_msgs/include/webots_ros2_msgs/webots_ros2_msgs/msg/detail/urdf_robot__traits.hpp
-- Installing: /home/onur/autonomous_robot/install/webots_ros2_msgs/include/webots_ros2_msgs/webots_ros2_msgs/msg/detail/float_stamped__type_support.hpp
-- Installing: /home/onur/autonomous_robot/install/webots_ros2_msgs/include/webots_ros2_msgs/webots_ros2_msgs/msg/detail/string_stamped__traits.hpp
-- Installing: /home/onur/autonomous_robot/install/webots_ros2_msgs/include/webots_ros2_msgs/webots_ros2_msgs/msg/detail/bool_stamped__builder.hpp
-- Installing: /home/onur/autonomous_robot/install/webots_ros2_msgs/include/webots_ros2_msgs/webots_ros2_msgs/msg/detail/bool_stamped__traits.hpp
-- Installing: /home/onur/autonomous_robot/install/webots_ros2_msgs/include/webots_ros2_msgs/webots_ros2_msgs/msg/detail/string_stamped__builder.hpp
-- Installing: /home/onur/autonomous_robot/install/webots_ros2_msgs/include/webots_ros2_msgs/webots_ros2_msgs/msg/detail/pen_ink_properties__builder.hpp
-- Installing: /home/onur/autonomous_robot/install/webots_ros2_msgs/include/webots_ros2_msgs/webots_ros2_msgs/msg/detail/camera_recognition_objects__type_support.hpp
-- Installing: /home/onur/autonomous_robot/install/webots_ros2_msgs/include/webots_ros2_msgs/webots_ros2_msgs/msg/detail/pen_ink_properties__struct.hpp
-- Installing: /home/onur/autonomous_robot/install/webots_ros2_msgs/include/webots_ros2_msgs/webots_ros2_msgs/msg/detail/urdf_robot__struct.hpp
-- Installing: /home/onur/autonomous_robot/install/webots_ros2_msgs/include/webots_ros2_msgs/webots_ros2_msgs/msg/detail/camera_recognition_object__type_support.hpp
-- Installing: /home/onur/autonomous_robot/install/webots_ros2_msgs/include/webots_ros2_msgs/webots_ros2_msgs/msg/detail/bool_stamped__struct.hpp
-- Installing: /home/onur/autonomous_robot/install/webots_ros2_msgs/include/webots_ros2_msgs/webots_ros2_msgs/msg/detail/camera_recognition_objects__struct.hpp
-- Installing: /home/onur/autonomous_robot/install/webots_ros2_msgs/include/webots_ros2_msgs/webots_ros2_msgs/msg/detail/urdf_robot__type_support.hpp
-- Installing: /home/onur/autonomous_robot/install/webots_ros2_msgs/include/webots_ros2_msgs/webots_ros2_msgs/msg/detail/camera_recognition_objects__builder.hpp
-- Installing: /home/onur/autonomous_robot/install/webots_ros2_msgs/include/webots_ros2_msgs/webots_ros2_msgs/msg/detail/urdf_robot__builder.hpp
-- Installing: /home/onur/autonomous_robot/install/webots_ros2_msgs/include/webots_ros2_msgs/webots_ros2_msgs/msg/detail/string_stamped__type_support.hpp
-- Installing: /home/onur/autonomous_robot/install/webots_ros2_msgs/include/webots_ros2_msgs/webots_ros2_msgs/msg/camera_recognition_object.hpp
-- Installing: /home/onur/autonomous_robot/install/webots_ros2_msgs/include/webots_ros2_msgs/webots_ros2_msgs/msg/float_stamped.hpp
-- Installing: /home/onur/autonomous_robot/install/webots_ros2_msgs/include/webots_ros2_msgs/webots_ros2_msgs/msg/camera_recognition_objects.hpp
-- Installing: /home/onur/autonomous_robot/install/webots_ros2_msgs/include/webots_ros2_msgs/webots_ros2_msgs/msg/rosidl_generator_cpp__visibility_control.hpp
-- Installing: /home/onur/autonomous_robot/install/webots_ros2_msgs/include/webots_ros2_msgs/webots_ros2_msgs/msg/pen_ink_properties.hpp
-- Installing: /home/onur/autonomous_robot/install/webots_ros2_msgs/include/webots_ros2_msgs/webots_ros2_msgs/msg/bool_stamped.hpp
-- Installing: /home/onur/autonomous_robot/install/webots_ros2_msgs/include/webots_ros2_msgs/webots_ros2_msgs/msg/string_stamped.hpp
-- Up-to-date: /home/onur/autonomous_robot/install/webots_ros2_msgs/include/webots_ros2_msgs/webots_ros2_msgs/srv
-- Up-to-date: /home/onur/autonomous_robot/install/webots_ros2_msgs/include/webots_ros2_msgs/webots_ros2_msgs/srv/detail
-- Installing: /home/onur/autonomous_robot/install/webots_ros2_msgs/include/webots_ros2_msgs/webots_ros2_msgs/srv/detail/emitter_send_string__type_support.hpp
-- Installing: /home/onur/autonomous_robot/install/webots_ros2_msgs/include/webots_ros2_msgs/webots_ros2_msgs/srv/detail/emitter_send_string__struct.hpp
-- Installing: /home/onur/autonomous_robot/install/webots_ros2_msgs/include/webots_ros2_msgs/webots_ros2_msgs/srv/detail/emitter_send_string__traits.hpp
-- Installing: /home/onur/autonomous_robot/install/webots_ros2_msgs/include/webots_ros2_msgs/webots_ros2_msgs/srv/detail/spawn_urdf_robot__struct.hpp
-- Installing: /home/onur/autonomous_robot/install/webots_ros2_msgs/include/webots_ros2_msgs/webots_ros2_msgs/srv/detail/spawn_node_from_string__builder.hpp
-- Installing: /home/onur/autonomous_robot/install/webots_ros2_msgs/include/webots_ros2_msgs/webots_ros2_msgs/srv/detail/get_bool__struct.hpp
-- Installing: /home/onur/autonomous_robot/install/webots_ros2_msgs/include/webots_ros2_msgs/webots_ros2_msgs/srv/detail/spawn_node_from_string__struct.hpp
-- Installing: /home/onur/autonomous_robot/install/webots_ros2_msgs/include/webots_ros2_msgs/webots_ros2_msgs/srv/detail/emitter_send_string__builder.hpp
-- Installing: /home/onur/autonomous_robot/install/webots_ros2_msgs/include/webots_ros2_msgs/webots_ros2_msgs/srv/detail/spawn_node_from_string__type_support.hpp
-- Installing: /home/onur/autonomous_robot/install/webots_ros2_msgs/include/webots_ros2_msgs/webots_ros2_msgs/srv/detail/set_string__builder.hpp
-- Installing: /home/onur/autonomous_robot/install/webots_ros2_msgs/include/webots_ros2_msgs/webots_ros2_msgs/srv/detail/spawn_node_from_string__traits.hpp
-- Installing: /home/onur/autonomous_robot/install/webots_ros2_msgs/include/webots_ros2_msgs/webots_ros2_msgs/srv/detail/set_string__type_support.hpp
-- Installing: /home/onur/autonomous_robot/install/webots_ros2_msgs/include/webots_ros2_msgs/webots_ros2_msgs/srv/detail/get_bool__traits.hpp
-- Installing: /home/onur/autonomous_robot/install/webots_ros2_msgs/include/webots_ros2_msgs/webots_ros2_msgs/srv/detail/set_string__traits.hpp
-- Installing: /home/onur/autonomous_robot/install/webots_ros2_msgs/include/webots_ros2_msgs/webots_ros2_msgs/srv/detail/spawn_urdf_robot__type_support.hpp
-- Installing: /home/onur/autonomous_robot/install/webots_ros2_msgs/include/webots_ros2_msgs/webots_ros2_msgs/srv/detail/set_string__struct.hpp
-- Installing: /home/onur/autonomous_robot/install/webots_ros2_msgs/include/webots_ros2_msgs/webots_ros2_msgs/srv/detail/spawn_urdf_robot__builder.hpp
-- Installing: /home/onur/autonomous_robot/install/webots_ros2_msgs/include/webots_ros2_msgs/webots_ros2_msgs/srv/detail/get_bool__type_support.hpp
-- Installing: /home/onur/autonomous_robot/install/webots_ros2_msgs/include/webots_ros2_msgs/webots_ros2_msgs/srv/detail/get_bool__builder.hpp
-- Installing: /home/onur/autonomous_robot/install/webots_ros2_msgs/include/webots_ros2_msgs/webots_ros2_msgs/srv/detail/spawn_urdf_robot__traits.hpp
-- Installing: /home/onur/autonomous_robot/install/webots_ros2_msgs/include/webots_ros2_msgs/webots_ros2_msgs/srv/get_bool.hpp
-- Installing: /home/onur/autonomous_robot/install/webots_ros2_msgs/include/webots_ros2_msgs/webots_ros2_msgs/srv/emitter_send_string.hpp
-- Installing: /home/onur/autonomous_robot/install/webots_ros2_msgs/include/webots_ros2_msgs/webots_ros2_msgs/srv/set_string.hpp
-- Installing: /home/onur/autonomous_robot/install/webots_ros2_msgs/include/webots_ros2_msgs/webots_ros2_msgs/srv/spawn_urdf_robot.hpp
-- Installing: /home/onur/autonomous_robot/install/webots_ros2_msgs/include/webots_ros2_msgs/webots_ros2_msgs/srv/spawn_node_from_string.hpp
-- Up-to-date: /home/onur/autonomous_robot/install/webots_ros2_msgs/include/webots_ros2_msgs/webots_ros2_msgs
-- Up-to-date: /home/onur/autonomous_robot/install/webots_ros2_msgs/include/webots_ros2_msgs/webots_ros2_msgs/msg
-- Up-to-date: /home/onur/autonomous_robot/install/webots_ros2_msgs/include/webots_ros2_msgs/webots_ros2_msgs/msg/detail
-- Installing: /home/onur/autonomous_robot/install/webots_ros2_msgs/include/webots_ros2_msgs/webots_ros2_msgs/msg/detail/string_stamped__rosidl_typesupport_fastrtps_cpp.hpp
-- Installing: /home/onur/autonomous_robot/install/webots_ros2_msgs/include/webots_ros2_msgs/webots_ros2_msgs/msg/detail/camera_recognition_objects__rosidl_typesupport_fastrtps_cpp.hpp
-- Installing: /home/onur/autonomous_robot/install/webots_ros2_msgs/include/webots_ros2_msgs/webots_ros2_msgs/msg/detail/pen_ink_properties__rosidl_typesupport_fastrtps_cpp.hpp
-- Installing: /home/onur/autonomous_robot/install/webots_ros2_msgs/include/webots_ros2_msgs/webots_ros2_msgs/msg/detail/bool_stamped__rosidl_typesupport_fastrtps_cpp.hpp
-- Installing: /home/onur/autonomous_robot/install/webots_ros2_msgs/include/webots_ros2_msgs/webots_ros2_msgs/msg/detail/dds_fastrtps
-- Installing: /home/onur/autonomous_robot/install/webots_ros2_msgs/include/webots_ros2_msgs/webots_ros2_msgs/msg/detail/camera_recognition_object__rosidl_typesupport_fastrtps_cpp.hpp
-- Installing: /home/onur/autonomous_robot/install/webots_ros2_msgs/include/webots_ros2_msgs/webots_ros2_msgs/msg/detail/urdf_robot__rosidl_typesupport_fastrtps_cpp.hpp
-- Installing: /home/onur/autonomous_robot/install/webots_ros2_msgs/include/webots_ros2_msgs/webots_ros2_msgs/msg/detail/float_stamped__rosidl_typesupport_fastrtps_cpp.hpp
-- Installing: /home/onur/autonomous_robot/install/webots_ros2_msgs/include/webots_ros2_msgs/webots_ros2_msgs/msg/rosidl_typesupport_fastrtps_cpp__visibility_control.h
-- Up-to-date: /home/onur/autonomous_robot/install/webots_ros2_msgs/include/webots_ros2_msgs/webots_ros2_msgs/srv
-- Up-to-date: /home/onur/autonomous_robot/install/webots_ros2_msgs/include/webots_ros2_msgs/webots_ros2_msgs/srv/detail
-- Installing: /home/onur/autonomous_robot/install/webots_ros2_msgs/include/webots_ros2_msgs/webots_ros2_msgs/srv/detail/emitter_send_string__rosidl_typesupport_fastrtps_cpp.hpp
-- Installing: /home/onur/autonomous_robot/install/webots_ros2_msgs/include/webots_ros2_msgs/webots_ros2_msgs/srv/detail/spawn_urdf_robot__rosidl_typesupport_fastrtps_cpp.hpp
-- Installing: /home/onur/autonomous_robot/install/webots_ros2_msgs/include/webots_ros2_msgs/webots_ros2_msgs/srv/detail/spawn_node_from_string__rosidl_typesupport_fastrtps_cpp.hpp
-- Installing: /home/onur/autonomous_robot/install/webots_ros2_msgs/include/webots_ros2_msgs/webots_ros2_msgs/srv/detail/get_bool__rosidl_typesupport_fastrtps_cpp.hpp
-- Installing: /home/onur/autonomous_robot/install/webots_ros2_msgs/include/webots_ros2_msgs/webots_ros2_msgs/srv/detail/dds_fastrtps
-- Installing: /home/onur/autonomous_robot/install/webots_ros2_msgs/include/webots_ros2_msgs/webots_ros2_msgs/srv/detail/set_string__rosidl_typesupport_fastrtps_cpp.hpp
-- Installing: /home/onur/autonomous_robot/install/webots_ros2_msgs/lib/libwebots_ros2_msgs__rosidl_typesupport_fastrtps_cpp.so
-- Set non-toolchain portion of runtime path of "/home/onur/autonomous_robot/install/webots_ros2_msgs/lib/libwebots_ros2_msgs__rosidl_typesupport_fastrtps_cpp.so" to ""
-- Up-to-date: /home/onur/autonomous_robot/install/webots_ros2_msgs/include/webots_ros2_msgs/webots_ros2_msgs
-- Up-to-date: /home/onur/autonomous_robot/install/webots_ros2_msgs/include/webots_ros2_msgs/webots_ros2_msgs/msg
-- Up-to-date: /home/onur/autonomous_robot/install/webots_ros2_msgs/include/webots_ros2_msgs/webots_ros2_msgs/msg/detail
-- Installing: /home/onur/autonomous_robot/install/webots_ros2_msgs/include/webots_ros2_msgs/webots_ros2_msgs/msg/detail/camera_recognition_objects__type_support.c
-- Installing: /home/onur/autonomous_robot/install/webots_ros2_msgs/include/webots_ros2_msgs/webots_ros2_msgs/msg/detail/urdf_robot__type_support.c
-- Installing: /home/onur/autonomous_robot/install/webots_ros2_msgs/include/webots_ros2_msgs/webots_ros2_msgs/msg/detail/string_stamped__type_support.c
-- Installing: /home/onur/autonomous_robot/install/webots_ros2_msgs/include/webots_ros2_msgs/webots_ros2_msgs/msg/detail/camera_recognition_object__rosidl_typesupport_introspection_c.h
-- Installing: /home/onur/autonomous_robot/install/webots_ros2_msgs/include/webots_ros2_msgs/webots_ros2_msgs/msg/detail/pen_ink_properties__rosidl_typesupport_introspection_c.h
-- Installing: /home/onur/autonomous_robot/install/webots_ros2_msgs/include/webots_ros2_msgs/webots_ros2_msgs/msg/detail/bool_stamped__rosidl_typesupport_introspection_c.h
-- Installing: /home/onur/autonomous_robot/install/webots_ros2_msgs/include/webots_ros2_msgs/webots_ros2_msgs/msg/detail/camera_recognition_objects__rosidl_typesupport_introspection_c.h
-- Installing: /home/onur/autonomous_robot/install/webots_ros2_msgs/include/webots_ros2_msgs/webots_ros2_msgs/msg/detail/urdf_robot__rosidl_typesupport_introspection_c.h
-- Installing: /home/onur/autonomous_robot/install/webots_ros2_msgs/include/webots_ros2_msgs/webots_ros2_msgs/msg/detail/bool_stamped__type_support.c
-- Installing: /home/onur/autonomous_robot/install/webots_ros2_msgs/include/webots_ros2_msgs/webots_ros2_msgs/msg/detail/pen_ink_properties__type_support.c
-- Installing: /home/onur/autonomous_robot/install/webots_ros2_msgs/include/webots_ros2_msgs/webots_ros2_msgs/msg/detail/camera_recognition_object__type_support.c
-- Installing: /home/onur/autonomous_robot/install/webots_ros2_msgs/include/webots_ros2_msgs/webots_ros2_msgs/msg/detail/float_stamped__type_support.c
-- Installing: /home/onur/autonomous_robot/install/webots_ros2_msgs/include/webots_ros2_msgs/webots_ros2_msgs/msg/detail/float_stamped__rosidl_typesupport_introspection_c.h
-- Installing: /home/onur/autonomous_robot/install/webots_ros2_msgs/include/webots_ros2_msgs/webots_ros2_msgs/msg/detail/string_stamped__rosidl_typesupport_introspection_c.h
-- Installing: /home/onur/autonomous_robot/install/webots_ros2_msgs/include/webots_ros2_msgs/webots_ros2_msgs/msg/rosidl_typesupport_introspection_c__visibility_control.h
-- Up-to-date: /home/onur/autonomous_robot/install/webots_ros2_msgs/include/webots_ros2_msgs/webots_ros2_msgs/srv
-- Up-to-date: /home/onur/autonomous_robot/install/webots_ros2_msgs/include/webots_ros2_msgs/webots_ros2_msgs/srv/detail
-- Installing: /home/onur/autonomous_robot/install/webots_ros2_msgs/include/webots_ros2_msgs/webots_ros2_msgs/srv/detail/spawn_node_from_string__rosidl_typesupport_introspection_c.h
-- Installing: /home/onur/autonomous_robot/install/webots_ros2_msgs/include/webots_ros2_msgs/webots_ros2_msgs/srv/detail/spawn_urdf_robot__rosidl_typesupport_introspection_c.h
-- Installing: /home/onur/autonomous_robot/install/webots_ros2_msgs/include/webots_ros2_msgs/webots_ros2_msgs/srv/detail/spawn_node_from_string__type_support.c
-- Installing: /home/onur/autonomous_robot/install/webots_ros2_msgs/include/webots_ros2_msgs/webots_ros2_msgs/srv/detail/set_string__rosidl_typesupport_introspection_c.h
-- Installing: /home/onur/autonomous_robot/install/webots_ros2_msgs/include/webots_ros2_msgs/webots_ros2_msgs/srv/detail/spawn_urdf_robot__type_support.c
-- Installing: /home/onur/autonomous_robot/install/webots_ros2_msgs/include/webots_ros2_msgs/webots_ros2_msgs/srv/detail/get_bool__rosidl_typesupport_introspection_c.h
-- Installing: /home/onur/autonomous_robot/install/webots_ros2_msgs/include/webots_ros2_msgs/webots_ros2_msgs/srv/detail/get_bool__type_support.c
-- Installing: /home/onur/autonomous_robot/install/webots_ros2_msgs/include/webots_ros2_msgs/webots_ros2_msgs/srv/detail/set_string__type_support.c
-- Installing: /home/onur/autonomous_robot/install/webots_ros2_msgs/include/webots_ros2_msgs/webots_ros2_msgs/srv/detail/emitter_send_string__type_support.c
-- Installing: /home/onur/autonomous_robot/install/webots_ros2_msgs/include/webots_ros2_msgs/webots_ros2_msgs/srv/detail/emitter_send_string__rosidl_typesupport_introspection_c.h
-- Installing: /home/onur/autonomous_robot/install/webots_ros2_msgs/lib/libwebots_ros2_msgs__rosidl_typesupport_introspection_c.so
-- Set non-toolchain portion of runtime path of "/home/onur/autonomous_robot/install/webots_ros2_msgs/lib/libwebots_ros2_msgs__rosidl_typesupport_introspection_c.so" to ""
-- Installing: /home/onur/autonomous_robot/install/webots_ros2_msgs/lib/libwebots_ros2_msgs__rosidl_typesupport_c.so
-- Set non-toolchain portion of runtime path of "/home/onur/autonomous_robot/install/webots_ros2_msgs/lib/libwebots_ros2_msgs__rosidl_typesupport_c.so" to ""
-- Up-to-date: /home/onur/autonomous_robot/install/webots_ros2_msgs/include/webots_ros2_msgs/webots_ros2_msgs
-- Up-to-date: /home/onur/autonomous_robot/install/webots_ros2_msgs/include/webots_ros2_msgs/webots_ros2_msgs/msg
-- Up-to-date: /home/onur/autonomous_robot/install/webots_ros2_msgs/include/webots_ros2_msgs/webots_ros2_msgs/msg/detail
-- Installing: /home/onur/autonomous_robot/install/webots_ros2_msgs/include/webots_ros2_msgs/webots_ros2_msgs/msg/detail/bool_stamped__rosidl_typesupport_introspection_cpp.hpp
-- Installing: /home/onur/autonomous_robot/install/webots_ros2_msgs/include/webots_ros2_msgs/webots_ros2_msgs/msg/detail/pen_ink_properties__rosidl_typesupport_introspection_cpp.hpp
-- Installing: /home/onur/autonomous_robot/install/webots_ros2_msgs/include/webots_ros2_msgs/webots_ros2_msgs/msg/detail/float_stamped__rosidl_typesupport_introspection_cpp.hpp
-- Installing: /home/onur/autonomous_robot/install/webots_ros2_msgs/include/webots_ros2_msgs/webots_ros2_msgs/msg/detail/urdf_robot__type_support.cpp
-- Installing: /home/onur/autonomous_robot/install/webots_ros2_msgs/include/webots_ros2_msgs/webots_ros2_msgs/msg/detail/pen_ink_properties__type_support.cpp
-- Installing: /home/onur/autonomous_robot/install/webots_ros2_msgs/include/webots_ros2_msgs/webots_ros2_msgs/msg/detail/camera_recognition_object__rosidl_typesupport_introspection_cpp.hpp
-- Installing: /home/onur/autonomous_robot/install/webots_ros2_msgs/include/webots_ros2_msgs/webots_ros2_msgs/msg/detail/urdf_robot__rosidl_typesupport_introspection_cpp.hpp
-- Installing: /home/onur/autonomous_robot/install/webots_ros2_msgs/include/webots_ros2_msgs/webots_ros2_msgs/msg/detail/string_stamped__type_support.cpp
-- Installing: /home/onur/autonomous_robot/install/webots_ros2_msgs/include/webots_ros2_msgs/webots_ros2_msgs/msg/detail/bool_stamped__type_support.cpp
-- Installing: /home/onur/autonomous_robot/install/webots_ros2_msgs/include/webots_ros2_msgs/webots_ros2_msgs/msg/detail/float_stamped__type_support.cpp
-- Installing: /home/onur/autonomous_robot/install/webots_ros2_msgs/include/webots_ros2_msgs/webots_ros2_msgs/msg/detail/camera_recognition_objects__type_support.cpp
-- Installing: /home/onur/autonomous_robot/install/webots_ros2_msgs/include/webots_ros2_msgs/webots_ros2_msgs/msg/detail/camera_recognition_object__type_support.cpp
-- Installing: /home/onur/autonomous_robot/install/webots_ros2_msgs/include/webots_ros2_msgs/webots_ros2_msgs/msg/detail/camera_recognition_objects__rosidl_typesupport_introspection_cpp.hpp
-- Installing: /home/onur/autonomous_robot/install/webots_ros2_msgs/include/webots_ros2_msgs/webots_ros2_msgs/msg/detail/string_stamped__rosidl_typesupport_introspection_cpp.hpp
-- Up-to-date: /home/onur/autonomous_robot/install/webots_ros2_msgs/include/webots_ros2_msgs/webots_ros2_msgs/srv
-- Up-to-date: /home/onur/autonomous_robot/install/webots_ros2_msgs/include/webots_ros2_msgs/webots_ros2_msgs/srv/detail
-- Installing: /home/onur/autonomous_robot/install/webots_ros2_msgs/include/webots_ros2_msgs/webots_ros2_msgs/srv/detail/spawn_node_from_string__type_support.cpp
-- Installing: /home/onur/autonomous_robot/install/webots_ros2_msgs/include/webots_ros2_msgs/webots_ros2_msgs/srv/detail/spawn_urdf_robot__rosidl_typesupport_introspection_cpp.hpp
-- Installing: /home/onur/autonomous_robot/install/webots_ros2_msgs/include/webots_ros2_msgs/webots_ros2_msgs/srv/detail/emitter_send_string__rosidl_typesupport_introspection_cpp.hpp
-- Installing: /home/onur/autonomous_robot/install/webots_ros2_msgs/include/webots_ros2_msgs/webots_ros2_msgs/srv/detail/get_bool__rosidl_typesupport_introspection_cpp.hpp
-- Installing: /home/onur/autonomous_robot/install/webots_ros2_msgs/include/webots_ros2_msgs/webots_ros2_msgs/srv/detail/get_bool__type_support.cpp
-- Installing: /home/onur/autonomous_robot/install/webots_ros2_msgs/include/webots_ros2_msgs/webots_ros2_msgs/srv/detail/set_string__rosidl_typesupport_introspection_cpp.hpp
-- Installing: /home/onur/autonomous_robot/install/webots_ros2_msgs/include/webots_ros2_msgs/webots_ros2_msgs/srv/detail/set_string__type_support.cpp
-- Installing: /home/onur/autonomous_robot/install/webots_ros2_msgs/include/webots_ros2_msgs/webots_ros2_msgs/srv/detail/spawn_urdf_robot__type_support.cpp
-- Installing: /home/onur/autonomous_robot/install/webots_ros2_msgs/include/webots_ros2_msgs/webots_ros2_msgs/srv/detail/emitter_send_string__type_support.cpp
-- Installing: /home/onur/autonomous_robot/install/webots_ros2_msgs/include/webots_ros2_msgs/webots_ros2_msgs/srv/detail/spawn_node_from_string__rosidl_typesupport_introspection_cpp.hpp
-- Installing: /home/onur/autonomous_robot/install/webots_ros2_msgs/lib/libwebots_ros2_msgs__rosidl_typesupport_introspection_cpp.so
-- Set non-toolchain portion of runtime path of "/home/onur/autonomous_robot/install/webots_ros2_msgs/lib/libwebots_ros2_msgs__rosidl_typesupport_introspection_cpp.so" to ""
-- Installing: /home/onur/autonomous_robot/install/webots_ros2_msgs/lib/libwebots_ros2_msgs__rosidl_typesupport_cpp.so
-- Set non-toolchain portion of runtime path of "/home/onur/autonomous_robot/install/webots_ros2_msgs/lib/libwebots_ros2_msgs__rosidl_typesupport_cpp.so" to ""
-- Installing: /home/onur/autonomous_robot/install/webots_ros2_msgs/share/webots_ros2_msgs/environment/pythonpath.sh
-- Installing: /home/onur/autonomous_robot/install/webots_ros2_msgs/share/webots_ros2_msgs/environment/pythonpath.dsv
-- Installing: /home/onur/autonomous_robot/install/webots_ros2_msgs/lib/python3.14/site-packages/webots_ros2_msgs/webots_ros2_msgs_s__rosidl_typesupport_fastrtps_c.so
-- Set non-toolchain portion of runtime path of "/home/onur/autonomous_robot/install/webots_ros2_msgs/lib/python3.14/site-packages/webots_ros2_msgs/webots_ros2_msgs_s__rosidl_typesupport_fastrtps_c.so" to ""
-- Installing: /home/onur/autonomous_robot/install/webots_ros2_msgs/lib/python3.14/site-packages/webots_ros2_msgs/webots_ros2_msgs_s__rosidl_typesupport_introspection_c.so
-- Set non-toolchain portion of runtime path of "/home/onur/autonomous_robot/install/webots_ros2_msgs/lib/python3.14/site-packages/webots_ros2_msgs/webots_ros2_msgs_s__rosidl_typesupport_introspection_c.so" to ""
-- Installing: /home/onur/autonomous_robot/install/webots_ros2_msgs/lib/python3.14/site-packages/webots_ros2_msgs/webots_ros2_msgs_s__rosidl_typesupport_c.so
-- Set non-toolchain portion of runtime path of "/home/onur/autonomous_robot/install/webots_ros2_msgs/lib/python3.14/site-packages/webots_ros2_msgs/webots_ros2_msgs_s__rosidl_typesupport_c.so" to ""
-- Installing: /home/onur/autonomous_robot/install/webots_ros2_msgs/lib/libwebots_ros2_msgs__rosidl_generator_py.so
-- Set non-toolchain portion of runtime path of "/home/onur/autonomous_robot/install/webots_ros2_msgs/lib/libwebots_ros2_msgs__rosidl_generator_py.so" to ""
-- Installing: /home/onur/autonomous_robot/install/webots_ros2_msgs/share/webots_ros2_msgs/rust
-- Installing: /home/onur/autonomous_robot/install/webots_ros2_msgs/share/webots_ros2_msgs/rust/src
-- Installing: /home/onur/autonomous_robot/install/webots_ros2_msgs/share/webots_ros2_msgs/rust/src/lib.rs
-- Installing: /home/onur/autonomous_robot/install/webots_ros2_msgs/share/webots_ros2_msgs/rust/src/srv.rs
-- Installing: /home/onur/autonomous_robot/install/webots_ros2_msgs/share/webots_ros2_msgs/rust/src/msg
-- Installing: /home/onur/autonomous_robot/install/webots_ros2_msgs/share/webots_ros2_msgs/rust/src/msg/rmw.rs
-- Installing: /home/onur/autonomous_robot/install/webots_ros2_msgs/share/webots_ros2_msgs/rust/src/msg.rs
-- Installing: /home/onur/autonomous_robot/install/webots_ros2_msgs/share/webots_ros2_msgs/rust/src/srv
-- Installing: /home/onur/autonomous_robot/install/webots_ros2_msgs/share/webots_ros2_msgs/rust/src/srv/rmw.rs
-- Installing: /home/onur/autonomous_robot/install/webots_ros2_msgs/share/webots_ros2_msgs/rust/build.rs
-- Installing: /home/onur/autonomous_robot/install/webots_ros2_msgs/share/webots_ros2_msgs/rust/Cargo.toml
-- Installing: /home/onur/autonomous_robot/install/webots_ros2_msgs/share/webots_ros2_msgs/msg/BoolStamped.idl
-- Installing: /home/onur/autonomous_robot/install/webots_ros2_msgs/share/webots_ros2_msgs/msg/FloatStamped.idl
-- Installing: /home/onur/autonomous_robot/install/webots_ros2_msgs/share/webots_ros2_msgs/msg/StringStamped.idl
-- Installing: /home/onur/autonomous_robot/install/webots_ros2_msgs/share/webots_ros2_msgs/msg/CameraRecognitionObject.idl
-- Installing: /home/onur/autonomous_robot/install/webots_ros2_msgs/share/webots_ros2_msgs/msg/CameraRecognitionObjects.idl
-- Installing: /home/onur/autonomous_robot/install/webots_ros2_msgs/share/webots_ros2_msgs/msg/UrdfRobot.idl
-- Installing: /home/onur/autonomous_robot/install/webots_ros2_msgs/share/webots_ros2_msgs/msg/PenInkProperties.idl
-- Installing: /home/onur/autonomous_robot/install/webots_ros2_msgs/share/webots_ros2_msgs/srv/EmitterSendString.idl
-- Installing: /home/onur/autonomous_robot/install/webots_ros2_msgs/share/webots_ros2_msgs/srv/GetBool.idl
-- Installing: /home/onur/autonomous_robot/install/webots_ros2_msgs/share/webots_ros2_msgs/srv/SetString.idl
-- Installing: /home/onur/autonomous_robot/install/webots_ros2_msgs/share/webots_ros2_msgs/srv/SpawnNodeFromString.idl
-- Installing: /home/onur/autonomous_robot/install/webots_ros2_msgs/share/webots_ros2_msgs/srv/SpawnUrdfRobot.idl
-- Installing: /home/onur/autonomous_robot/install/webots_ros2_msgs/share/webots_ros2_msgs/msg/BoolStamped.msg
-- Installing: /home/onur/autonomous_robot/install/webots_ros2_msgs/share/webots_ros2_msgs/msg/FloatStamped.msg
-- Installing: /home/onur/autonomous_robot/install/webots_ros2_msgs/share/webots_ros2_msgs/msg/StringStamped.msg
-- Installing: /home/onur/autonomous_robot/install/webots_ros2_msgs/share/webots_ros2_msgs/msg/CameraRecognitionObject.msg
-- Installing: /home/onur/autonomous_robot/install/webots_ros2_msgs/share/webots_ros2_msgs/msg/CameraRecognitionObjects.msg
-- Installing: /home/onur/autonomous_robot/install/webots_ros2_msgs/share/webots_ros2_msgs/msg/UrdfRobot.msg
-- Installing: /home/onur/autonomous_robot/install/webots_ros2_msgs/share/webots_ros2_msgs/msg/PenInkProperties.msg
-- Installing: /home/onur/autonomous_robot/install/webots_ros2_msgs/share/webots_ros2_msgs/srv/EmitterSendString.srv
-- Installing: /home/onur/autonomous_robot/install/webots_ros2_msgs/share/webots_ros2_msgs/srv/GetBool.srv
-- Installing: /home/onur/autonomous_robot/install/webots_ros2_msgs/share/webots_ros2_msgs/srv/SetString.srv
-- Installing: /home/onur/autonomous_robot/install/webots_ros2_msgs/share/webots_ros2_msgs/srv/SpawnNodeFromString.srv
-- Installing: /home/onur/autonomous_robot/install/webots_ros2_msgs/share/webots_ros2_msgs/srv/SpawnUrdfRobot.srv
-- Installing: /home/onur/autonomous_robot/install/webots_ros2_msgs/share/ament_index/resource_index/package_run_dependencies/webots_ros2_msgs
-- Installing: /home/onur/autonomous_robot/install/webots_ros2_msgs/share/ament_index/resource_index/parent_prefix_path/webots_ros2_msgs
-- Installing: /home/onur/autonomous_robot/install/webots_ros2_msgs/share/webots_ros2_msgs/environment/ament_prefix_path.sh
-- Installing: /home/onur/autonomous_robot/install/webots_ros2_msgs/share/webots_ros2_msgs/environment/ament_prefix_path.dsv
-- Installing: /home/onur/autonomous_robot/install/webots_ros2_msgs/share/webots_ros2_msgs/environment/path.sh
-- Installing: /home/onur/autonomous_robot/install/webots_ros2_msgs/share/webots_ros2_msgs/environment/path.dsv
-- Installing: /home/onur/autonomous_robot/install/webots_ros2_msgs/share/webots_ros2_msgs/local_setup.bash
-- Installing: /home/onur/autonomous_robot/install/webots_ros2_msgs/share/webots_ros2_msgs/local_setup.fish
-- Installing: /home/onur/autonomous_robot/install/webots_ros2_msgs/share/webots_ros2_msgs/local_setup.sh
-- Installing: /home/onur/autonomous_robot/install/webots_ros2_msgs/share/webots_ros2_msgs/local_setup.zsh
-- Installing: /home/onur/autonomous_robot/install/webots_ros2_msgs/share/webots_ros2_msgs/local_setup.dsv
-- Installing: /home/onur/autonomous_robot/install/webots_ros2_msgs/share/webots_ros2_msgs/package.dsv
-- Installing: /home/onur/autonomous_robot/install/webots_ros2_msgs/share/ament_index/resource_index/packages/webots_ros2_msgs
-- Installing: /home/onur/autonomous_robot/install/webots_ros2_msgs/share/webots_ros2_msgs/cmake/export_webots_ros2_msgs__rosidl_generator_cExport.cmake
-- Installing: /home/onur/autonomous_robot/install/webots_ros2_msgs/share/webots_ros2_msgs/cmake/export_webots_ros2_msgs__rosidl_generator_cExport-noconfig.cmake
-- Installing: /home/onur/autonomous_robot/install/webots_ros2_msgs/share/webots_ros2_msgs/cmake/export_webots_ros2_msgs__rosidl_typesupport_fastrtps_cExport.cmake
-- Installing: /home/onur/autonomous_robot/install/webots_ros2_msgs/share/webots_ros2_msgs/cmake/export_webots_ros2_msgs__rosidl_typesupport_fastrtps_cExport-noconfig.cmake
-- Installing: /home/onur/autonomous_robot/install/webots_ros2_msgs/share/webots_ros2_msgs/cmake/export_webots_ros2_msgs__rosidl_generator_cppExport.cmake
-- Installing: /home/onur/autonomous_robot/install/webots_ros2_msgs/share/webots_ros2_msgs/cmake/export_webots_ros2_msgs__rosidl_typesupport_fastrtps_cppExport.cmake
-- Installing: /home/onur/autonomous_robot/install/webots_ros2_msgs/share/webots_ros2_msgs/cmake/export_webots_ros2_msgs__rosidl_typesupport_fastrtps_cppExport-noconfig.cmake
-- Installing: /home/onur/autonomous_robot/install/webots_ros2_msgs/share/webots_ros2_msgs/cmake/webots_ros2_msgs__rosidl_typesupport_introspection_cExport.cmake
-- Installing: /home/onur/autonomous_robot/install/webots_ros2_msgs/share/webots_ros2_msgs/cmake/webots_ros2_msgs__rosidl_typesupport_introspection_cExport-noconfig.cmake
-- Installing: /home/onur/autonomous_robot/install/webots_ros2_msgs/share/webots_ros2_msgs/cmake/webots_ros2_msgs__rosidl_typesupport_cExport.cmake
-- Installing: /home/onur/autonomous_robot/install/webots_ros2_msgs/share/webots_ros2_msgs/cmake/webots_ros2_msgs__rosidl_typesupport_cExport-noconfig.cmake
-- Installing: /home/onur/autonomous_robot/install/webots_ros2_msgs/share/webots_ros2_msgs/cmake/webots_ros2_msgs__rosidl_typesupport_introspection_cppExport.cmake
-- Installing: /home/onur/autonomous_robot/install/webots_ros2_msgs/share/webots_ros2_msgs/cmake/webots_ros2_msgs__rosidl_typesupport_introspection_cppExport-noconfig.cmake
-- Installing: /home/onur/autonomous_robot/install/webots_ros2_msgs/share/webots_ros2_msgs/cmake/webots_ros2_msgs__rosidl_typesupport_cppExport.cmake
-- Installing: /home/onur/autonomous_robot/install/webots_ros2_msgs/share/webots_ros2_msgs/cmake/webots_ros2_msgs__rosidl_typesupport_cppExport-noconfig.cmake
-- Installing: /home/onur/autonomous_robot/install/webots_ros2_msgs/share/webots_ros2_msgs/cmake/export_webots_ros2_msgs__rosidl_generator_pyExport.cmake
-- Installing: /home/onur/autonomous_robot/install/webots_ros2_msgs/share/webots_ros2_msgs/cmake/export_webots_ros2_msgs__rosidl_generator_pyExport-noconfig.cmake
-- Installing: /home/onur/autonomous_robot/install/webots_ros2_msgs/lib/python3.14/site-packages/webots_ros2_msgs-2025.0.1-py3.14.egg-info
-- Installing: /home/onur/autonomous_robot/install/webots_ros2_msgs/lib/python3.14/site-packages/webots_ros2_msgs-2025.0.1-py3.14.egg-info/dependency_links.txt
-- Installing: /home/onur/autonomous_robot/install/webots_ros2_msgs/lib/python3.14/site-packages/webots_ros2_msgs-2025.0.1-py3.14.egg-info/PKG-INFO
-- Installing: /home/onur/autonomous_robot/install/webots_ros2_msgs/lib/python3.14/site-packages/webots_ros2_msgs-2025.0.1-py3.14.egg-info/SOURCES.txt
-- Installing: /home/onur/autonomous_robot/install/webots_ros2_msgs/lib/python3.14/site-packages/webots_ros2_msgs-2025.0.1-py3.14.egg-info/top_level.txt
-- Up-to-date: /home/onur/autonomous_robot/install/webots_ros2_msgs/lib/python3.14/site-packages/webots_ros2_msgs
-- Installing: /home/onur/autonomous_robot/install/webots_ros2_msgs/lib/python3.14/site-packages/webots_ros2_msgs/_webots_ros2_msgs_s.ep.rosidl_typesupport_fastrtps_c.c
-- Up-to-date: /home/onur/autonomous_robot/install/webots_ros2_msgs/lib/python3.14/site-packages/webots_ros2_msgs/webots_ros2_msgs_s__rosidl_typesupport_fastrtps_c.so
-- Installing: /home/onur/autonomous_robot/install/webots_ros2_msgs/lib/python3.14/site-packages/webots_ros2_msgs/msg
-- Installing: /home/onur/autonomous_robot/install/webots_ros2_msgs/lib/python3.14/site-packages/webots_ros2_msgs/msg/_pen_ink_properties_s.c
-- Installing: /home/onur/autonomous_robot/install/webots_ros2_msgs/lib/python3.14/site-packages/webots_ros2_msgs/msg/_float_stamped.py
-- Installing: /home/onur/autonomous_robot/install/webots_ros2_msgs/lib/python3.14/site-packages/webots_ros2_msgs/msg/_camera_recognition_objects_s.c
-- Installing: /home/onur/autonomous_robot/install/webots_ros2_msgs/lib/python3.14/site-packages/webots_ros2_msgs/msg/_string_stamped.py
-- Installing: /home/onur/autonomous_robot/install/webots_ros2_msgs/lib/python3.14/site-packages/webots_ros2_msgs/msg/_camera_recognition_object.py
-- Installing: /home/onur/autonomous_robot/install/webots_ros2_msgs/lib/python3.14/site-packages/webots_ros2_msgs/msg/_camera_recognition_objects.py
-- Installing: /home/onur/autonomous_robot/install/webots_ros2_msgs/lib/python3.14/site-packages/webots_ros2_msgs/msg/_pen_ink_properties.py
-- Installing: /home/onur/autonomous_robot/install/webots_ros2_msgs/lib/python3.14/site-packages/webots_ros2_msgs/msg/_float_stamped_s.c
-- Installing: /home/onur/autonomous_robot/install/webots_ros2_msgs/lib/python3.14/site-packages/webots_ros2_msgs/msg/_urdf_robot.py
-- Installing: /home/onur/autonomous_robot/install/webots_ros2_msgs/lib/python3.14/site-packages/webots_ros2_msgs/msg/_bool_stamped.py
-- Installing: /home/onur/autonomous_robot/install/webots_ros2_msgs/lib/python3.14/site-packages/webots_ros2_msgs/msg/_bool_stamped_s.c
-- Installing: /home/onur/autonomous_robot/install/webots_ros2_msgs/lib/python3.14/site-packages/webots_ros2_msgs/msg/_camera_recognition_object_s.c
-- Installing: /home/onur/autonomous_robot/install/webots_ros2_msgs/lib/python3.14/site-packages/webots_ros2_msgs/msg/_string_stamped_s.c
-- Installing: /home/onur/autonomous_robot/install/webots_ros2_msgs/lib/python3.14/site-packages/webots_ros2_msgs/msg/__init__.py
-- Installing: /home/onur/autonomous_robot/install/webots_ros2_msgs/lib/python3.14/site-packages/webots_ros2_msgs/msg/_urdf_robot_s.c
-- Installing: /home/onur/autonomous_robot/install/webots_ros2_msgs/lib/python3.14/site-packages/webots_ros2_msgs/_webots_ros2_msgs_s.ep.rosidl_typesupport_introspection_c.c
-- Up-to-date: /home/onur/autonomous_robot/install/webots_ros2_msgs/lib/python3.14/site-packages/webots_ros2_msgs/webots_ros2_msgs_s__rosidl_typesupport_c.so
-- Up-to-date: /home/onur/autonomous_robot/install/webots_ros2_msgs/lib/python3.14/site-packages/webots_ros2_msgs/webots_ros2_msgs_s__rosidl_typesupport_introspection_c.so
-- Installing: /home/onur/autonomous_robot/install/webots_ros2_msgs/lib/python3.14/site-packages/webots_ros2_msgs/_webots_ros2_msgs_s.ep.rosidl_typesupport_c.c
-- Installing: /home/onur/autonomous_robot/install/webots_ros2_msgs/lib/python3.14/site-packages/webots_ros2_msgs/__init__.py
-- Installing: /home/onur/autonomous_robot/install/webots_ros2_msgs/lib/python3.14/site-packages/webots_ros2_msgs/srv
-- Installing: /home/onur/autonomous_robot/install/webots_ros2_msgs/lib/python3.14/site-packages/webots_ros2_msgs/srv/_spawn_node_from_string.py
-- Installing: /home/onur/autonomous_robot/install/webots_ros2_msgs/lib/python3.14/site-packages/webots_ros2_msgs/srv/_emitter_send_string_s.c
-- Installing: /home/onur/autonomous_robot/install/webots_ros2_msgs/lib/python3.14/site-packages/webots_ros2_msgs/srv/_spawn_node_from_string_s.c
-- Installing: /home/onur/autonomous_robot/install/webots_ros2_msgs/lib/python3.14/site-packages/webots_ros2_msgs/srv/_get_bool.py
-- Installing: /home/onur/autonomous_robot/install/webots_ros2_msgs/lib/python3.14/site-packages/webots_ros2_msgs/srv/_set_string.py
-- Installing: /home/onur/autonomous_robot/install/webots_ros2_msgs/lib/python3.14/site-packages/webots_ros2_msgs/srv/_spawn_urdf_robot_s.c
-- Installing: /home/onur/autonomous_robot/install/webots_ros2_msgs/lib/python3.14/site-packages/webots_ros2_msgs/srv/_set_string_s.c
-- Installing: /home/onur/autonomous_robot/install/webots_ros2_msgs/lib/python3.14/site-packages/webots_ros2_msgs/srv/_get_bool_s.c
-- Installing: /home/onur/autonomous_robot/install/webots_ros2_msgs/lib/python3.14/site-packages/webots_ros2_msgs/srv/__init__.py
-- Installing: /home/onur/autonomous_robot/install/webots_ros2_msgs/lib/python3.14/site-packages/webots_ros2_msgs/srv/_emitter_send_string.py
-- Installing: /home/onur/autonomous_robot/install/webots_ros2_msgs/lib/python3.14/site-packages/webots_ros2_msgs/srv/_spawn_urdf_robot.py
-- Installing: /home/onur/autonomous_robot/install/webots_ros2_msgs/lib/python3.14/site-packages/webots_ros2_msgs/py.typed
Listing '/home/onur/autonomous_robot/install/webots_ros2_msgs/lib/python3.14/site-packages/webots_ros2_msgs'...
Compiling '/home/onur/autonomous_robot/install/webots_ros2_msgs/lib/python3.14/site-packages/webots_ros2_msgs/__init__.py'...
Listing '/home/onur/autonomous_robot/install/webots_ros2_msgs/lib/python3.14/site-packages/webots_ros2_msgs/msg'...
Compiling '/home/onur/autonomous_robot/install/webots_ros2_msgs/lib/python3.14/site-packages/webots_ros2_msgs/msg/__init__.py'...
Compiling '/home/onur/autonomous_robot/install/webots_ros2_msgs/lib/python3.14/site-packages/webots_ros2_msgs/msg/_bool_stamped.py'...
Compiling '/home/onur/autonomous_robot/install/webots_ros2_msgs/lib/python3.14/site-packages/webots_ros2_msgs/msg/_camera_recognition_object.py'...
Compiling '/home/onur/autonomous_robot/install/webots_ros2_msgs/lib/python3.14/site-packages/webots_ros2_msgs/msg/_camera_recognition_objects.py'...
Compiling '/home/onur/autonomous_robot/install/webots_ros2_msgs/lib/python3.14/site-packages/webots_ros2_msgs/msg/_float_stamped.py'...
Compiling '/home/onur/autonomous_robot/install/webots_ros2_msgs/lib/python3.14/site-packages/webots_ros2_msgs/msg/_pen_ink_properties.py'...
Compiling '/home/onur/autonomous_robot/install/webots_ros2_msgs/lib/python3.14/site-packages/webots_ros2_msgs/msg/_string_stamped.py'...
Compiling '/home/onur/autonomous_robot/install/webots_ros2_msgs/lib/python3.14/site-packages/webots_ros2_msgs/msg/_urdf_robot.py'...
Listing '/home/onur/autonomous_robot/install/webots_ros2_msgs/lib/python3.14/site-packages/webots_ros2_msgs/srv'...
Compiling '/home/onur/autonomous_robot/install/webots_ros2_msgs/lib/python3.14/site-packages/webots_ros2_msgs/srv/__init__.py'...
Compiling '/home/onur/autonomous_robot/install/webots_ros2_msgs/lib/python3.14/site-packages/webots_ros2_msgs/srv/_emitter_send_string.py'...
Compiling '/home/onur/autonomous_robot/install/webots_ros2_msgs/lib/python3.14/site-packages/webots_ros2_msgs/srv/_get_bool.py'...
Compiling '/home/onur/autonomous_robot/install/webots_ros2_msgs/lib/python3.14/site-packages/webots_ros2_msgs/srv/_set_string.py'...
Compiling '/home/onur/autonomous_robot/install/webots_ros2_msgs/lib/python3.14/site-packages/webots_ros2_msgs/srv/_spawn_node_from_string.py'...
Compiling '/home/onur/autonomous_robot/install/webots_ros2_msgs/lib/python3.14/site-packages/webots_ros2_msgs/srv/_spawn_urdf_robot.py'...
-- Installing: /home/onur/autonomous_robot/install/webots_ros2_msgs/share/webots_ros2_msgs/cmake/rosidl_cmake-extras.cmake
-- Installing: /home/onur/autonomous_robot/install/webots_ros2_msgs/share/webots_ros2_msgs/cmake/ament_cmake_export_dependencies-extras.cmake
-- Installing: /home/onur/autonomous_robot/install/webots_ros2_msgs/share/webots_ros2_msgs/cmake/ament_cmake_export_include_directories-extras.cmake
-- Installing: /home/onur/autonomous_robot/install/webots_ros2_msgs/share/webots_ros2_msgs/cmake/ament_cmake_export_libraries-extras.cmake
-- Installing: /home/onur/autonomous_robot/install/webots_ros2_msgs/share/webots_ros2_msgs/cmake/ament_cmake_export_targets-extras.cmake
-- Installing: /home/onur/autonomous_robot/install/webots_ros2_msgs/share/webots_ros2_msgs/cmake/rosidl_cmake_export_typesupport_targets-extras.cmake
-- Installing: /home/onur/autonomous_robot/install/webots_ros2_msgs/share/webots_ros2_msgs/cmake/rosidl_cmake_export_typesupport_libraries-extras.cmake
-- Installing: /home/onur/autonomous_robot/install/webots_ros2_msgs/share/webots_ros2_msgs/cmake/rosidl_cmake_aggregate_target-extras.cmake
-- Installing: /home/onur/autonomous_robot/install/webots_ros2_msgs/share/webots_ros2_msgs/cmake/webots_ros2_msgsConfig.cmake
-- Installing: /home/onur/autonomous_robot/install/webots_ros2_msgs/share/webots_ros2_msgs/cmake/webots_ros2_msgsConfig-version.cmake
-- Installing: /home/onur/autonomous_robot/install/webots_ros2_msgs/share/webots_ros2_msgs/package.xml
