[0.155s] Invoking command in '/home/onur/autonomous_robot/build/webots_ros2_msgs': CMAKE_PREFIX_PATH=${CMAKE_PREFIX_PATH}:/opt/ros/lyrical DEBUGINFOD_URLS=https://debuginfod.ubuntu.com /usr/bin/cmake --build /home/onur/autonomous_robot/build/webots_ros2_msgs -- -j16 -l16
[0.204s] [  0%] [1m[34mGenerating Rust code for ROS interfaces[0m
[0.206s] [  1%] [1m[34mGenerating type hashes for ROS interfaces[0m
[0.432s] [  1%] Built target webots_ros2_msgs__rosidl_generator_type_description
[0.443s] [  2%] [1m[34mGenerating C code for ROS interfaces[0m
[0.452s] [  2%] [1m[34mGenerating C++ code for ROS interfaces[0m
[0.475s] [  2%] Built target webots_ros2_msgs__rs
[1.062s] [  2%] Built target webots_ros2_msgs__cpp
[1.246s] [  3%] [32mBuilding C object CMakeFiles/webots_ros2_msgs__rosidl_generator_c.dir/rosidl_generator_c/webots_ros2_msgs/msg/detail/float_stamped__type_support.c.o[0m
[1.246s] [  4%] [32mBuilding C object CMakeFiles/webots_ros2_msgs__rosidl_generator_c.dir/rosidl_generator_c/webots_ros2_msgs/msg/detail/bool_stamped__type_support.c.o[0m
[1.246s] [  5%] [32mBuilding C object CMakeFiles/webots_ros2_msgs__rosidl_generator_c.dir/rosidl_generator_c/webots_ros2_msgs/msg/detail/float_stamped__functions.c.o[0m
[1.248s] [  5%] [32mBuilding C object CMakeFiles/webots_ros2_msgs__rosidl_generator_c.dir/rosidl_generator_c/webots_ros2_msgs/msg/detail/string_stamped__description.c.o[0m
[1.248s] [  5%] [32mBuilding C object CMakeFiles/webots_ros2_msgs__rosidl_generator_c.dir/rosidl_generator_c/webots_ros2_msgs/msg/detail/bool_stamped__description.c.o[0m
[1.249s] [  6%] [32mBuilding C object CMakeFiles/webots_ros2_msgs__rosidl_generator_c.dir/rosidl_generator_c/webots_ros2_msgs/msg/detail/string_stamped__type_support.c.o[0m
[1.250s] [  6%] [32mBuilding C object CMakeFiles/webots_ros2_msgs__rosidl_generator_c.dir/rosidl_generator_c/webots_ros2_msgs/msg/detail/camera_recognition_object__description.c.o[0m
[1.251s] [  7%] [32mBuilding C object CMakeFiles/webots_ros2_msgs__rosidl_generator_c.dir/rosidl_generator_c/webots_ros2_msgs/msg/detail/camera_recognition_object__type_support.c.o[0m
[1.252s] [  8%] [32mBuilding C object CMakeFiles/webots_ros2_msgs__rosidl_generator_c.dir/rosidl_generator_c/webots_ros2_msgs/msg/detail/camera_recognition_objects__functions.c.o[0m
[1.252s] [  8%] [32mBuilding C object CMakeFiles/webots_ros2_msgs__rosidl_generator_c.dir/rosidl_generator_c/webots_ros2_msgs/msg/detail/string_stamped__functions.c.o[0m
[1.252s] [  9%] [32mBuilding C object CMakeFiles/webots_ros2_msgs__rosidl_generator_c.dir/rosidl_generator_c/webots_ros2_msgs/msg/detail/camera_recognition_objects__type_support.c.o[0m
[1.253s] [ 10%] [32mBuilding C object CMakeFiles/webots_ros2_msgs__rosidl_generator_c.dir/rosidl_generator_c/webots_ros2_msgs/msg/detail/camera_recognition_object__functions.c.o[0m
[1.253s] [ 11%] [32mBuilding C object CMakeFiles/webots_ros2_msgs__rosidl_generator_c.dir/rosidl_generator_c/webots_ros2_msgs/msg/detail/urdf_robot__description.c.o[0m
[1.255s] [ 12%] [32mBuilding C object CMakeFiles/webots_ros2_msgs__rosidl_generator_c.dir/rosidl_generator_c/webots_ros2_msgs/msg/detail/camera_recognition_objects__description.c.o[0m
[1.255s] [ 12%] [32mBuilding C object CMakeFiles/webots_ros2_msgs__rosidl_generator_c.dir/rosidl_generator_c/webots_ros2_msgs/msg/detail/float_stamped__description.c.o[0m
[1.256s] [ 13%] [32mBuilding C object CMakeFiles/webots_ros2_msgs__rosidl_generator_c.dir/rosidl_generator_c/webots_ros2_msgs/msg/detail/bool_stamped__functions.c.o[0m
[1.304s] [ 13%] [32mBuilding C object CMakeFiles/webots_ros2_msgs__rosidl_generator_c.dir/rosidl_generator_c/webots_ros2_msgs/msg/detail/urdf_robot__functions.c.o[0m
[1.305s] [ 14%] [32mBuilding C object CMakeFiles/webots_ros2_msgs__rosidl_generator_c.dir/rosidl_generator_c/webots_ros2_msgs/msg/detail/pen_ink_properties__functions.c.o[0m
[1.305s] [ 14%] [32mBuilding C object CMakeFiles/webots_ros2_msgs__rosidl_generator_c.dir/rosidl_generator_c/webots_ros2_msgs/msg/detail/pen_ink_properties__description.c.o[0m
[1.306s] [ 15%] [32mBuilding C object CMakeFiles/webots_ros2_msgs__rosidl_generator_c.dir/rosidl_generator_c/webots_ros2_msgs/msg/detail/urdf_robot__type_support.c.o[0m
[1.314s] [ 17%] [32mBuilding C object CMakeFiles/webots_ros2_msgs__rosidl_generator_c.dir/rosidl_generator_c/webots_ros2_msgs/msg/detail/pen_ink_properties__type_support.c.o[0m
[1.314s] [ 17%] [32mBuilding C object CMakeFiles/webots_ros2_msgs__rosidl_generator_c.dir/rosidl_generator_c/webots_ros2_msgs/srv/detail/emitter_send_string__description.c.o[0m
[1.315s] [ 18%] [32mBuilding C object CMakeFiles/webots_ros2_msgs__rosidl_generator_c.dir/rosidl_generator_c/webots_ros2_msgs/srv/detail/emitter_send_string__functions.c.o[0m
[1.315s] [ 18%] [32mBuilding C object CMakeFiles/webots_ros2_msgs__rosidl_generator_c.dir/rosidl_generator_c/webots_ros2_msgs/srv/detail/emitter_send_string__type_support.c.o[0m
[1.325s] [ 19%] [32mBuilding C object CMakeFiles/webots_ros2_msgs__rosidl_generator_c.dir/rosidl_generator_c/webots_ros2_msgs/srv/detail/set_string__description.c.o[0m
[1.325s] [ 20%] [32mBuilding C object CMakeFiles/webots_ros2_msgs__rosidl_generator_c.dir/rosidl_generator_c/webots_ros2_msgs/srv/detail/get_bool__type_support.c.o[0m
[1.325s] [ 20%] [32mBuilding C object CMakeFiles/webots_ros2_msgs__rosidl_generator_c.dir/rosidl_generator_c/webots_ros2_msgs/srv/detail/set_string__functions.c.o[0m
[1.326s] [ 21%] [32mBuilding C object CMakeFiles/webots_ros2_msgs__rosidl_generator_c.dir/rosidl_generator_c/webots_ros2_msgs/srv/detail/get_bool__functions.c.o[0m
[1.328s] [ 22%] [32mBuilding C object CMakeFiles/webots_ros2_msgs__rosidl_generator_c.dir/rosidl_generator_c/webots_ros2_msgs/srv/detail/get_bool__description.c.o[0m
[1.331s] [ 22%] [32mBuilding C object CMakeFiles/webots_ros2_msgs__rosidl_generator_c.dir/rosidl_generator_c/webots_ros2_msgs/srv/detail/set_string__type_support.c.o[0m
[1.334s] [ 23%] [32mBuilding C object CMakeFiles/webots_ros2_msgs__rosidl_generator_c.dir/rosidl_generator_c/webots_ros2_msgs/srv/detail/spawn_node_from_string__functions.c.o[0m
[1.339s] [ 23%] [32mBuilding C object CMakeFiles/webots_ros2_msgs__rosidl_generator_c.dir/rosidl_generator_c/webots_ros2_msgs/srv/detail/spawn_node_from_string__type_support.c.o[0m
[1.341s] [ 24%] [32mBuilding C object CMakeFiles/webots_ros2_msgs__rosidl_generator_c.dir/rosidl_generator_c/webots_ros2_msgs/srv/detail/spawn_urdf_robot__description.c.o[0m
[1.344s] [ 25%] [32mBuilding C object CMakeFiles/webots_ros2_msgs__rosidl_generator_c.dir/rosidl_generator_c/webots_ros2_msgs/srv/detail/spawn_node_from_string__description.c.o[0m
[1.351s] [ 26%] [32mBuilding C object CMakeFiles/webots_ros2_msgs__rosidl_generator_c.dir/rosidl_generator_c/webots_ros2_msgs/srv/detail/spawn_urdf_robot__functions.c.o[0m
[1.353s] [ 26%] [32mBuilding C object CMakeFiles/webots_ros2_msgs__rosidl_generator_c.dir/rosidl_generator_c/webots_ros2_msgs/srv/detail/spawn_urdf_robot__type_support.c.o[0m
[1.411s] [ 27%] [1m[32mLinking C shared library libwebots_ros2_msgs__rosidl_generator_c.so[0m
[1.464s] [ 27%] Built target webots_ros2_msgs__rosidl_generator_c
[1.478s] [ 29%] [1m[34mGenerating C introspection for ROS interfaces[0m
[1.478s] [ 29%] [1m[34mGenerating C++ type support for eProsima Fast-RTPS[0m
[1.478s] [ 29%] [1m[34mGenerating C type support for eProsima Fast-RTPS[0m
[1.478s] [ 29%] [1m[34mGenerating C type support dispatch for ROS interfaces[0m
[1.478s] [ 30%] [1m[34mGenerating C++ type support dispatch for ROS interfaces[0m
[1.481s] [ 31%] [1m[34mGenerating C++ introspection for ROS interfaces[0m
[1.844s] [ 32%] [32mBuilding CXX object CMakeFiles/webots_ros2_msgs__rosidl_typesupport_c.dir/rosidl_typesupport_c/webots_ros2_msgs/msg/float_stamped__type_support.cpp.o[0m
[1.844s] [ 33%] [32mBuilding CXX object CMakeFiles/webots_ros2_msgs__rosidl_typesupport_c.dir/rosidl_typesupport_c/webots_ros2_msgs/msg/bool_stamped__type_support.cpp.o[0m
[1.844s] [ 34%] [32mBuilding CXX object CMakeFiles/webots_ros2_msgs__rosidl_typesupport_c.dir/rosidl_typesupport_c/webots_ros2_msgs/msg/string_stamped__type_support.cpp.o[0m
[1.845s] [ 34%] [32mBuilding CXX object CMakeFiles/webots_ros2_msgs__rosidl_typesupport_c.dir/rosidl_typesupport_c/webots_ros2_msgs/msg/camera_recognition_object__type_support.cpp.o[0m
[1.846s] [ 35%] [32mBuilding CXX object CMakeFiles/webots_ros2_msgs__rosidl_typesupport_c.dir/rosidl_typesupport_c/webots_ros2_msgs/msg/camera_recognition_objects__type_support.cpp.o[0m
[1.846s] [ 36%] [32mBuilding CXX object CMakeFiles/webots_ros2_msgs__rosidl_typesupport_c.dir/rosidl_typesupport_c/webots_ros2_msgs/msg/urdf_robot__type_support.cpp.o[0m
[1.846s] [ 37%] [32mBuilding CXX object CMakeFiles/webots_ros2_msgs__rosidl_typesupport_c.dir/rosidl_typesupport_c/webots_ros2_msgs/srv/emitter_send_string__type_support.cpp.o[0m
[1.847s] [ 37%] [32mBuilding CXX object CMakeFiles/webots_ros2_msgs__rosidl_typesupport_c.dir/rosidl_typesupport_c/webots_ros2_msgs/msg/pen_ink_properties__type_support.cpp.o[0m
[1.848s] [ 38%] [32mBuilding CXX object CMakeFiles/webots_ros2_msgs__rosidl_typesupport_c.dir/rosidl_typesupport_c/webots_ros2_msgs/srv/set_string__type_support.cpp.o[0m
[1.848s] [ 38%] [32mBuilding CXX object CMakeFiles/webots_ros2_msgs__rosidl_typesupport_c.dir/rosidl_typesupport_c/webots_ros2_msgs/srv/get_bool__type_support.cpp.o[0m
[1.848s] [ 39%] [32mBuilding CXX object CMakeFiles/webots_ros2_msgs__rosidl_typesupport_c.dir/rosidl_typesupport_c/webots_ros2_msgs/srv/spawn_node_from_string__type_support.cpp.o[0m
[1.858s] [ 40%] [32mBuilding CXX object CMakeFiles/webots_ros2_msgs__rosidl_typesupport_cpp.dir/rosidl_typesupport_cpp/webots_ros2_msgs/msg/bool_stamped__type_support.cpp.o[0m
[1.892s] [ 40%] [32mBuilding CXX object CMakeFiles/webots_ros2_msgs__rosidl_typesupport_cpp.dir/rosidl_typesupport_cpp/webots_ros2_msgs/msg/float_stamped__type_support.cpp.o[0m
[1.892s] [ 42%] [32mBuilding CXX object CMakeFiles/webots_ros2_msgs__rosidl_typesupport_cpp.dir/rosidl_typesupport_cpp/webots_ros2_msgs/msg/string_stamped__type_support.cpp.o[0m
[1.892s] [ 42%] [32mBuilding CXX object CMakeFiles/webots_ros2_msgs__rosidl_typesupport_c.dir/rosidl_typesupport_c/webots_ros2_msgs/srv/spawn_urdf_robot__type_support.cpp.o[0m
[1.893s] [ 42%] [32mBuilding CXX object CMakeFiles/webots_ros2_msgs__rosidl_typesupport_cpp.dir/rosidl_typesupport_cpp/webots_ros2_msgs/msg/urdf_robot__type_support.cpp.o[0m
[1.894s] [ 43%] [32mBuilding CXX object CMakeFiles/webots_ros2_msgs__rosidl_typesupport_cpp.dir/rosidl_typesupport_cpp/webots_ros2_msgs/msg/pen_ink_properties__type_support.cpp.o[0m
[1.894s] [ 43%] [32mBuilding CXX object CMakeFiles/webots_ros2_msgs__rosidl_typesupport_cpp.dir/rosidl_typesupport_cpp/webots_ros2_msgs/srv/get_bool__type_support.cpp.o[0m
[1.894s] [ 44%] [32mBuilding CXX object CMakeFiles/webots_ros2_msgs__rosidl_typesupport_cpp.dir/rosidl_typesupport_cpp/webots_ros2_msgs/msg/camera_recognition_object__type_support.cpp.o[0m
[1.896s] [ 45%] [32mBuilding CXX object CMakeFiles/webots_ros2_msgs__rosidl_typesupport_cpp.dir/rosidl_typesupport_cpp/webots_ros2_msgs/srv/emitter_send_string__type_support.cpp.o[0m
[1.900s] [ 46%] [32mBuilding CXX object CMakeFiles/webots_ros2_msgs__rosidl_typesupport_cpp.dir/rosidl_typesupport_cpp/webots_ros2_msgs/srv/set_string__type_support.cpp.o[0m
[1.900s] [ 47%] [32mBuilding CXX object CMakeFiles/webots_ros2_msgs__rosidl_typesupport_cpp.dir/rosidl_typesupport_cpp/webots_ros2_msgs/srv/spawn_node_from_string__type_support.cpp.o[0m
[1.900s] [ 48%] [32mBuilding CXX object CMakeFiles/webots_ros2_msgs__rosidl_typesupport_cpp.dir/rosidl_typesupport_cpp/webots_ros2_msgs/msg/camera_recognition_objects__type_support.cpp.o[0m
[1.938s] [ 48%] [1m[32mLinking CXX shared library libwebots_ros2_msgs__rosidl_typesupport_c.so[0m
[1.985s] [ 48%] Built target webots_ros2_msgs__rosidl_typesupport_c
[1.991s] [ 48%] [32mBuilding CXX object CMakeFiles/webots_ros2_msgs__rosidl_typesupport_cpp.dir/rosidl_typesupport_cpp/webots_ros2_msgs/srv/spawn_urdf_robot__type_support.cpp.o[0m
[2.264s] [ 48%] [32mBuilding CXX object CMakeFiles/webots_ros2_msgs__rosidl_typesupport_introspection_cpp.dir/rosidl_typesupport_introspection_cpp/webots_ros2_msgs/msg/detail/bool_stamped__type_support.cpp.o[0m
[2.380s] [ 49%] [32mBuilding C object CMakeFiles/webots_ros2_msgs__rosidl_typesupport_introspection_c.dir/rosidl_typesupport_introspection_c/webots_ros2_msgs/msg/detail/bool_stamped__type_support.c.o[0m
[2.402s] [ 49%] [32mBuilding C object CMakeFiles/webots_ros2_msgs__rosidl_typesupport_introspection_c.dir/rosidl_typesupport_introspection_c/webots_ros2_msgs/msg/detail/float_stamped__type_support.c.o[0m
[2.414s] [ 50%] [32mBuilding C object CMakeFiles/webots_ros2_msgs__rosidl_typesupport_introspection_c.dir/rosidl_typesupport_introspection_c/webots_ros2_msgs/msg/detail/string_stamped__type_support.c.o[0m
[2.439s] [ 52%] [32mBuilding CXX object CMakeFiles/webots_ros2_msgs__rosidl_typesupport_introspection_cpp.dir/rosidl_typesupport_introspection_cpp/webots_ros2_msgs/msg/detail/float_stamped__type_support.cpp.o[0m
[2.439s] [ 52%] [32mBuilding CXX object CMakeFiles/webots_ros2_msgs__rosidl_typesupport_introspection_cpp.dir/rosidl_typesupport_introspection_cpp/webots_ros2_msgs/msg/detail/string_stamped__type_support.cpp.o[0m
[2.440s] [ 53%] [32mBuilding C object CMakeFiles/webots_ros2_msgs__rosidl_typesupport_introspection_c.dir/rosidl_typesupport_introspection_c/webots_ros2_msgs/msg/detail/camera_recognition_object__type_support.c.o[0m
[2.442s] [ 53%] [32mBuilding CXX object CMakeFiles/webots_ros2_msgs__rosidl_typesupport_introspection_cpp.dir/rosidl_typesupport_introspection_cpp/webots_ros2_msgs/msg/detail/camera_recognition_object__type_support.cpp.o[0m
[2.457s] [ 54%] [32mBuilding CXX object CMakeFiles/webots_ros2_msgs__rosidl_typesupport_introspection_cpp.dir/rosidl_typesupport_introspection_cpp/webots_ros2_msgs/msg/detail/camera_recognition_objects__type_support.cpp.o[0m
[2.484s] [ 56%] [32mBuilding CXX object CMakeFiles/webots_ros2_msgs__rosidl_typesupport_introspection_cpp.dir/rosidl_typesupport_introspection_cpp/webots_ros2_msgs/msg/detail/urdf_robot__type_support.cpp.o[0m
[2.485s] [ 56%] [32mBuilding C object CMakeFiles/webots_ros2_msgs__rosidl_typesupport_introspection_c.dir/rosidl_typesupport_introspection_c/webots_ros2_msgs/msg/detail/camera_recognition_objects__type_support.c.o[0m
[2.516s] [ 56%] [32mBuilding C object CMakeFiles/webots_ros2_msgs__rosidl_typesupport_introspection_c.dir/rosidl_typesupport_introspection_c/webots_ros2_msgs/msg/detail/urdf_robot__type_support.c.o[0m
[2.517s] [ 57%] [32mBuilding C object CMakeFiles/webots_ros2_msgs__rosidl_typesupport_introspection_c.dir/rosidl_typesupport_introspection_c/webots_ros2_msgs/msg/detail/pen_ink_properties__type_support.c.o[0m
[2.532s] [ 58%] [32mBuilding C object CMakeFiles/webots_ros2_msgs__rosidl_typesupport_introspection_c.dir/rosidl_typesupport_introspection_c/webots_ros2_msgs/srv/detail/emitter_send_string__type_support.c.o[0m
[2.538s] [ 58%] [32mBuilding C object CMakeFiles/webots_ros2_msgs__rosidl_typesupport_introspection_c.dir/rosidl_typesupport_introspection_c/webots_ros2_msgs/srv/detail/get_bool__type_support.c.o[0m
[2.552s] [ 59%] [32mBuilding CXX object CMakeFiles/webots_ros2_msgs__rosidl_typesupport_introspection_cpp.dir/rosidl_typesupport_introspection_cpp/webots_ros2_msgs/srv/detail/get_bool__type_support.cpp.o[0m
[2.552s] [ 59%] [32mBuilding CXX object CMakeFiles/webots_ros2_msgs__rosidl_typesupport_introspection_cpp.dir/rosidl_typesupport_introspection_cpp/webots_ros2_msgs/srv/detail/emitter_send_string__type_support.cpp.o[0m
[2.552s] [ 60%] [32mBuilding CXX object CMakeFiles/webots_ros2_msgs__rosidl_typesupport_introspection_cpp.dir/rosidl_typesupport_introspection_cpp/webots_ros2_msgs/msg/detail/pen_ink_properties__type_support.cpp.o[0m
[2.553s] [ 61%] [32mBuilding C object CMakeFiles/webots_ros2_msgs__rosidl_typesupport_introspection_c.dir/rosidl_typesupport_introspection_c/webots_ros2_msgs/srv/detail/set_string__type_support.c.o[0m
[2.584s] [ 63%] [32mBuilding CXX object CMakeFiles/webots_ros2_msgs__rosidl_typesupport_introspection_cpp.dir/rosidl_typesupport_introspection_cpp/webots_ros2_msgs/srv/detail/set_string__type_support.cpp.o[0m
[2.584s] [ 63%] [32mBuilding C object CMakeFiles/webots_ros2_msgs__rosidl_typesupport_introspection_c.dir/rosidl_typesupport_introspection_c/webots_ros2_msgs/srv/detail/spawn_node_from_string__type_support.c.o[0m
[2.630s] [ 63%] [32mBuilding C object CMakeFiles/webots_ros2_msgs__rosidl_typesupport_introspection_c.dir/rosidl_typesupport_introspection_c/webots_ros2_msgs/srv/detail/spawn_urdf_robot__type_support.c.o[0m
[2.671s] [ 64%] [1m[32mLinking CXX shared library libwebots_ros2_msgs__rosidl_typesupport_cpp.so[0m
[2.681s] [ 65%] [1m[32mLinking C shared library libwebots_ros2_msgs__rosidl_typesupport_introspection_c.so[0m
[2.696s] [ 66%] [32mBuilding CXX object CMakeFiles/webots_ros2_msgs__rosidl_typesupport_fastrtps_cpp.dir/rosidl_typesupport_fastrtps_cpp/webots_ros2_msgs/msg/detail/dds_fastrtps/bool_stamped__type_support.cpp.o[0m
[2.724s] [ 66%] Built target webots_ros2_msgs__rosidl_typesupport_introspection_c
[2.732s] [ 67%] [32mBuilding CXX object CMakeFiles/webots_ros2_msgs__rosidl_typesupport_fastrtps_cpp.dir/rosidl_typesupport_fastrtps_cpp/webots_ros2_msgs/msg/detail/dds_fastrtps/float_stamped__type_support.cpp.o[0m
[2.762s] [ 67%] Built target webots_ros2_msgs__rosidl_typesupport_cpp
[2.766s] [ 68%] [32mBuilding CXX object CMakeFiles/webots_ros2_msgs__rosidl_typesupport_introspection_cpp.dir/rosidl_typesupport_introspection_cpp/webots_ros2_msgs/srv/detail/spawn_urdf_robot__type_support.cpp.o[0m
[2.769s] [ 68%] [32mBuilding CXX object CMakeFiles/webots_ros2_msgs__rosidl_typesupport_fastrtps_cpp.dir/rosidl_typesupport_fastrtps_cpp/webots_ros2_msgs/msg/detail/dds_fastrtps/string_stamped__type_support.cpp.o[0m
[2.778s] [ 69%] [32mBuilding CXX object CMakeFiles/webots_ros2_msgs__rosidl_typesupport_fastrtps_cpp.dir/rosidl_typesupport_fastrtps_cpp/webots_ros2_msgs/msg/detail/dds_fastrtps/camera_recognition_object__type_support.cpp.o[0m
[2.875s] [ 69%] [32mBuilding CXX object CMakeFiles/webots_ros2_msgs__rosidl_typesupport_fastrtps_c.dir/rosidl_typesupport_fastrtps_c/webots_ros2_msgs/msg/detail/bool_stamped__type_support_c.cpp.o[0m
[2.906s] [ 70%] [32mBuilding CXX object CMakeFiles/webots_ros2_msgs__rosidl_typesupport_fastrtps_c.dir/rosidl_typesupport_fastrtps_c/webots_ros2_msgs/msg/detail/float_stamped__type_support_c.cpp.o[0m
[3.010s] [ 70%] [32mBuilding CXX object CMakeFiles/webots_ros2_msgs__rosidl_typesupport_introspection_cpp.dir/rosidl_typesupport_introspection_cpp/webots_ros2_msgs/srv/detail/spawn_node_from_string__type_support.cpp.o[0m
[3.033s] [ 72%] [32mBuilding CXX object CMakeFiles/webots_ros2_msgs__rosidl_typesupport_fastrtps_c.dir/rosidl_typesupport_fastrtps_c/webots_ros2_msgs/msg/detail/string_stamped__type_support_c.cpp.o[0m
[3.033s] [ 72%] [32mBuilding CXX object CMakeFiles/webots_ros2_msgs__rosidl_typesupport_fastrtps_c.dir/rosidl_typesupport_fastrtps_c/webots_ros2_msgs/msg/detail/camera_recognition_object__type_support_c.cpp.o[0m
[3.185s] [ 73%] [32mBuilding CXX object CMakeFiles/webots_ros2_msgs__rosidl_typesupport_fastrtps_cpp.dir/rosidl_typesupport_fastrtps_cpp/webots_ros2_msgs/msg/detail/dds_fastrtps/urdf_robot__type_support.cpp.o[0m
[3.187s] [ 74%] [32mBuilding CXX object CMakeFiles/webots_ros2_msgs__rosidl_typesupport_fastrtps_cpp.dir/rosidl_typesupport_fastrtps_cpp/webots_ros2_msgs/msg/detail/dds_fastrtps/camera_recognition_objects__type_support.cpp.o[0m
[3.210s] [ 74%] [32mBuilding CXX object CMakeFiles/webots_ros2_msgs__rosidl_typesupport_fastrtps_cpp.dir/rosidl_typesupport_fastrtps_cpp/webots_ros2_msgs/msg/detail/dds_fastrtps/pen_ink_properties__type_support.cpp.o[0m
[3.300s] [ 75%] [32mBuilding CXX object CMakeFiles/webots_ros2_msgs__rosidl_typesupport_fastrtps_cpp.dir/rosidl_typesupport_fastrtps_cpp/webots_ros2_msgs/srv/detail/dds_fastrtps/emitter_send_string__type_support.cpp.o[0m
[3.309s] [ 76%] [32mBuilding CXX object CMakeFiles/webots_ros2_msgs__rosidl_typesupport_fastrtps_c.dir/rosidl_typesupport_fastrtps_c/webots_ros2_msgs/msg/detail/pen_ink_properties__type_support_c.cpp.o[0m
[3.309s] [ 77%] [32mBuilding CXX object CMakeFiles/webots_ros2_msgs__rosidl_typesupport_fastrtps_c.dir/rosidl_typesupport_fastrtps_c/webots_ros2_msgs/msg/detail/urdf_robot__type_support_c.cpp.o[0m
[3.309s] [ 77%] [32mBuilding CXX object CMakeFiles/webots_ros2_msgs__rosidl_typesupport_fastrtps_c.dir/rosidl_typesupport_fastrtps_c/webots_ros2_msgs/msg/detail/camera_recognition_objects__type_support_c.cpp.o[0m
[3.460s] [ 77%] [32mBuilding CXX object CMakeFiles/webots_ros2_msgs__rosidl_typesupport_fastrtps_c.dir/rosidl_typesupport_fastrtps_c/webots_ros2_msgs/srv/detail/emitter_send_string__type_support_c.cpp.o[0m
[3.461s] [ 78%] [32mBuilding CXX object CMakeFiles/webots_ros2_msgs__rosidl_typesupport_fastrtps_c.dir/rosidl_typesupport_fastrtps_c/webots_ros2_msgs/srv/detail/get_bool__type_support_c.cpp.o[0m
[3.488s] [ 79%] [32mBuilding CXX object CMakeFiles/webots_ros2_msgs__rosidl_typesupport_fastrtps_cpp.dir/rosidl_typesupport_fastrtps_cpp/webots_ros2_msgs/srv/detail/dds_fastrtps/get_bool__type_support.cpp.o[0m
[3.666s] [ 79%] [32mBuilding CXX object CMakeFiles/webots_ros2_msgs__rosidl_typesupport_fastrtps_cpp.dir/rosidl_typesupport_fastrtps_cpp/webots_ros2_msgs/srv/detail/dds_fastrtps/set_string__type_support.cpp.o[0m
[3.666s] [ 79%] [32mBuilding CXX object CMakeFiles/webots_ros2_msgs__rosidl_typesupport_fastrtps_c.dir/rosidl_typesupport_fastrtps_c/webots_ros2_msgs/srv/detail/spawn_node_from_string__type_support_c.cpp.o[0m
[3.687s] [ 81%] [32mBuilding CXX object CMakeFiles/webots_ros2_msgs__rosidl_typesupport_fastrtps_c.dir/rosidl_typesupport_fastrtps_c/webots_ros2_msgs/srv/detail/set_string__type_support_c.cpp.o[0m
[3.687s] [ 81%] [32mBuilding CXX object CMakeFiles/webots_ros2_msgs__rosidl_typesupport_fastrtps_cpp.dir/rosidl_typesupport_fastrtps_cpp/webots_ros2_msgs/srv/detail/dds_fastrtps/spawn_node_from_string__type_support.cpp.o[0m
[3.770s] [ 82%] [1m[32mLinking CXX shared library libwebots_ros2_msgs__rosidl_typesupport_introspection_cpp.so[0m
[3.790s] [ 83%] [32mBuilding CXX object CMakeFiles/webots_ros2_msgs__rosidl_typesupport_fastrtps_cpp.dir/rosidl_typesupport_fastrtps_cpp/webots_ros2_msgs/srv/detail/dds_fastrtps/spawn_urdf_robot__type_support.cpp.o[0m
[3.792s] [ 84%] [32mBuilding CXX object CMakeFiles/webots_ros2_msgs__rosidl_typesupport_fastrtps_c.dir/rosidl_typesupport_fastrtps_c/webots_ros2_msgs/srv/detail/spawn_urdf_robot__type_support_c.cpp.o[0m
[3.885s] [ 84%] Built target webots_ros2_msgs__rosidl_typesupport_introspection_cpp
[4.375s] [ 85%] [1m[32mLinking CXX shared library libwebots_ros2_msgs__rosidl_typesupport_fastrtps_c.so[0m
[4.420s] [ 85%] [1m[32mLinking CXX shared library libwebots_ros2_msgs__rosidl_typesupport_fastrtps_cpp.so[0m
[4.449s] [ 85%] Built target webots_ros2_msgs__rosidl_typesupport_fastrtps_c
[4.495s] [ 85%] Built target webots_ros2_msgs__rosidl_typesupport_fastrtps_cpp
[4.520s] [ 85%] Built target webots_ros2_msgs
[4.552s] [ 86%] [1m[34mGenerating Python code for ROS interfaces[0m
[5.795s] [ 86%] Built target webots_ros2_msgs__py
[5.818s] [ 86%] [32mBuilding C object CMakeFiles/webots_ros2_msgs__rosidl_generator_py.dir/rosidl_generator_py/webots_ros2_msgs/msg/_float_stamped_s.c.o[0m
[5.818s] [ 87%] [32mBuilding C object CMakeFiles/webots_ros2_msgs__rosidl_generator_py.dir/rosidl_generator_py/webots_ros2_msgs/msg/_string_stamped_s.c.o[0m
[5.819s] [ 89%] [32mBuilding C object CMakeFiles/webots_ros2_msgs__rosidl_generator_py.dir/rosidl_generator_py/webots_ros2_msgs/msg/_camera_recognition_object_s.c.o[0m
[5.819s] [ 89%] [32mBuilding C object CMakeFiles/webots_ros2_msgs__rosidl_generator_py.dir/rosidl_generator_py/webots_ros2_msgs/msg/_pen_ink_properties_s.c.o[0m
[5.821s] [ 89%] [32mBuilding C object CMakeFiles/webots_ros2_msgs__rosidl_generator_py.dir/rosidl_generator_py/webots_ros2_msgs/msg/_urdf_robot_s.c.o[0m
[5.821s] [ 90%] [32mBuilding C object CMakeFiles/webots_ros2_msgs__rosidl_generator_py.dir/rosidl_generator_py/webots_ros2_msgs/msg/_bool_stamped_s.c.o[0m
[5.822s] [ 91%] [32mBuilding C object CMakeFiles/webots_ros2_msgs__rosidl_generator_py.dir/rosidl_generator_py/webots_ros2_msgs/srv/_emitter_send_string_s.c.o[0m
[5.822s] [ 91%] [32mBuilding C object CMakeFiles/webots_ros2_msgs__rosidl_generator_py.dir/rosidl_generator_py/webots_ros2_msgs/srv/_get_bool_s.c.o[0m
[5.823s] [ 94%] [32mBuilding C object CMakeFiles/webots_ros2_msgs__rosidl_generator_py.dir/rosidl_generator_py/webots_ros2_msgs/srv/_set_string_s.c.o[0m
[5.823s] [ 94%] [32mBuilding C object CMakeFiles/webots_ros2_msgs__rosidl_generator_py.dir/rosidl_generator_py/webots_ros2_msgs/srv/_spawn_node_from_string_s.c.o[0m
[5.823s] [ 94%] [32mBuilding C object CMakeFiles/webots_ros2_msgs__rosidl_generator_py.dir/rosidl_generator_py/webots_ros2_msgs/msg/_camera_recognition_objects_s.c.o[0m
[5.824s] [ 94%] [32mBuilding C object CMakeFiles/webots_ros2_msgs__rosidl_generator_py.dir/rosidl_generator_py/webots_ros2_msgs/srv/_spawn_urdf_robot_s.c.o[0m
[5.837s] [ 94%] Built target ament_cmake_python_sync_webots_ros2_msgs
[6.002s] [ 95%] [1m[32mLinking C shared library libwebots_ros2_msgs__rosidl_generator_py.so[0m
[6.022s] running egg_info
[6.034s] creating webots_ros2_msgs.egg-info
[6.034s] writing webots_ros2_msgs.egg-info/PKG-INFO
[6.034s] writing dependency_links to webots_ros2_msgs.egg-info/dependency_links.txt
[6.034s] writing top-level names to webots_ros2_msgs.egg-info/top_level.txt
[6.034s] writing manifest file 'webots_ros2_msgs.egg-info/SOURCES.txt'
[6.045s] [ 95%] Built target webots_ros2_msgs__rosidl_generator_py
[6.060s] [ 96%] [32mBuilding C object CMakeFiles/webots_ros2_msgs_s__rosidl_typesupport_c.dir/rosidl_generator_py/webots_ros2_msgs/_webots_ros2_msgs_s.ep.rosidl_typesupport_c.c.o[0m
[6.060s] [ 96%] [32mBuilding C object CMakeFiles/webots_ros2_msgs_s__rosidl_typesupport_fastrtps_c.dir/rosidl_generator_py/webots_ros2_msgs/_webots_ros2_msgs_s.ep.rosidl_typesupport_fastrtps_c.c.o[0m
[6.065s] [ 97%] [32mBuilding C object CMakeFiles/webots_ros2_msgs_s__rosidl_typesupport_introspection_c.dir/rosidl_generator_py/webots_ros2_msgs/_webots_ros2_msgs_s.ep.rosidl_typesupport_introspection_c.c.o[0m
[6.070s] reading manifest file 'webots_ros2_msgs.egg-info/SOURCES.txt'
[6.071s] writing manifest file 'webots_ros2_msgs.egg-info/SOURCES.txt'
[6.094s] [ 97%] Built target ament_cmake_python_build_webots_ros2_msgs_egg
[6.173s] [ 98%] [1m[32mLinking C shared module rosidl_generator_py/webots_ros2_msgs/webots_ros2_msgs_s__rosidl_typesupport_fastrtps_c.so[0m
[6.173s] [ 99%] [1m[32mLinking C shared module rosidl_generator_py/webots_ros2_msgs/webots_ros2_msgs_s__rosidl_typesupport_c.so[0m
[6.180s] [100%] [1m[32mLinking C shared module rosidl_generator_py/webots_ros2_msgs/webots_ros2_msgs_s__rosidl_typesupport_introspection_c.so[0m
[6.194s] [100%] Built target webots_ros2_msgs_s__rosidl_typesupport_fastrtps_c
[6.204s] [100%] Built target webots_ros2_msgs_s__rosidl_typesupport_c
[6.217s] [100%] Built target webots_ros2_msgs_s__rosidl_typesupport_introspection_c
[6.227s] Invoked command in '/home/onur/autonomous_robot/build/webots_ros2_msgs' returned '0': CMAKE_PREFIX_PATH=${CMAKE_PREFIX_PATH}:/opt/ros/lyrical DEBUGINFOD_URLS=https://debuginfod.ubuntu.com /usr/bin/cmake --build /home/onur/autonomous_robot/build/webots_ros2_msgs -- -j16 -l16
[6.235s] Invoking command in '/home/onur/autonomous_robot/build/webots_ros2_msgs': CMAKE_PREFIX_PATH=${CMAKE_PREFIX_PATH}:/opt/ros/lyrical DEBUGINFOD_URLS=https://debuginfod.ubuntu.com /usr/bin/cmake --install /home/onur/autonomous_robot/build/webots_ros2_msgs
[6.247s] -- Install configuration: ""
[6.247s] -- Installing: /home/onur/autonomous_robot/install/webots_ros2_msgs/share/ament_index/resource_index/rosidl_interfaces/webots_ros2_msgs
[6.247s] -- Installing: /home/onur/autonomous_robot/install/webots_ros2_msgs/share/webots_ros2_msgs/msg/BoolStamped.json
[6.247s] -- Installing: /home/onur/autonomous_robot/install/webots_ros2_msgs/share/webots_ros2_msgs/msg/FloatStamped.json
[6.247s] -- Installing: /home/onur/autonomous_robot/install/webots_ros2_msgs/share/webots_ros2_msgs/msg/StringStamped.json
[6.247s] -- Installing: /home/onur/autonomous_robot/install/webots_ros2_msgs/share/webots_ros2_msgs/msg/CameraRecognitionObject.json
[6.247s] -- Installing: /home/onur/autonomous_robot/install/webots_ros2_msgs/share/webots_ros2_msgs/msg/CameraRecognitionObjects.json
[6.247s] -- Installing: /home/onur/autonomous_robot/install/webots_ros2_msgs/share/webots_ros2_msgs/msg/UrdfRobot.json
[6.247s] -- Installing: /home/onur/autonomous_robot/install/webots_ros2_msgs/share/webots_ros2_msgs/msg/PenInkProperties.json
[6.248s] -- Installing: /home/onur/autonomous_robot/install/webots_ros2_msgs/share/webots_ros2_msgs/srv/EmitterSendString.json
[6.248s] -- Installing: /home/onur/autonomous_robot/install/webots_ros2_msgs/share/webots_ros2_msgs/srv/GetBool.json
[6.248s] -- Installing: /home/onur/autonomous_robot/install/webots_ros2_msgs/share/webots_ros2_msgs/srv/SetString.json
[6.248s] -- Installing: /home/onur/autonomous_robot/install/webots_ros2_msgs/share/webots_ros2_msgs/srv/SpawnNodeFromString.json
[6.248s] -- Installing: /home/onur/autonomous_robot/install/webots_ros2_msgs/share/webots_ros2_msgs/srv/SpawnUrdfRobot.json
[6.248s] -- Installing: /home/onur/autonomous_robot/install/webots_ros2_msgs/include/webots_ros2_msgs/webots_ros2_msgs
[6.248s] -- Installing: /home/onur/autonomous_robot/install/webots_ros2_msgs/include/webots_ros2_msgs/webots_ros2_msgs/msg
[6.248s] -- Installing: /home/onur/autonomous_robot/install/webots_ros2_msgs/include/webots_ros2_msgs/webots_ros2_msgs/msg/float_stamped.h
[6.248s] -- Installing: /home/onur/autonomous_robot/install/webots_ros2_msgs/include/webots_ros2_msgs/webots_ros2_msgs/msg/detail
[6.248s] -- Installing: /home/onur/autonomous_robot/install/webots_ros2_msgs/include/webots_ros2_msgs/webots_ros2_msgs/msg/detail/pen_ink_properties__functions.c
[6.248s] -- Installing: /home/onur/autonomous_robot/install/webots_ros2_msgs/include/webots_ros2_msgs/webots_ros2_msgs/msg/detail/pen_ink_properties__description.c
[6.248s] -- Installing: /home/onur/autonomous_robot/install/webots_ros2_msgs/include/webots_ros2_msgs/webots_ros2_msgs/msg/detail/camera_recognition_objects__functions.c
[6.248s] -- Installing: /home/onur/autonomous_robot/install/webots_ros2_msgs/include/webots_ros2_msgs/webots_ros2_msgs/msg/detail/urdf_robot__struct.h
[6.249s] -- Installing: /home/onur/autonomous_robot/install/webots_ros2_msgs/include/webots_ros2_msgs/webots_ros2_msgs/msg/detail/camera_recognition_objects__type_support.c
[6.249s] -- Installing: /home/onur/autonomous_robot/install/webots_ros2_msgs/include/webots_ros2_msgs/webots_ros2_msgs/msg/detail/camera_recognition_objects__functions.h
[6.249s] -- Installing: /home/onur/autonomous_robot/install/webots_ros2_msgs/include/webots_ros2_msgs/webots_ros2_msgs/msg/detail/camera_recognition_object__struct.h
[6.249s] -- Installing: /home/onur/autonomous_robot/install/webots_ros2_msgs/include/webots_ros2_msgs/webots_ros2_msgs/msg/detail/urdf_robot__functions.h
[6.249s] -- Installing: /home/onur/autonomous_robot/install/webots_ros2_msgs/include/webots_ros2_msgs/webots_ros2_msgs/msg/detail/string_stamped__type_support.h
[6.249s] -- Installing: /home/onur/autonomous_robot/install/webots_ros2_msgs/include/webots_ros2_msgs/webots_ros2_msgs/msg/detail/pen_ink_properties__type_support.h
[6.249s] -- Installing: /home/onur/autonomous_robot/install/webots_ros2_msgs/include/webots_ros2_msgs/webots_ros2_msgs/msg/detail/urdf_robot__type_support.c
[6.249s] -- Installing: /home/onur/autonomous_robot/install/webots_ros2_msgs/include/webots_ros2_msgs/webots_ros2_msgs/msg/detail/bool_stamped__functions.c
[6.249s] -- Installing: /home/onur/autonomous_robot/install/webots_ros2_msgs/include/webots_ros2_msgs/webots_ros2_msgs/msg/detail/string_stamped__type_support.c
[6.249s] -- Installing: /home/onur/autonomous_robot/install/webots_ros2_msgs/include/webots_ros2_msgs/webots_ros2_msgs/msg/detail/float_stamped__type_support.h
[6.249s] -- Installing: /home/onur/autonomous_robot/install/webots_ros2_msgs/include/webots_ros2_msgs/webots_ros2_msgs/msg/detail/string_stamped__description.c
[6.249s] -- Installing: /home/onur/autonomous_robot/install/webots_ros2_msgs/include/webots_ros2_msgs/webots_ros2_msgs/msg/detail/urdf_robot__functions.c
[6.249s] -- Installing: /home/onur/autonomous_robot/install/webots_ros2_msgs/include/webots_ros2_msgs/webots_ros2_msgs/msg/detail/camera_recognition_objects__struct.h
[6.250s] -- Installing: /home/onur/autonomous_robot/install/webots_ros2_msgs/include/webots_ros2_msgs/webots_ros2_msgs/msg/detail/urdf_robot__description.c
[6.250s] -- Installing: /home/onur/autonomous_robot/install/webots_ros2_msgs/include/webots_ros2_msgs/webots_ros2_msgs/msg/detail/bool_stamped__functions.h
[6.250s] -- Installing: /home/onur/autonomous_robot/install/webots_ros2_msgs/include/webots_ros2_msgs/webots_ros2_msgs/msg/detail/bool_stamped__type_support.c
[6.250s] -- Installing: /home/onur/autonomous_robot/install/webots_ros2_msgs/include/webots_ros2_msgs/webots_ros2_msgs/msg/detail/float_stamped__struct.h
[6.250s] -- Installing: /home/onur/autonomous_robot/install/webots_ros2_msgs/include/webots_ros2_msgs/webots_ros2_msgs/msg/detail/camera_recognition_object__type_support.h
[6.250s] -- Installing: /home/onur/autonomous_robot/install/webots_ros2_msgs/include/webots_ros2_msgs/webots_ros2_msgs/msg/detail/urdf_robot__type_support.h
[6.250s] -- Installing: /home/onur/autonomous_robot/install/webots_ros2_msgs/include/webots_ros2_msgs/webots_ros2_msgs/msg/detail/float_stamped__functions.h
[6.250s] -- Installing: /home/onur/autonomous_robot/install/webots_ros2_msgs/include/webots_ros2_msgs/webots_ros2_msgs/msg/detail/pen_ink_properties__type_support.c
[6.250s] -- Installing: /home/onur/autonomous_robot/install/webots_ros2_msgs/include/webots_ros2_msgs/webots_ros2_msgs/msg/detail/string_stamped__struct.h
[6.250s] -- Installing: /home/onur/autonomous_robot/install/webots_ros2_msgs/include/webots_ros2_msgs/webots_ros2_msgs/msg/detail/bool_stamped__struct.h
[6.250s] -- Installing: /home/onur/autonomous_robot/install/webots_ros2_msgs/include/webots_ros2_msgs/webots_ros2_msgs/msg/detail/camera_recognition_object__type_support.c
[6.250s] -- Installing: /home/onur/autonomous_robot/install/webots_ros2_msgs/include/webots_ros2_msgs/webots_ros2_msgs/msg/detail/float_stamped__type_support.c
[6.250s] -- Installing: /home/onur/autonomous_robot/install/webots_ros2_msgs/include/webots_ros2_msgs/webots_ros2_msgs/msg/detail/float_stamped__functions.c
[6.251s] -- Installing: /home/onur/autonomous_robot/install/webots_ros2_msgs/include/webots_ros2_msgs/webots_ros2_msgs/msg/detail/camera_recognition_object__functions.h
[6.251s] -- Installing: /home/onur/autonomous_robot/install/webots_ros2_msgs/include/webots_ros2_msgs/webots_ros2_msgs/msg/detail/camera_recognition_object__description.c
[6.251s] -- Installing: /home/onur/autonomous_robot/install/webots_ros2_msgs/include/webots_ros2_msgs/webots_ros2_msgs/msg/detail/string_stamped__functions.h
[6.251s] -- Installing: /home/onur/autonomous_robot/install/webots_ros2_msgs/include/webots_ros2_msgs/webots_ros2_msgs/msg/detail/bool_stamped__type_support.h
[6.251s] -- Installing: /home/onur/autonomous_robot/install/webots_ros2_msgs/include/webots_ros2_msgs/webots_ros2_msgs/msg/detail/camera_recognition_objects__description.c
[6.251s] -- Installing: /home/onur/autonomous_robot/install/webots_ros2_msgs/include/webots_ros2_msgs/webots_ros2_msgs/msg/detail/camera_recognition_objects__type_support.h
[6.251s] -- Installing: /home/onur/autonomous_robot/install/webots_ros2_msgs/include/webots_ros2_msgs/webots_ros2_msgs/msg/detail/bool_stamped__description.c
[6.251s] -- Installing: /home/onur/autonomous_robot/install/webots_ros2_msgs/include/webots_ros2_msgs/webots_ros2_msgs/msg/detail/pen_ink_properties__functions.h
[6.251s] -- Installing: /home/onur/autonomous_robot/install/webots_ros2_msgs/include/webots_ros2_msgs/webots_ros2_msgs/msg/detail/float_stamped__description.c
[6.251s] -- Installing: /home/onur/autonomous_robot/install/webots_ros2_msgs/include/webots_ros2_msgs/webots_ros2_msgs/msg/detail/string_stamped__functions.c
[6.251s] -- Installing: /home/onur/autonomous_robot/install/webots_ros2_msgs/include/webots_ros2_msgs/webots_ros2_msgs/msg/detail/camera_recognition_object__functions.c
[6.251s] -- Installing: /home/onur/autonomous_robot/install/webots_ros2_msgs/include/webots_ros2_msgs/webots_ros2_msgs/msg/detail/pen_ink_properties__struct.h
[6.252s] -- Installing: /home/onur/autonomous_robot/install/webots_ros2_msgs/include/webots_ros2_msgs/webots_ros2_msgs/msg/camera_recognition_object.h
[6.252s] -- Installing: /home/onur/autonomous_robot/install/webots_ros2_msgs/include/webots_ros2_msgs/webots_ros2_msgs/msg/camera_recognition_objects.h
[6.252s] -- Installing: /home/onur/autonomous_robot/install/webots_ros2_msgs/include/webots_ros2_msgs/webots_ros2_msgs/msg/rosidl_generator_c__visibility_control.h
[6.252s] -- Installing: /home/onur/autonomous_robot/install/webots_ros2_msgs/include/webots_ros2_msgs/webots_ros2_msgs/msg/string_stamped.h
[6.252s] -- Installing: /home/onur/autonomous_robot/install/webots_ros2_msgs/include/webots_ros2_msgs/webots_ros2_msgs/msg/urdf_robot.h
[6.252s] -- Installing: /home/onur/autonomous_robot/install/webots_ros2_msgs/include/webots_ros2_msgs/webots_ros2_msgs/msg/bool_stamped.h
[6.252s] -- Installing: /home/onur/autonomous_robot/install/webots_ros2_msgs/include/webots_ros2_msgs/webots_ros2_msgs/msg/pen_ink_properties.h
[6.252s] -- Installing: /home/onur/autonomous_robot/install/webots_ros2_msgs/include/webots_ros2_msgs/webots_ros2_msgs/srv
[6.252s] -- Installing: /home/onur/autonomous_robot/install/webots_ros2_msgs/include/webots_ros2_msgs/webots_ros2_msgs/srv/detail
[6.252s] -- Installing: /home/onur/autonomous_robot/install/webots_ros2_msgs/include/webots_ros2_msgs/webots_ros2_msgs/srv/detail/spawn_urdf_robot__description.c
[6.252s] -- Installing: /home/onur/autonomous_robot/install/webots_ros2_msgs/include/webots_ros2_msgs/webots_ros2_msgs/srv/detail/spawn_node_from_string__struct.h
[6.252s] -- Installing: /home/onur/autonomous_robot/install/webots_ros2_msgs/include/webots_ros2_msgs/webots_ros2_msgs/srv/detail/get_bool__type_support.h
[6.252s] -- Installing: /home/onur/autonomous_robot/install/webots_ros2_msgs/include/webots_ros2_msgs/webots_ros2_msgs/srv/detail/spawn_node_from_string__description.c
[6.253s] -- Installing: /home/onur/autonomous_robot/install/webots_ros2_msgs/include/webots_ros2_msgs/webots_ros2_msgs/srv/detail/spawn_node_from_string__type_support.h
[6.253s] -- Installing: /home/onur/autonomous_robot/install/webots_ros2_msgs/include/webots_ros2_msgs/webots_ros2_msgs/srv/detail/emitter_send_string__functions.c
[6.253s] -- Installing: /home/onur/autonomous_robot/install/webots_ros2_msgs/include/webots_ros2_msgs/webots_ros2_msgs/srv/detail/spawn_node_from_string__type_support.c
[6.253s] -- Installing: /home/onur/autonomous_robot/install/webots_ros2_msgs/include/webots_ros2_msgs/webots_ros2_msgs/srv/detail/get_bool__functions.h
[6.253s] -- Installing: /home/onur/autonomous_robot/install/webots_ros2_msgs/include/webots_ros2_msgs/webots_ros2_msgs/srv/detail/spawn_urdf_robot__type_support.c
[6.253s] -- Installing: /home/onur/autonomous_robot/install/webots_ros2_msgs/include/webots_ros2_msgs/webots_ros2_msgs/srv/detail/spawn_node_from_string__functions.c
[6.253s] -- Installing: /home/onur/autonomous_robot/install/webots_ros2_msgs/include/webots_ros2_msgs/webots_ros2_msgs/srv/detail/emitter_send_string__functions.h
[6.253s] -- Installing: /home/onur/autonomous_robot/install/webots_ros2_msgs/include/webots_ros2_msgs/webots_ros2_msgs/srv/detail/set_string__type_support.h
[6.253s] -- Installing: /home/onur/autonomous_robot/install/webots_ros2_msgs/include/webots_ros2_msgs/webots_ros2_msgs/srv/detail/spawn_urdf_robot__type_support.h
[6.253s] -- Installing: /home/onur/autonomous_robot/install/webots_ros2_msgs/include/webots_ros2_msgs/webots_ros2_msgs/srv/detail/emitter_send_string__description.c
[6.253s] -- Installing: /home/onur/autonomous_robot/install/webots_ros2_msgs/include/webots_ros2_msgs/webots_ros2_msgs/srv/detail/get_bool__struct.h
[6.253s] -- Installing: /home/onur/autonomous_robot/install/webots_ros2_msgs/include/webots_ros2_msgs/webots_ros2_msgs/srv/detail/get_bool__type_support.c
[6.253s] -- Installing: /home/onur/autonomous_robot/install/webots_ros2_msgs/include/webots_ros2_msgs/webots_ros2_msgs/srv/detail/spawn_urdf_robot__functions.c
[6.254s] -- Installing: /home/onur/autonomous_robot/install/webots_ros2_msgs/include/webots_ros2_msgs/webots_ros2_msgs/srv/detail/set_string__functions.h
[6.254s] -- Installing: /home/onur/autonomous_robot/install/webots_ros2_msgs/include/webots_ros2_msgs/webots_ros2_msgs/srv/detail/set_string__type_support.c
[6.254s] -- Installing: /home/onur/autonomous_robot/install/webots_ros2_msgs/include/webots_ros2_msgs/webots_ros2_msgs/srv/detail/spawn_urdf_robot__struct.h
[6.254s] -- Installing: /home/onur/autonomous_robot/install/webots_ros2_msgs/include/webots_ros2_msgs/webots_ros2_msgs/srv/detail/emitter_send_string__type_support.c
[6.254s] -- Installing: /home/onur/autonomous_robot/install/webots_ros2_msgs/include/webots_ros2_msgs/webots_ros2_msgs/srv/detail/spawn_urdf_robot__functions.h
[6.254s] -- Installing: /home/onur/autonomous_robot/install/webots_ros2_msgs/include/webots_ros2_msgs/webots_ros2_msgs/srv/detail/set_string__description.c
[6.254s] -- Installing: /home/onur/autonomous_robot/install/webots_ros2_msgs/include/webots_ros2_msgs/webots_ros2_msgs/srv/detail/get_bool__functions.c
[6.254s] -- Installing: /home/onur/autonomous_robot/install/webots_ros2_msgs/include/webots_ros2_msgs/webots_ros2_msgs/srv/detail/set_string__struct.h
[6.254s] -- Installing: /home/onur/autonomous_robot/install/webots_ros2_msgs/include/webots_ros2_msgs/webots_ros2_msgs/srv/detail/spawn_node_from_string__functions.h
[6.254s] -- Installing: /home/onur/autonomous_robot/install/webots_ros2_msgs/include/webots_ros2_msgs/webots_ros2_msgs/srv/detail/emitter_send_string__struct.h
[6.254s] -- Installing: /home/onur/autonomous_robot/install/webots_ros2_msgs/include/webots_ros2_msgs/webots_ros2_msgs/srv/detail/get_bool__description.c
[6.254s] -- Installing: /home/onur/autonomous_robot/install/webots_ros2_msgs/include/webots_ros2_msgs/webots_ros2_msgs/srv/detail/set_string__functions.c
[6.254s] -- Installing: /home/onur/autonomous_robot/install/webots_ros2_msgs/include/webots_ros2_msgs/webots_ros2_msgs/srv/detail/emitter_send_string__type_support.h
[6.255s] -- Installing: /home/onur/autonomous_robot/install/webots_ros2_msgs/include/webots_ros2_msgs/webots_ros2_msgs/srv/spawn_urdf_robot.h
[6.255s] -- Installing: /home/onur/autonomous_robot/install/webots_ros2_msgs/include/webots_ros2_msgs/webots_ros2_msgs/srv/emitter_send_string.h
[6.255s] -- Installing: /home/onur/autonomous_robot/install/webots_ros2_msgs/include/webots_ros2_msgs/webots_ros2_msgs/srv/get_bool.h
[6.255s] -- Installing: /home/onur/autonomous_robot/install/webots_ros2_msgs/include/webots_ros2_msgs/webots_ros2_msgs/srv/set_string.h
[6.255s] -- Installing: /home/onur/autonomous_robot/install/webots_ros2_msgs/include/webots_ros2_msgs/webots_ros2_msgs/srv/spawn_node_from_string.h
[6.255s] -- Installing: /home/onur/autonomous_robot/install/webots_ros2_msgs/share/webots_ros2_msgs/environment/library_path.sh
[6.255s] -- Installing: /home/onur/autonomous_robot/install/webots_ros2_msgs/share/webots_ros2_msgs/environment/library_path.dsv
[6.255s] -- Installing: /home/onur/autonomous_robot/install/webots_ros2_msgs/lib/libwebots_ros2_msgs__rosidl_generator_c.so
[6.256s] -- Set non-toolchain portion of runtime path of "/home/onur/autonomous_robot/install/webots_ros2_msgs/lib/libwebots_ros2_msgs__rosidl_generator_c.so" to ""
[6.256s] -- Up-to-date: /home/onur/autonomous_robot/install/webots_ros2_msgs/include/webots_ros2_msgs/webots_ros2_msgs
[6.256s] -- Up-to-date: /home/onur/autonomous_robot/install/webots_ros2_msgs/include/webots_ros2_msgs/webots_ros2_msgs/msg
[6.256s] -- Up-to-date: /home/onur/autonomous_robot/install/webots_ros2_msgs/include/webots_ros2_msgs/webots_ros2_msgs/msg/detail
[6.256s] -- Installing: /home/onur/autonomous_robot/install/webots_ros2_msgs/include/webots_ros2_msgs/webots_ros2_msgs/msg/detail/float_stamped__rosidl_typesupport_fastrtps_c.h
[6.256s] -- Installing: /home/onur/autonomous_robot/install/webots_ros2_msgs/include/webots_ros2_msgs/webots_ros2_msgs/msg/detail/string_stamped__rosidl_typesupport_fastrtps_c.h
[6.256s] -- Installing: /home/onur/autonomous_robot/install/webots_ros2_msgs/include/webots_ros2_msgs/webots_ros2_msgs/msg/detail/pen_ink_properties__rosidl_typesupport_fastrtps_c.h
[6.256s] -- Installing: /home/onur/autonomous_robot/install/webots_ros2_msgs/include/webots_ros2_msgs/webots_ros2_msgs/msg/detail/camera_recognition_objects__rosidl_typesupport_fastrtps_c.h
[6.256s] -- Installing: /home/onur/autonomous_robot/install/webots_ros2_msgs/include/webots_ros2_msgs/webots_ros2_msgs/msg/detail/bool_stamped__rosidl_typesupport_fastrtps_c.h
[6.256s] -- Installing: /home/onur/autonomous_robot/install/webots_ros2_msgs/include/webots_ros2_msgs/webots_ros2_msgs/msg/detail/camera_recognition_object__rosidl_typesupport_fastrtps_c.h
[6.256s] -- Installing: /home/onur/autonomous_robot/install/webots_ros2_msgs/include/webots_ros2_msgs/webots_ros2_msgs/msg/detail/urdf_robot__rosidl_typesupport_fastrtps_c.h
[6.257s] -- Installing: /home/onur/autonomous_robot/install/webots_ros2_msgs/include/webots_ros2_msgs/webots_ros2_msgs/msg/rosidl_typesupport_fastrtps_c__visibility_control.h
[6.257s] -- Up-to-date: /home/onur/autonomous_robot/install/webots_ros2_msgs/include/webots_ros2_msgs/webots_ros2_msgs/srv
[6.257s] -- Up-to-date: /home/onur/autonomous_robot/install/webots_ros2_msgs/include/webots_ros2_msgs/webots_ros2_msgs/srv/detail
[6.257s] -- Installing: /home/onur/autonomous_robot/install/webots_ros2_msgs/include/webots_ros2_msgs/webots_ros2_msgs/srv/detail/get_bool__rosidl_typesupport_fastrtps_c.h
[6.257s] -- Installing: /home/onur/autonomous_robot/install/webots_ros2_msgs/include/webots_ros2_msgs/webots_ros2_msgs/srv/detail/set_string__rosidl_typesupport_fastrtps_c.h
[6.257s] -- Installing: /home/onur/autonomous_robot/install/webots_ros2_msgs/include/webots_ros2_msgs/webots_ros2_msgs/srv/detail/spawn_urdf_robot__rosidl_typesupport_fastrtps_c.h
[6.257s] -- Installing: /home/onur/autonomous_robot/install/webots_ros2_msgs/include/webots_ros2_msgs/webots_ros2_msgs/srv/detail/spawn_node_from_string__rosidl_typesupport_fastrtps_c.h
[6.257s] -- Installing: /home/onur/autonomous_robot/install/webots_ros2_msgs/include/webots_ros2_msgs/webots_ros2_msgs/srv/detail/emitter_send_string__rosidl_typesupport_fastrtps_c.h
[6.257s] -- Installing: /home/onur/autonomous_robot/install/webots_ros2_msgs/lib/libwebots_ros2_msgs__rosidl_typesupport_fastrtps_c.so
[6.258s] -- Set non-toolchain portion of runtime path of "/home/onur/autonomous_robot/install/webots_ros2_msgs/lib/libwebots_ros2_msgs__rosidl_typesupport_fastrtps_c.so" to ""
[6.258s] -- Up-to-date: /home/onur/autonomous_robot/install/webots_ros2_msgs/include/webots_ros2_msgs/webots_ros2_msgs
[6.258s] -- Up-to-date: /home/onur/autonomous_robot/install/webots_ros2_msgs/include/webots_ros2_msgs/webots_ros2_msgs/msg
[6.258s] -- Installing: /home/onur/autonomous_robot/install/webots_ros2_msgs/include/webots_ros2_msgs/webots_ros2_msgs/msg/urdf_robot.hpp
[6.258s] -- Up-to-date: /home/onur/autonomous_robot/install/webots_ros2_msgs/include/webots_ros2_msgs/webots_ros2_msgs/msg/detail
[6.258s] -- Installing: /home/onur/autonomous_robot/install/webots_ros2_msgs/include/webots_ros2_msgs/webots_ros2_msgs/msg/detail/camera_recognition_objects__traits.hpp
[6.258s] -- Installing: /home/onur/autonomous_robot/install/webots_ros2_msgs/include/webots_ros2_msgs/webots_ros2_msgs/msg/detail/string_stamped__struct.hpp
[6.258s] -- Installing: /home/onur/autonomous_robot/install/webots_ros2_msgs/include/webots_ros2_msgs/webots_ros2_msgs/msg/detail/pen_ink_properties__traits.hpp
[6.258s] -- Installing: /home/onur/autonomous_robot/install/webots_ros2_msgs/include/webots_ros2_msgs/webots_ros2_msgs/msg/detail/float_stamped__builder.hpp
[6.258s] -- Installing: /home/onur/autonomous_robot/install/webots_ros2_msgs/include/webots_ros2_msgs/webots_ros2_msgs/msg/detail/float_stamped__traits.hpp
[6.258s] -- Installing: /home/onur/autonomous_robot/install/webots_ros2_msgs/include/webots_ros2_msgs/webots_ros2_msgs/msg/detail/bool_stamped__type_support.hpp
[6.258s] -- Installing: /home/onur/autonomous_robot/install/webots_ros2_msgs/include/webots_ros2_msgs/webots_ros2_msgs/msg/detail/pen_ink_properties__type_support.hpp
[6.258s] -- Installing: /home/onur/autonomous_robot/install/webots_ros2_msgs/include/webots_ros2_msgs/webots_ros2_msgs/msg/detail/float_stamped__struct.hpp
[6.258s] -- Installing: /home/onur/autonomous_robot/install/webots_ros2_msgs/include/webots_ros2_msgs/webots_ros2_msgs/msg/detail/camera_recognition_object__builder.hpp
[6.259s] -- Installing: /home/onur/autonomous_robot/install/webots_ros2_msgs/include/webots_ros2_msgs/webots_ros2_msgs/msg/detail/camera_recognition_object__traits.hpp
[6.259s] -- Installing: /home/onur/autonomous_robot/install/webots_ros2_msgs/include/webots_ros2_msgs/webots_ros2_msgs/msg/detail/camera_recognition_object__struct.hpp
[6.259s] -- Installing: /home/onur/autonomous_robot/install/webots_ros2_msgs/include/webots_ros2_msgs/webots_ros2_msgs/msg/detail/urdf_robot__traits.hpp
[6.259s] -- Installing: /home/onur/autonomous_robot/install/webots_ros2_msgs/include/webots_ros2_msgs/webots_ros2_msgs/msg/detail/float_stamped__type_support.hpp
[6.259s] -- Installing: /home/onur/autonomous_robot/install/webots_ros2_msgs/include/webots_ros2_msgs/webots_ros2_msgs/msg/detail/string_stamped__traits.hpp
[6.259s] -- Installing: /home/onur/autonomous_robot/install/webots_ros2_msgs/include/webots_ros2_msgs/webots_ros2_msgs/msg/detail/bool_stamped__builder.hpp
[6.259s] -- Installing: /home/onur/autonomous_robot/install/webots_ros2_msgs/include/webots_ros2_msgs/webots_ros2_msgs/msg/detail/bool_stamped__traits.hpp
[6.259s] -- Installing: /home/onur/autonomous_robot/install/webots_ros2_msgs/include/webots_ros2_msgs/webots_ros2_msgs/msg/detail/string_stamped__builder.hpp
[6.259s] -- Installing: /home/onur/autonomous_robot/install/webots_ros2_msgs/include/webots_ros2_msgs/webots_ros2_msgs/msg/detail/pen_ink_properties__builder.hpp
[6.259s] -- Installing: /home/onur/autonomous_robot/install/webots_ros2_msgs/include/webots_ros2_msgs/webots_ros2_msgs/msg/detail/camera_recognition_objects__type_support.hpp
[6.259s] -- Installing: /home/onur/autonomous_robot/install/webots_ros2_msgs/include/webots_ros2_msgs/webots_ros2_msgs/msg/detail/pen_ink_properties__struct.hpp
[6.259s] -- Installing: /home/onur/autonomous_robot/install/webots_ros2_msgs/include/webots_ros2_msgs/webots_ros2_msgs/msg/detail/urdf_robot__struct.hpp
[6.259s] -- Installing: /home/onur/autonomous_robot/install/webots_ros2_msgs/include/webots_ros2_msgs/webots_ros2_msgs/msg/detail/camera_recognition_object__type_support.hpp
[6.259s] -- Installing: /home/onur/autonomous_robot/install/webots_ros2_msgs/include/webots_ros2_msgs/webots_ros2_msgs/msg/detail/bool_stamped__struct.hpp
[6.259s] -- Installing: /home/onur/autonomous_robot/install/webots_ros2_msgs/include/webots_ros2_msgs/webots_ros2_msgs/msg/detail/camera_recognition_objects__struct.hpp
[6.260s] -- Installing: /home/onur/autonomous_robot/install/webots_ros2_msgs/include/webots_ros2_msgs/webots_ros2_msgs/msg/detail/urdf_robot__type_support.hpp
[6.260s] -- Installing: /home/onur/autonomous_robot/install/webots_ros2_msgs/include/webots_ros2_msgs/webots_ros2_msgs/msg/detail/camera_recognition_objects__builder.hpp
[6.260s] -- Installing: /home/onur/autonomous_robot/install/webots_ros2_msgs/include/webots_ros2_msgs/webots_ros2_msgs/msg/detail/urdf_robot__builder.hpp
[6.260s] -- Installing: /home/onur/autonomous_robot/install/webots_ros2_msgs/include/webots_ros2_msgs/webots_ros2_msgs/msg/detail/string_stamped__type_support.hpp
[6.260s] -- Installing: /home/onur/autonomous_robot/install/webots_ros2_msgs/include/webots_ros2_msgs/webots_ros2_msgs/msg/camera_recognition_object.hpp
[6.260s] -- Installing: /home/onur/autonomous_robot/install/webots_ros2_msgs/include/webots_ros2_msgs/webots_ros2_msgs/msg/float_stamped.hpp
[6.260s] -- Installing: /home/onur/autonomous_robot/install/webots_ros2_msgs/include/webots_ros2_msgs/webots_ros2_msgs/msg/camera_recognition_objects.hpp
[6.260s] -- Installing: /home/onur/autonomous_robot/install/webots_ros2_msgs/include/webots_ros2_msgs/webots_ros2_msgs/msg/rosidl_generator_cpp__visibility_control.hpp
[6.260s] -- Installing: /home/onur/autonomous_robot/install/webots_ros2_msgs/include/webots_ros2_msgs/webots_ros2_msgs/msg/pen_ink_properties.hpp
[6.260s] -- Installing: /home/onur/autonomous_robot/install/webots_ros2_msgs/include/webots_ros2_msgs/webots_ros2_msgs/msg/bool_stamped.hpp
[6.260s] -- Installing: /home/onur/autonomous_robot/install/webots_ros2_msgs/include/webots_ros2_msgs/webots_ros2_msgs/msg/string_stamped.hpp
[6.260s] -- Up-to-date: /home/onur/autonomous_robot/install/webots_ros2_msgs/include/webots_ros2_msgs/webots_ros2_msgs/srv
[6.260s] -- Up-to-date: /home/onur/autonomous_robot/install/webots_ros2_msgs/include/webots_ros2_msgs/webots_ros2_msgs/srv/detail
[6.260s] -- Installing: /home/onur/autonomous_robot/install/webots_ros2_msgs/include/webots_ros2_msgs/webots_ros2_msgs/srv/detail/emitter_send_string__type_support.hpp
[6.260s] -- Installing: /home/onur/autonomous_robot/install/webots_ros2_msgs/include/webots_ros2_msgs/webots_ros2_msgs/srv/detail/emitter_send_string__struct.hpp
[6.260s] -- Installing: /home/onur/autonomous_robot/install/webots_ros2_msgs/include/webots_ros2_msgs/webots_ros2_msgs/srv/detail/emitter_send_string__traits.hpp
[6.260s] -- Installing: /home/onur/autonomous_robot/install/webots_ros2_msgs/include/webots_ros2_msgs/webots_ros2_msgs/srv/detail/spawn_urdf_robot__struct.hpp
[6.260s] -- Installing: /home/onur/autonomous_robot/install/webots_ros2_msgs/include/webots_ros2_msgs/webots_ros2_msgs/srv/detail/spawn_node_from_string__builder.hpp
[6.260s] -- Installing: /home/onur/autonomous_robot/install/webots_ros2_msgs/include/webots_ros2_msgs/webots_ros2_msgs/srv/detail/get_bool__struct.hpp
[6.261s] -- Installing: /home/onur/autonomous_robot/install/webots_ros2_msgs/include/webots_ros2_msgs/webots_ros2_msgs/srv/detail/spawn_node_from_string__struct.hpp
[6.261s] -- Installing: /home/onur/autonomous_robot/install/webots_ros2_msgs/include/webots_ros2_msgs/webots_ros2_msgs/srv/detail/emitter_send_string__builder.hpp
[6.261s] -- Installing: /home/onur/autonomous_robot/install/webots_ros2_msgs/include/webots_ros2_msgs/webots_ros2_msgs/srv/detail/spawn_node_from_string__type_support.hpp
[6.261s] -- Installing: /home/onur/autonomous_robot/install/webots_ros2_msgs/include/webots_ros2_msgs/webots_ros2_msgs/srv/detail/set_string__builder.hpp
[6.261s] -- Installing: /home/onur/autonomous_robot/install/webots_ros2_msgs/include/webots_ros2_msgs/webots_ros2_msgs/srv/detail/spawn_node_from_string__traits.hpp
[6.261s] -- Installing: /home/onur/autonomous_robot/install/webots_ros2_msgs/include/webots_ros2_msgs/webots_ros2_msgs/srv/detail/set_string__type_support.hpp
[6.261s] -- Installing: /home/onur/autonomous_robot/install/webots_ros2_msgs/include/webots_ros2_msgs/webots_ros2_msgs/srv/detail/get_bool__traits.hpp
[6.261s] -- Installing: /home/onur/autonomous_robot/install/webots_ros2_msgs/include/webots_ros2_msgs/webots_ros2_msgs/srv/detail/set_string__traits.hpp
[6.261s] -- Installing: /home/onur/autonomous_robot/install/webots_ros2_msgs/include/webots_ros2_msgs/webots_ros2_msgs/srv/detail/spawn_urdf_robot__type_support.hpp
[6.261s] -- Installing: /home/onur/autonomous_robot/install/webots_ros2_msgs/include/webots_ros2_msgs/webots_ros2_msgs/srv/detail/set_string__struct.hpp
[6.261s] -- Installing: /home/onur/autonomous_robot/install/webots_ros2_msgs/include/webots_ros2_msgs/webots_ros2_msgs/srv/detail/spawn_urdf_robot__builder.hpp
[6.261s] -- Installing: /home/onur/autonomous_robot/install/webots_ros2_msgs/include/webots_ros2_msgs/webots_ros2_msgs/srv/detail/get_bool__type_support.hpp
[6.261s] -- Installing: /home/onur/autonomous_robot/install/webots_ros2_msgs/include/webots_ros2_msgs/webots_ros2_msgs/srv/detail/get_bool__builder.hpp
[6.261s] -- Installing: /home/onur/autonomous_robot/install/webots_ros2_msgs/include/webots_ros2_msgs/webots_ros2_msgs/srv/detail/spawn_urdf_robot__traits.hpp
[6.261s] -- Installing: /home/onur/autonomous_robot/install/webots_ros2_msgs/include/webots_ros2_msgs/webots_ros2_msgs/srv/get_bool.hpp
[6.261s] -- Installing: /home/onur/autonomous_robot/install/webots_ros2_msgs/include/webots_ros2_msgs/webots_ros2_msgs/srv/emitter_send_string.hpp
[6.261s] -- Installing: /home/onur/autonomous_robot/install/webots_ros2_msgs/include/webots_ros2_msgs/webots_ros2_msgs/srv/set_string.hpp
[6.261s] -- Installing: /home/onur/autonomous_robot/install/webots_ros2_msgs/include/webots_ros2_msgs/webots_ros2_msgs/srv/spawn_urdf_robot.hpp
[6.261s] -- Installing: /home/onur/autonomous_robot/install/webots_ros2_msgs/include/webots_ros2_msgs/webots_ros2_msgs/srv/spawn_node_from_string.hpp
[6.262s] -- Up-to-date: /home/onur/autonomous_robot/install/webots_ros2_msgs/include/webots_ros2_msgs/webots_ros2_msgs
[6.262s] -- Up-to-date: /home/onur/autonomous_robot/install/webots_ros2_msgs/include/webots_ros2_msgs/webots_ros2_msgs/msg
[6.262s] -- Up-to-date: /home/onur/autonomous_robot/install/webots_ros2_msgs/include/webots_ros2_msgs/webots_ros2_msgs/msg/detail
[6.262s] -- Installing: /home/onur/autonomous_robot/install/webots_ros2_msgs/include/webots_ros2_msgs/webots_ros2_msgs/msg/detail/string_stamped__rosidl_typesupport_fastrtps_cpp.hpp
[6.262s] -- Installing: /home/onur/autonomous_robot/install/webots_ros2_msgs/include/webots_ros2_msgs/webots_ros2_msgs/msg/detail/camera_recognition_objects__rosidl_typesupport_fastrtps_cpp.hpp
[6.262s] -- Installing: /home/onur/autonomous_robot/install/webots_ros2_msgs/include/webots_ros2_msgs/webots_ros2_msgs/msg/detail/pen_ink_properties__rosidl_typesupport_fastrtps_cpp.hpp
[6.262s] -- Installing: /home/onur/autonomous_robot/install/webots_ros2_msgs/include/webots_ros2_msgs/webots_ros2_msgs/msg/detail/bool_stamped__rosidl_typesupport_fastrtps_cpp.hpp
[6.262s] -- Installing: /home/onur/autonomous_robot/install/webots_ros2_msgs/include/webots_ros2_msgs/webots_ros2_msgs/msg/detail/dds_fastrtps
[6.262s] -- Installing: /home/onur/autonomous_robot/install/webots_ros2_msgs/include/webots_ros2_msgs/webots_ros2_msgs/msg/detail/camera_recognition_object__rosidl_typesupport_fastrtps_cpp.hpp
[6.262s] -- Installing: /home/onur/autonomous_robot/install/webots_ros2_msgs/include/webots_ros2_msgs/webots_ros2_msgs/msg/detail/urdf_robot__rosidl_typesupport_fastrtps_cpp.hpp
[6.262s] -- Installing: /home/onur/autonomous_robot/install/webots_ros2_msgs/include/webots_ros2_msgs/webots_ros2_msgs/msg/detail/float_stamped__rosidl_typesupport_fastrtps_cpp.hpp
[6.262s] -- Installing: /home/onur/autonomous_robot/install/webots_ros2_msgs/include/webots_ros2_msgs/webots_ros2_msgs/msg/rosidl_typesupport_fastrtps_cpp__visibility_control.h
[6.262s] -- Up-to-date: /home/onur/autonomous_robot/install/webots_ros2_msgs/include/webots_ros2_msgs/webots_ros2_msgs/srv
[6.262s] -- Up-to-date: /home/onur/autonomous_robot/install/webots_ros2_msgs/include/webots_ros2_msgs/webots_ros2_msgs/srv/detail
[6.262s] -- Installing: /home/onur/autonomous_robot/install/webots_ros2_msgs/include/webots_ros2_msgs/webots_ros2_msgs/srv/detail/emitter_send_string__rosidl_typesupport_fastrtps_cpp.hpp
[6.262s] -- Installing: /home/onur/autonomous_robot/install/webots_ros2_msgs/include/webots_ros2_msgs/webots_ros2_msgs/srv/detail/spawn_urdf_robot__rosidl_typesupport_fastrtps_cpp.hpp
[6.262s] -- Installing: /home/onur/autonomous_robot/install/webots_ros2_msgs/include/webots_ros2_msgs/webots_ros2_msgs/srv/detail/spawn_node_from_string__rosidl_typesupport_fastrtps_cpp.hpp
[6.262s] -- Installing: /home/onur/autonomous_robot/install/webots_ros2_msgs/include/webots_ros2_msgs/webots_ros2_msgs/srv/detail/get_bool__rosidl_typesupport_fastrtps_cpp.hpp
[6.262s] -- Installing: /home/onur/autonomous_robot/install/webots_ros2_msgs/include/webots_ros2_msgs/webots_ros2_msgs/srv/detail/dds_fastrtps
[6.262s] -- Installing: /home/onur/autonomous_robot/install/webots_ros2_msgs/include/webots_ros2_msgs/webots_ros2_msgs/srv/detail/set_string__rosidl_typesupport_fastrtps_cpp.hpp
[6.262s] -- Installing: /home/onur/autonomous_robot/install/webots_ros2_msgs/lib/libwebots_ros2_msgs__rosidl_typesupport_fastrtps_cpp.so
[6.263s] -- Set non-toolchain portion of runtime path of "/home/onur/autonomous_robot/install/webots_ros2_msgs/lib/libwebots_ros2_msgs__rosidl_typesupport_fastrtps_cpp.so" to ""
[6.263s] -- Up-to-date: /home/onur/autonomous_robot/install/webots_ros2_msgs/include/webots_ros2_msgs/webots_ros2_msgs
[6.263s] -- Up-to-date: /home/onur/autonomous_robot/install/webots_ros2_msgs/include/webots_ros2_msgs/webots_ros2_msgs/msg
[6.263s] -- Up-to-date: /home/onur/autonomous_robot/install/webots_ros2_msgs/include/webots_ros2_msgs/webots_ros2_msgs/msg/detail
[6.263s] -- Installing: /home/onur/autonomous_robot/install/webots_ros2_msgs/include/webots_ros2_msgs/webots_ros2_msgs/msg/detail/camera_recognition_objects__type_support.c
[6.263s] -- Installing: /home/onur/autonomous_robot/install/webots_ros2_msgs/include/webots_ros2_msgs/webots_ros2_msgs/msg/detail/urdf_robot__type_support.c
[6.263s] -- Installing: /home/onur/autonomous_robot/install/webots_ros2_msgs/include/webots_ros2_msgs/webots_ros2_msgs/msg/detail/string_stamped__type_support.c
[6.263s] -- Installing: /home/onur/autonomous_robot/install/webots_ros2_msgs/include/webots_ros2_msgs/webots_ros2_msgs/msg/detail/camera_recognition_object__rosidl_typesupport_introspection_c.h
[6.263s] -- Installing: /home/onur/autonomous_robot/install/webots_ros2_msgs/include/webots_ros2_msgs/webots_ros2_msgs/msg/detail/pen_ink_properties__rosidl_typesupport_introspection_c.h
[6.263s] -- Installing: /home/onur/autonomous_robot/install/webots_ros2_msgs/include/webots_ros2_msgs/webots_ros2_msgs/msg/detail/bool_stamped__rosidl_typesupport_introspection_c.h
[6.263s] -- Installing: /home/onur/autonomous_robot/install/webots_ros2_msgs/include/webots_ros2_msgs/webots_ros2_msgs/msg/detail/camera_recognition_objects__rosidl_typesupport_introspection_c.h
[6.263s] -- Installing: /home/onur/autonomous_robot/install/webots_ros2_msgs/include/webots_ros2_msgs/webots_ros2_msgs/msg/detail/urdf_robot__rosidl_typesupport_introspection_c.h
[6.263s] -- Installing: /home/onur/autonomous_robot/install/webots_ros2_msgs/include/webots_ros2_msgs/webots_ros2_msgs/msg/detail/bool_stamped__type_support.c
[6.263s] -- Installing: /home/onur/autonomous_robot/install/webots_ros2_msgs/include/webots_ros2_msgs/webots_ros2_msgs/msg/detail/pen_ink_properties__type_support.c
[6.263s] -- Installing: /home/onur/autonomous_robot/install/webots_ros2_msgs/include/webots_ros2_msgs/webots_ros2_msgs/msg/detail/camera_recognition_object__type_support.c
[6.263s] -- Installing: /home/onur/autonomous_robot/install/webots_ros2_msgs/include/webots_ros2_msgs/webots_ros2_msgs/msg/detail/float_stamped__type_support.c
[6.264s] -- Installing: /home/onur/autonomous_robot/install/webots_ros2_msgs/include/webots_ros2_msgs/webots_ros2_msgs/msg/detail/float_stamped__rosidl_typesupport_introspection_c.h
[6.264s] -- Installing: /home/onur/autonomous_robot/install/webots_ros2_msgs/include/webots_ros2_msgs/webots_ros2_msgs/msg/detail/string_stamped__rosidl_typesupport_introspection_c.h
[6.264s] -- Installing: /home/onur/autonomous_robot/install/webots_ros2_msgs/include/webots_ros2_msgs/webots_ros2_msgs/msg/rosidl_typesupport_introspection_c__visibility_control.h
[6.264s] -- Up-to-date: /home/onur/autonomous_robot/install/webots_ros2_msgs/include/webots_ros2_msgs/webots_ros2_msgs/srv
[6.264s] -- Up-to-date: /home/onur/autonomous_robot/install/webots_ros2_msgs/include/webots_ros2_msgs/webots_ros2_msgs/srv/detail
[6.264s] -- Installing: /home/onur/autonomous_robot/install/webots_ros2_msgs/include/webots_ros2_msgs/webots_ros2_msgs/srv/detail/spawn_node_from_string__rosidl_typesupport_introspection_c.h
[6.264s] -- Installing: /home/onur/autonomous_robot/install/webots_ros2_msgs/include/webots_ros2_msgs/webots_ros2_msgs/srv/detail/spawn_urdf_robot__rosidl_typesupport_introspection_c.h
[6.264s] -- Installing: /home/onur/autonomous_robot/install/webots_ros2_msgs/include/webots_ros2_msgs/webots_ros2_msgs/srv/detail/spawn_node_from_string__type_support.c
[6.264s] -- Installing: /home/onur/autonomous_robot/install/webots_ros2_msgs/include/webots_ros2_msgs/webots_ros2_msgs/srv/detail/set_string__rosidl_typesupport_introspection_c.h
[6.264s] -- Installing: /home/onur/autonomous_robot/install/webots_ros2_msgs/include/webots_ros2_msgs/webots_ros2_msgs/srv/detail/spawn_urdf_robot__type_support.c
[6.264s] -- Installing: /home/onur/autonomous_robot/install/webots_ros2_msgs/include/webots_ros2_msgs/webots_ros2_msgs/srv/detail/get_bool__rosidl_typesupport_introspection_c.h
[6.264s] -- Installing: /home/onur/autonomous_robot/install/webots_ros2_msgs/include/webots_ros2_msgs/webots_ros2_msgs/srv/detail/get_bool__type_support.c
[6.264s] -- Installing: /home/onur/autonomous_robot/install/webots_ros2_msgs/include/webots_ros2_msgs/webots_ros2_msgs/srv/detail/set_string__type_support.c
[6.264s] -- Installing: /home/onur/autonomous_robot/install/webots_ros2_msgs/include/webots_ros2_msgs/webots_ros2_msgs/srv/detail/emitter_send_string__type_support.c
[6.264s] -- Installing: /home/onur/autonomous_robot/install/webots_ros2_msgs/include/webots_ros2_msgs/webots_ros2_msgs/srv/detail/emitter_send_string__rosidl_typesupport_introspection_c.h
[6.264s] -- Installing: /home/onur/autonomous_robot/install/webots_ros2_msgs/lib/libwebots_ros2_msgs__rosidl_typesupport_introspection_c.so
[6.264s] -- Set non-toolchain portion of runtime path of "/home/onur/autonomous_robot/install/webots_ros2_msgs/lib/libwebots_ros2_msgs__rosidl_typesupport_introspection_c.so" to ""
[6.264s] -- Installing: /home/onur/autonomous_robot/install/webots_ros2_msgs/lib/libwebots_ros2_msgs__rosidl_typesupport_c.so
[6.264s] -- Set non-toolchain portion of runtime path of "/home/onur/autonomous_robot/install/webots_ros2_msgs/lib/libwebots_ros2_msgs__rosidl_typesupport_c.so" to ""
[6.265s] -- Up-to-date: /home/onur/autonomous_robot/install/webots_ros2_msgs/include/webots_ros2_msgs/webots_ros2_msgs
[6.265s] -- Up-to-date: /home/onur/autonomous_robot/install/webots_ros2_msgs/include/webots_ros2_msgs/webots_ros2_msgs/msg
[6.265s] -- Up-to-date: /home/onur/autonomous_robot/install/webots_ros2_msgs/include/webots_ros2_msgs/webots_ros2_msgs/msg/detail
[6.265s] -- Installing: /home/onur/autonomous_robot/install/webots_ros2_msgs/include/webots_ros2_msgs/webots_ros2_msgs/msg/detail/bool_stamped__rosidl_typesupport_introspection_cpp.hpp
[6.265s] -- Installing: /home/onur/autonomous_robot/install/webots_ros2_msgs/include/webots_ros2_msgs/webots_ros2_msgs/msg/detail/pen_ink_properties__rosidl_typesupport_introspection_cpp.hpp
[6.265s] -- Installing: /home/onur/autonomous_robot/install/webots_ros2_msgs/include/webots_ros2_msgs/webots_ros2_msgs/msg/detail/float_stamped__rosidl_typesupport_introspection_cpp.hpp
[6.265s] -- Installing: /home/onur/autonomous_robot/install/webots_ros2_msgs/include/webots_ros2_msgs/webots_ros2_msgs/msg/detail/urdf_robot__type_support.cpp
[6.265s] -- Installing: /home/onur/autonomous_robot/install/webots_ros2_msgs/include/webots_ros2_msgs/webots_ros2_msgs/msg/detail/pen_ink_properties__type_support.cpp
[6.265s] -- Installing: /home/onur/autonomous_robot/install/webots_ros2_msgs/include/webots_ros2_msgs/webots_ros2_msgs/msg/detail/camera_recognition_object__rosidl_typesupport_introspection_cpp.hpp
[6.265s] -- Installing: /home/onur/autonomous_robot/install/webots_ros2_msgs/include/webots_ros2_msgs/webots_ros2_msgs/msg/detail/urdf_robot__rosidl_typesupport_introspection_cpp.hpp
[6.265s] -- Installing: /home/onur/autonomous_robot/install/webots_ros2_msgs/include/webots_ros2_msgs/webots_ros2_msgs/msg/detail/string_stamped__type_support.cpp
[6.265s] -- Installing: /home/onur/autonomous_robot/install/webots_ros2_msgs/include/webots_ros2_msgs/webots_ros2_msgs/msg/detail/bool_stamped__type_support.cpp
[6.265s] -- Installing: /home/onur/autonomous_robot/install/webots_ros2_msgs/include/webots_ros2_msgs/webots_ros2_msgs/msg/detail/float_stamped__type_support.cpp
[6.265s] -- Installing: /home/onur/autonomous_robot/install/webots_ros2_msgs/include/webots_ros2_msgs/webots_ros2_msgs/msg/detail/camera_recognition_objects__type_support.cpp
[6.265s] -- Installing: /home/onur/autonomous_robot/install/webots_ros2_msgs/include/webots_ros2_msgs/webots_ros2_msgs/msg/detail/camera_recognition_object__type_support.cpp
[6.265s] -- Installing: /home/onur/autonomous_robot/install/webots_ros2_msgs/include/webots_ros2_msgs/webots_ros2_msgs/msg/detail/camera_recognition_objects__rosidl_typesupport_introspection_cpp.hpp
[6.265s] -- Installing: /home/onur/autonomous_robot/install/webots_ros2_msgs/include/webots_ros2_msgs/webots_ros2_msgs/msg/detail/string_stamped__rosidl_typesupport_introspection_cpp.hpp
[6.265s] -- Up-to-date: /home/onur/autonomous_robot/install/webots_ros2_msgs/include/webots_ros2_msgs/webots_ros2_msgs/srv
[6.265s] -- Up-to-date: /home/onur/autonomous_robot/install/webots_ros2_msgs/include/webots_ros2_msgs/webots_ros2_msgs/srv/detail
[6.265s] -- Installing: /home/onur/autonomous_robot/install/webots_ros2_msgs/include/webots_ros2_msgs/webots_ros2_msgs/srv/detail/spawn_node_from_string__type_support.cpp
[6.265s] -- Installing: /home/onur/autonomous_robot/install/webots_ros2_msgs/include/webots_ros2_msgs/webots_ros2_msgs/srv/detail/spawn_urdf_robot__rosidl_typesupport_introspection_cpp.hpp
[6.265s] -- Installing: /home/onur/autonomous_robot/install/webots_ros2_msgs/include/webots_ros2_msgs/webots_ros2_msgs/srv/detail/emitter_send_string__rosidl_typesupport_introspection_cpp.hpp
[6.265s] -- Installing: /home/onur/autonomous_robot/install/webots_ros2_msgs/include/webots_ros2_msgs/webots_ros2_msgs/srv/detail/get_bool__rosidl_typesupport_introspection_cpp.hpp
[6.265s] -- Installing: /home/onur/autonomous_robot/install/webots_ros2_msgs/include/webots_ros2_msgs/webots_ros2_msgs/srv/detail/get_bool__type_support.cpp
[6.265s] -- Installing: /home/onur/autonomous_robot/install/webots_ros2_msgs/include/webots_ros2_msgs/webots_ros2_msgs/srv/detail/set_string__rosidl_typesupport_introspection_cpp.hpp
[6.265s] -- Installing: /home/onur/autonomous_robot/install/webots_ros2_msgs/include/webots_ros2_msgs/webots_ros2_msgs/srv/detail/set_string__type_support.cpp
[6.265s] -- Installing: /home/onur/autonomous_robot/install/webots_ros2_msgs/include/webots_ros2_msgs/webots_ros2_msgs/srv/detail/spawn_urdf_robot__type_support.cpp
[6.266s] -- Installing: /home/onur/autonomous_robot/install/webots_ros2_msgs/include/webots_ros2_msgs/webots_ros2_msgs/srv/detail/emitter_send_string__type_support.cpp
[6.266s] -- Installing: /home/onur/autonomous_robot/install/webots_ros2_msgs/include/webots_ros2_msgs/webots_ros2_msgs/srv/detail/spawn_node_from_string__rosidl_typesupport_introspection_cpp.hpp
[6.266s] -- Installing: /home/onur/autonomous_robot/install/webots_ros2_msgs/lib/libwebots_ros2_msgs__rosidl_typesupport_introspection_cpp.so
[6.266s] -- Set non-toolchain portion of runtime path of "/home/onur/autonomous_robot/install/webots_ros2_msgs/lib/libwebots_ros2_msgs__rosidl_typesupport_introspection_cpp.so" to ""
[6.266s] -- Installing: /home/onur/autonomous_robot/install/webots_ros2_msgs/lib/libwebots_ros2_msgs__rosidl_typesupport_cpp.so
[6.266s] -- Set non-toolchain portion of runtime path of "/home/onur/autonomous_robot/install/webots_ros2_msgs/lib/libwebots_ros2_msgs__rosidl_typesupport_cpp.so" to ""
[6.266s] -- Installing: /home/onur/autonomous_robot/install/webots_ros2_msgs/share/webots_ros2_msgs/environment/pythonpath.sh
[6.266s] -- Installing: /home/onur/autonomous_robot/install/webots_ros2_msgs/share/webots_ros2_msgs/environment/pythonpath.dsv
[6.266s] -- Installing: /home/onur/autonomous_robot/install/webots_ros2_msgs/lib/python3.14/site-packages/webots_ros2_msgs/webots_ros2_msgs_s__rosidl_typesupport_fastrtps_c.so
[6.267s] -- Set non-toolchain portion of runtime path of "/home/onur/autonomous_robot/install/webots_ros2_msgs/lib/python3.14/site-packages/webots_ros2_msgs/webots_ros2_msgs_s__rosidl_typesupport_fastrtps_c.so" to ""
[6.267s] -- Installing: /home/onur/autonomous_robot/install/webots_ros2_msgs/lib/python3.14/site-packages/webots_ros2_msgs/webots_ros2_msgs_s__rosidl_typesupport_introspection_c.so
[6.267s] -- Set non-toolchain portion of runtime path of "/home/onur/autonomous_robot/install/webots_ros2_msgs/lib/python3.14/site-packages/webots_ros2_msgs/webots_ros2_msgs_s__rosidl_typesupport_introspection_c.so" to ""
[6.267s] -- Installing: /home/onur/autonomous_robot/install/webots_ros2_msgs/lib/python3.14/site-packages/webots_ros2_msgs/webots_ros2_msgs_s__rosidl_typesupport_c.so
[6.267s] -- Set non-toolchain portion of runtime path of "/home/onur/autonomous_robot/install/webots_ros2_msgs/lib/python3.14/site-packages/webots_ros2_msgs/webots_ros2_msgs_s__rosidl_typesupport_c.so" to ""
[6.267s] -- Installing: /home/onur/autonomous_robot/install/webots_ros2_msgs/lib/libwebots_ros2_msgs__rosidl_generator_py.so
[6.267s] -- Set non-toolchain portion of runtime path of "/home/onur/autonomous_robot/install/webots_ros2_msgs/lib/libwebots_ros2_msgs__rosidl_generator_py.so" to ""
[6.267s] -- Installing: /home/onur/autonomous_robot/install/webots_ros2_msgs/share/webots_ros2_msgs/rust
[6.267s] -- Installing: /home/onur/autonomous_robot/install/webots_ros2_msgs/share/webots_ros2_msgs/rust/src
[6.267s] -- Installing: /home/onur/autonomous_robot/install/webots_ros2_msgs/share/webots_ros2_msgs/rust/src/lib.rs
[6.267s] -- Installing: /home/onur/autonomous_robot/install/webots_ros2_msgs/share/webots_ros2_msgs/rust/src/srv.rs
[6.267s] -- Installing: /home/onur/autonomous_robot/install/webots_ros2_msgs/share/webots_ros2_msgs/rust/src/msg
[6.267s] -- Installing: /home/onur/autonomous_robot/install/webots_ros2_msgs/share/webots_ros2_msgs/rust/src/msg/rmw.rs
[6.267s] -- Installing: /home/onur/autonomous_robot/install/webots_ros2_msgs/share/webots_ros2_msgs/rust/src/msg.rs
[6.267s] -- Installing: /home/onur/autonomous_robot/install/webots_ros2_msgs/share/webots_ros2_msgs/rust/src/srv
[6.267s] -- Installing: /home/onur/autonomous_robot/install/webots_ros2_msgs/share/webots_ros2_msgs/rust/src/srv/rmw.rs
[6.267s] -- Installing: /home/onur/autonomous_robot/install/webots_ros2_msgs/share/webots_ros2_msgs/rust/build.rs
[6.267s] -- Installing: /home/onur/autonomous_robot/install/webots_ros2_msgs/share/webots_ros2_msgs/rust/Cargo.toml
[6.267s] -- Installing: /home/onur/autonomous_robot/install/webots_ros2_msgs/share/webots_ros2_msgs/msg/BoolStamped.idl
[6.267s] -- Installing: /home/onur/autonomous_robot/install/webots_ros2_msgs/share/webots_ros2_msgs/msg/FloatStamped.idl
[6.268s] -- Installing: /home/onur/autonomous_robot/install/webots_ros2_msgs/share/webots_ros2_msgs/msg/StringStamped.idl
[6.268s] -- Installing: /home/onur/autonomous_robot/install/webots_ros2_msgs/share/webots_ros2_msgs/msg/CameraRecognitionObject.idl
[6.268s] -- Installing: /home/onur/autonomous_robot/install/webots_ros2_msgs/share/webots_ros2_msgs/msg/CameraRecognitionObjects.idl
[6.268s] -- Installing: /home/onur/autonomous_robot/install/webots_ros2_msgs/share/webots_ros2_msgs/msg/UrdfRobot.idl
[6.268s] -- Installing: /home/onur/autonomous_robot/install/webots_ros2_msgs/share/webots_ros2_msgs/msg/PenInkProperties.idl
[6.268s] -- Installing: /home/onur/autonomous_robot/install/webots_ros2_msgs/share/webots_ros2_msgs/srv/EmitterSendString.idl
[6.268s] -- Installing: /home/onur/autonomous_robot/install/webots_ros2_msgs/share/webots_ros2_msgs/srv/GetBool.idl
[6.268s] -- Installing: /home/onur/autonomous_robot/install/webots_ros2_msgs/share/webots_ros2_msgs/srv/SetString.idl
[6.268s] -- Installing: /home/onur/autonomous_robot/install/webots_ros2_msgs/share/webots_ros2_msgs/srv/SpawnNodeFromString.idl
[6.268s] -- Installing: /home/onur/autonomous_robot/install/webots_ros2_msgs/share/webots_ros2_msgs/srv/SpawnUrdfRobot.idl
[6.268s] -- Installing: /home/onur/autonomous_robot/install/webots_ros2_msgs/share/webots_ros2_msgs/msg/BoolStamped.msg
[6.268s] -- Installing: /home/onur/autonomous_robot/install/webots_ros2_msgs/share/webots_ros2_msgs/msg/FloatStamped.msg
[6.268s] -- Installing: /home/onur/autonomous_robot/install/webots_ros2_msgs/share/webots_ros2_msgs/msg/StringStamped.msg
[6.268s] -- Installing: /home/onur/autonomous_robot/install/webots_ros2_msgs/share/webots_ros2_msgs/msg/CameraRecognitionObject.msg
[6.268s] -- Installing: /home/onur/autonomous_robot/install/webots_ros2_msgs/share/webots_ros2_msgs/msg/CameraRecognitionObjects.msg
[6.268s] -- Installing: /home/onur/autonomous_robot/install/webots_ros2_msgs/share/webots_ros2_msgs/msg/UrdfRobot.msg
[6.268s] -- Installing: /home/onur/autonomous_robot/install/webots_ros2_msgs/share/webots_ros2_msgs/msg/PenInkProperties.msg
[6.268s] -- Installing: /home/onur/autonomous_robot/install/webots_ros2_msgs/share/webots_ros2_msgs/srv/EmitterSendString.srv
[6.268s] -- Installing: /home/onur/autonomous_robot/install/webots_ros2_msgs/share/webots_ros2_msgs/srv/GetBool.srv
[6.268s] -- Installing: /home/onur/autonomous_robot/install/webots_ros2_msgs/share/webots_ros2_msgs/srv/SetString.srv
[6.268s] -- Installing: /home/onur/autonomous_robot/install/webots_ros2_msgs/share/webots_ros2_msgs/srv/SpawnNodeFromString.srv
[6.268s] -- Installing: /home/onur/autonomous_robot/install/webots_ros2_msgs/share/webots_ros2_msgs/srv/SpawnUrdfRobot.srv
[6.269s] -- Installing: /home/onur/autonomous_robot/install/webots_ros2_msgs/share/ament_index/resource_index/package_run_dependencies/webots_ros2_msgs
[6.269s] -- Installing: /home/onur/autonomous_robot/install/webots_ros2_msgs/share/ament_index/resource_index/parent_prefix_path/webots_ros2_msgs
[6.269s] -- Installing: /home/onur/autonomous_robot/install/webots_ros2_msgs/share/webots_ros2_msgs/environment/ament_prefix_path.sh
[6.269s] -- Installing: /home/onur/autonomous_robot/install/webots_ros2_msgs/share/webots_ros2_msgs/environment/ament_prefix_path.dsv
[6.269s] -- Installing: /home/onur/autonomous_robot/install/webots_ros2_msgs/share/webots_ros2_msgs/environment/path.sh
[6.269s] -- Installing: /home/onur/autonomous_robot/install/webots_ros2_msgs/share/webots_ros2_msgs/environment/path.dsv
[6.269s] -- Installing: /home/onur/autonomous_robot/install/webots_ros2_msgs/share/webots_ros2_msgs/local_setup.bash
[6.269s] -- Installing: /home/onur/autonomous_robot/install/webots_ros2_msgs/share/webots_ros2_msgs/local_setup.fish
[6.269s] -- Installing: /home/onur/autonomous_robot/install/webots_ros2_msgs/share/webots_ros2_msgs/local_setup.sh
[6.269s] -- Installing: /home/onur/autonomous_robot/install/webots_ros2_msgs/share/webots_ros2_msgs/local_setup.zsh
[6.269s] -- Installing: /home/onur/autonomous_robot/install/webots_ros2_msgs/share/webots_ros2_msgs/local_setup.dsv
[6.269s] -- Installing: /home/onur/autonomous_robot/install/webots_ros2_msgs/share/webots_ros2_msgs/package.dsv
[6.269s] -- Installing: /home/onur/autonomous_robot/install/webots_ros2_msgs/share/ament_index/resource_index/packages/webots_ros2_msgs
[6.269s] -- Installing: /home/onur/autonomous_robot/install/webots_ros2_msgs/share/webots_ros2_msgs/cmake/export_webots_ros2_msgs__rosidl_generator_cExport.cmake
[6.269s] -- Installing: /home/onur/autonomous_robot/install/webots_ros2_msgs/share/webots_ros2_msgs/cmake/export_webots_ros2_msgs__rosidl_generator_cExport-noconfig.cmake
[6.269s] -- Installing: /home/onur/autonomous_robot/install/webots_ros2_msgs/share/webots_ros2_msgs/cmake/export_webots_ros2_msgs__rosidl_typesupport_fastrtps_cExport.cmake
[6.269s] -- Installing: /home/onur/autonomous_robot/install/webots_ros2_msgs/share/webots_ros2_msgs/cmake/export_webots_ros2_msgs__rosidl_typesupport_fastrtps_cExport-noconfig.cmake
[6.269s] -- Installing: /home/onur/autonomous_robot/install/webots_ros2_msgs/share/webots_ros2_msgs/cmake/export_webots_ros2_msgs__rosidl_generator_cppExport.cmake
[6.269s] -- Installing: /home/onur/autonomous_robot/install/webots_ros2_msgs/share/webots_ros2_msgs/cmake/export_webots_ros2_msgs__rosidl_typesupport_fastrtps_cppExport.cmake
[6.270s] -- Installing: /home/onur/autonomous_robot/install/webots_ros2_msgs/share/webots_ros2_msgs/cmake/export_webots_ros2_msgs__rosidl_typesupport_fastrtps_cppExport-noconfig.cmake
[6.270s] -- Installing: /home/onur/autonomous_robot/install/webots_ros2_msgs/share/webots_ros2_msgs/cmake/webots_ros2_msgs__rosidl_typesupport_introspection_cExport.cmake
[6.270s] -- Installing: /home/onur/autonomous_robot/install/webots_ros2_msgs/share/webots_ros2_msgs/cmake/webots_ros2_msgs__rosidl_typesupport_introspection_cExport-noconfig.cmake
[6.270s] -- Installing: /home/onur/autonomous_robot/install/webots_ros2_msgs/share/webots_ros2_msgs/cmake/webots_ros2_msgs__rosidl_typesupport_cExport.cmake
[6.270s] -- Installing: /home/onur/autonomous_robot/install/webots_ros2_msgs/share/webots_ros2_msgs/cmake/webots_ros2_msgs__rosidl_typesupport_cExport-noconfig.cmake
[6.270s] -- Installing: /home/onur/autonomous_robot/install/webots_ros2_msgs/share/webots_ros2_msgs/cmake/webots_ros2_msgs__rosidl_typesupport_introspection_cppExport.cmake
[6.270s] -- Installing: /home/onur/autonomous_robot/install/webots_ros2_msgs/share/webots_ros2_msgs/cmake/webots_ros2_msgs__rosidl_typesupport_introspection_cppExport-noconfig.cmake
[6.270s] -- Installing: /home/onur/autonomous_robot/install/webots_ros2_msgs/share/webots_ros2_msgs/cmake/webots_ros2_msgs__rosidl_typesupport_cppExport.cmake
[6.270s] -- Installing: /home/onur/autonomous_robot/install/webots_ros2_msgs/share/webots_ros2_msgs/cmake/webots_ros2_msgs__rosidl_typesupport_cppExport-noconfig.cmake
[6.270s] -- Installing: /home/onur/autonomous_robot/install/webots_ros2_msgs/share/webots_ros2_msgs/cmake/export_webots_ros2_msgs__rosidl_generator_pyExport.cmake
[6.270s] -- Installing: /home/onur/autonomous_robot/install/webots_ros2_msgs/share/webots_ros2_msgs/cmake/export_webots_ros2_msgs__rosidl_generator_pyExport-noconfig.cmake
[6.270s] -- Installing: /home/onur/autonomous_robot/install/webots_ros2_msgs/lib/python3.14/site-packages/webots_ros2_msgs-2025.0.1-py3.14.egg-info
[6.270s] -- Installing: /home/onur/autonomous_robot/install/webots_ros2_msgs/lib/python3.14/site-packages/webots_ros2_msgs-2025.0.1-py3.14.egg-info/dependency_links.txt
[6.270s] -- Installing: /home/onur/autonomous_robot/install/webots_ros2_msgs/lib/python3.14/site-packages/webots_ros2_msgs-2025.0.1-py3.14.egg-info/PKG-INFO
[6.270s] -- Installing: /home/onur/autonomous_robot/install/webots_ros2_msgs/lib/python3.14/site-packages/webots_ros2_msgs-2025.0.1-py3.14.egg-info/SOURCES.txt
[6.270s] -- Installing: /home/onur/autonomous_robot/install/webots_ros2_msgs/lib/python3.14/site-packages/webots_ros2_msgs-2025.0.1-py3.14.egg-info/top_level.txt
[6.270s] -- Up-to-date: /home/onur/autonomous_robot/install/webots_ros2_msgs/lib/python3.14/site-packages/webots_ros2_msgs
[6.270s] -- Installing: /home/onur/autonomous_robot/install/webots_ros2_msgs/lib/python3.14/site-packages/webots_ros2_msgs/_webots_ros2_msgs_s.ep.rosidl_typesupport_fastrtps_c.c
[6.270s] -- Up-to-date: /home/onur/autonomous_robot/install/webots_ros2_msgs/lib/python3.14/site-packages/webots_ros2_msgs/webots_ros2_msgs_s__rosidl_typesupport_fastrtps_c.so
[6.270s] -- Installing: /home/onur/autonomous_robot/install/webots_ros2_msgs/lib/python3.14/site-packages/webots_ros2_msgs/msg
[6.270s] -- Installing: /home/onur/autonomous_robot/install/webots_ros2_msgs/lib/python3.14/site-packages/webots_ros2_msgs/msg/_pen_ink_properties_s.c
[6.270s] -- Installing: /home/onur/autonomous_robot/install/webots_ros2_msgs/lib/python3.14/site-packages/webots_ros2_msgs/msg/_float_stamped.py
[6.270s] -- Installing: /home/onur/autonomous_robot/install/webots_ros2_msgs/lib/python3.14/site-packages/webots_ros2_msgs/msg/_camera_recognition_objects_s.c
[6.271s] -- Installing: /home/onur/autonomous_robot/install/webots_ros2_msgs/lib/python3.14/site-packages/webots_ros2_msgs/msg/_string_stamped.py
[6.271s] -- Installing: /home/onur/autonomous_robot/install/webots_ros2_msgs/lib/python3.14/site-packages/webots_ros2_msgs/msg/_camera_recognition_object.py
[6.271s] -- Installing: /home/onur/autonomous_robot/install/webots_ros2_msgs/lib/python3.14/site-packages/webots_ros2_msgs/msg/_camera_recognition_objects.py
[6.271s] -- Installing: /home/onur/autonomous_robot/install/webots_ros2_msgs/lib/python3.14/site-packages/webots_ros2_msgs/msg/_pen_ink_properties.py
[6.271s] -- Installing: /home/onur/autonomous_robot/install/webots_ros2_msgs/lib/python3.14/site-packages/webots_ros2_msgs/msg/_float_stamped_s.c
[6.271s] -- Installing: /home/onur/autonomous_robot/install/webots_ros2_msgs/lib/python3.14/site-packages/webots_ros2_msgs/msg/_urdf_robot.py
[6.271s] -- Installing: /home/onur/autonomous_robot/install/webots_ros2_msgs/lib/python3.14/site-packages/webots_ros2_msgs/msg/_bool_stamped.py
[6.271s] -- Installing: /home/onur/autonomous_robot/install/webots_ros2_msgs/lib/python3.14/site-packages/webots_ros2_msgs/msg/_bool_stamped_s.c
[6.271s] -- Installing: /home/onur/autonomous_robot/install/webots_ros2_msgs/lib/python3.14/site-packages/webots_ros2_msgs/msg/_camera_recognition_object_s.c
[6.271s] -- Installing: /home/onur/autonomous_robot/install/webots_ros2_msgs/lib/python3.14/site-packages/webots_ros2_msgs/msg/_string_stamped_s.c
[6.271s] -- Installing: /home/onur/autonomous_robot/install/webots_ros2_msgs/lib/python3.14/site-packages/webots_ros2_msgs/msg/__init__.py
[6.271s] -- Installing: /home/onur/autonomous_robot/install/webots_ros2_msgs/lib/python3.14/site-packages/webots_ros2_msgs/msg/_urdf_robot_s.c
[6.271s] -- Installing: /home/onur/autonomous_robot/install/webots_ros2_msgs/lib/python3.14/site-packages/webots_ros2_msgs/_webots_ros2_msgs_s.ep.rosidl_typesupport_introspection_c.c
[6.271s] -- Up-to-date: /home/onur/autonomous_robot/install/webots_ros2_msgs/lib/python3.14/site-packages/webots_ros2_msgs/webots_ros2_msgs_s__rosidl_typesupport_c.so
[6.271s] -- Up-to-date: /home/onur/autonomous_robot/install/webots_ros2_msgs/lib/python3.14/site-packages/webots_ros2_msgs/webots_ros2_msgs_s__rosidl_typesupport_introspection_c.so
[6.271s] -- Installing: /home/onur/autonomous_robot/install/webots_ros2_msgs/lib/python3.14/site-packages/webots_ros2_msgs/_webots_ros2_msgs_s.ep.rosidl_typesupport_c.c
[6.271s] -- Installing: /home/onur/autonomous_robot/install/webots_ros2_msgs/lib/python3.14/site-packages/webots_ros2_msgs/__init__.py
[6.271s] -- Installing: /home/onur/autonomous_robot/install/webots_ros2_msgs/lib/python3.14/site-packages/webots_ros2_msgs/srv
[6.271s] -- Installing: /home/onur/autonomous_robot/install/webots_ros2_msgs/lib/python3.14/site-packages/webots_ros2_msgs/srv/_spawn_node_from_string.py
[6.271s] -- Installing: /home/onur/autonomous_robot/install/webots_ros2_msgs/lib/python3.14/site-packages/webots_ros2_msgs/srv/_emitter_send_string_s.c
[6.271s] -- Installing: /home/onur/autonomous_robot/install/webots_ros2_msgs/lib/python3.14/site-packages/webots_ros2_msgs/srv/_spawn_node_from_string_s.c
[6.271s] -- Installing: /home/onur/autonomous_robot/install/webots_ros2_msgs/lib/python3.14/site-packages/webots_ros2_msgs/srv/_get_bool.py
[6.271s] -- Installing: /home/onur/autonomous_robot/install/webots_ros2_msgs/lib/python3.14/site-packages/webots_ros2_msgs/srv/_set_string.py
[6.271s] -- Installing: /home/onur/autonomous_robot/install/webots_ros2_msgs/lib/python3.14/site-packages/webots_ros2_msgs/srv/_spawn_urdf_robot_s.c
[6.271s] -- Installing: /home/onur/autonomous_robot/install/webots_ros2_msgs/lib/python3.14/site-packages/webots_ros2_msgs/srv/_set_string_s.c
[6.271s] -- Installing: /home/onur/autonomous_robot/install/webots_ros2_msgs/lib/python3.14/site-packages/webots_ros2_msgs/srv/_get_bool_s.c
[6.271s] -- Installing: /home/onur/autonomous_robot/install/webots_ros2_msgs/lib/python3.14/site-packages/webots_ros2_msgs/srv/__init__.py
[6.272s] -- Installing: /home/onur/autonomous_robot/install/webots_ros2_msgs/lib/python3.14/site-packages/webots_ros2_msgs/srv/_emitter_send_string.py
[6.272s] -- Installing: /home/onur/autonomous_robot/install/webots_ros2_msgs/lib/python3.14/site-packages/webots_ros2_msgs/srv/_spawn_urdf_robot.py
[6.272s] -- Installing: /home/onur/autonomous_robot/install/webots_ros2_msgs/lib/python3.14/site-packages/webots_ros2_msgs/py.typed
[6.326s] Listing '/home/onur/autonomous_robot/install/webots_ros2_msgs/lib/python3.14/site-packages/webots_ros2_msgs'...
[6.326s] Compiling '/home/onur/autonomous_robot/install/webots_ros2_msgs/lib/python3.14/site-packages/webots_ros2_msgs/__init__.py'...
[6.326s] Listing '/home/onur/autonomous_robot/install/webots_ros2_msgs/lib/python3.14/site-packages/webots_ros2_msgs/msg'...
[6.326s] Compiling '/home/onur/autonomous_robot/install/webots_ros2_msgs/lib/python3.14/site-packages/webots_ros2_msgs/msg/__init__.py'...
[6.326s] Compiling '/home/onur/autonomous_robot/install/webots_ros2_msgs/lib/python3.14/site-packages/webots_ros2_msgs/msg/_bool_stamped.py'...
[6.326s] Compiling '/home/onur/autonomous_robot/install/webots_ros2_msgs/lib/python3.14/site-packages/webots_ros2_msgs/msg/_camera_recognition_object.py'...
[6.326s] Compiling '/home/onur/autonomous_robot/install/webots_ros2_msgs/lib/python3.14/site-packages/webots_ros2_msgs/msg/_camera_recognition_objects.py'...
[6.326s] Compiling '/home/onur/autonomous_robot/install/webots_ros2_msgs/lib/python3.14/site-packages/webots_ros2_msgs/msg/_float_stamped.py'...
[6.326s] Compiling '/home/onur/autonomous_robot/install/webots_ros2_msgs/lib/python3.14/site-packages/webots_ros2_msgs/msg/_pen_ink_properties.py'...
[6.327s] Compiling '/home/onur/autonomous_robot/install/webots_ros2_msgs/lib/python3.14/site-packages/webots_ros2_msgs/msg/_string_stamped.py'...
[6.327s] Compiling '/home/onur/autonomous_robot/install/webots_ros2_msgs/lib/python3.14/site-packages/webots_ros2_msgs/msg/_urdf_robot.py'...
[6.327s] Listing '/home/onur/autonomous_robot/install/webots_ros2_msgs/lib/python3.14/site-packages/webots_ros2_msgs/srv'...
[6.327s] Compiling '/home/onur/autonomous_robot/install/webots_ros2_msgs/lib/python3.14/site-packages/webots_ros2_msgs/srv/__init__.py'...
[6.327s] Compiling '/home/onur/autonomous_robot/install/webots_ros2_msgs/lib/python3.14/site-packages/webots_ros2_msgs/srv/_emitter_send_string.py'...
[6.327s] Compiling '/home/onur/autonomous_robot/install/webots_ros2_msgs/lib/python3.14/site-packages/webots_ros2_msgs/srv/_get_bool.py'...
[6.327s] Compiling '/home/onur/autonomous_robot/install/webots_ros2_msgs/lib/python3.14/site-packages/webots_ros2_msgs/srv/_set_string.py'...
[6.327s] Compiling '/home/onur/autonomous_robot/install/webots_ros2_msgs/lib/python3.14/site-packages/webots_ros2_msgs/srv/_spawn_node_from_string.py'...
[6.327s] Compiling '/home/onur/autonomous_robot/install/webots_ros2_msgs/lib/python3.14/site-packages/webots_ros2_msgs/srv/_spawn_urdf_robot.py'...
[6.331s] -- Installing: /home/onur/autonomous_robot/install/webots_ros2_msgs/share/webots_ros2_msgs/cmake/rosidl_cmake-extras.cmake
[6.331s] -- Installing: /home/onur/autonomous_robot/install/webots_ros2_msgs/share/webots_ros2_msgs/cmake/ament_cmake_export_dependencies-extras.cmake
[6.331s] -- Installing: /home/onur/autonomous_robot/install/webots_ros2_msgs/share/webots_ros2_msgs/cmake/ament_cmake_export_include_directories-extras.cmake
[6.331s] -- Installing: /home/onur/autonomous_robot/install/webots_ros2_msgs/share/webots_ros2_msgs/cmake/ament_cmake_export_libraries-extras.cmake
[6.331s] -- Installing: /home/onur/autonomous_robot/install/webots_ros2_msgs/share/webots_ros2_msgs/cmake/ament_cmake_export_targets-extras.cmake
[6.331s] -- Installing: /home/onur/autonomous_robot/install/webots_ros2_msgs/share/webots_ros2_msgs/cmake/rosidl_cmake_export_typesupport_targets-extras.cmake
[6.331s] -- Installing: /home/onur/autonomous_robot/install/webots_ros2_msgs/share/webots_ros2_msgs/cmake/rosidl_cmake_export_typesupport_libraries-extras.cmake
[6.331s] -- Installing: /home/onur/autonomous_robot/install/webots_ros2_msgs/share/webots_ros2_msgs/cmake/rosidl_cmake_aggregate_target-extras.cmake
[6.331s] -- Installing: /home/onur/autonomous_robot/install/webots_ros2_msgs/share/webots_ros2_msgs/cmake/webots_ros2_msgsConfig.cmake
[6.332s] -- Installing: /home/onur/autonomous_robot/install/webots_ros2_msgs/share/webots_ros2_msgs/cmake/webots_ros2_msgsConfig-version.cmake
[6.332s] -- Installing: /home/onur/autonomous_robot/install/webots_ros2_msgs/share/webots_ros2_msgs/package.xml
[6.334s] Invoked command in '/home/onur/autonomous_robot/build/webots_ros2_msgs' returned '0': CMAKE_PREFIX_PATH=${CMAKE_PREFIX_PATH}:/opt/ros/lyrical DEBUGINFOD_URLS=https://debuginfod.ubuntu.com /usr/bin/cmake --install /home/onur/autonomous_robot/build/webots_ros2_msgs
