/home/onur/autonomous_robot/install/webots_ros2_importer/lib/python3.14/site-packages/webots_ros2_importer/xacro2proto.py
/home/onur/autonomous_robot/install/webots_ros2_importer/lib/python3.14/site-packages/webots_ros2_importer/urdf2proto.py
/home/onur/autonomous_robot/install/webots_ros2_importer/lib/python3.14/site-packages/webots_ros2_importer/__init__.py
/home/onur/autonomous_robot/install/webots_ros2_importer/lib/python3.14/site-packages/webots_ros2_importer/urdf2webots/urdf2webots/gazebo_materials.py
/home/onur/autonomous_robot/install/webots_ros2_importer/lib/python3.14/site-packages/webots_ros2_importer/urdf2webots/urdf2webots/parserURDF.py
/home/onur/autonomous_robot/install/webots_ros2_importer/lib/python3.14/site-packages/webots_ros2_importer/urdf2webots/urdf2webots/importer.py
/home/onur/autonomous_robot/install/webots_ros2_importer/lib/python3.14/site-packages/webots_ros2_importer/urdf2webots/urdf2webots/__init__.py
/home/onur/autonomous_robot/install/webots_ros2_importer/lib/python3.14/site-packages/webots_ros2_importer/urdf2webots/urdf2webots/math_utils.py
/home/onur/autonomous_robot/install/webots_ros2_importer/lib/python3.14/site-packages/webots_ros2_importer/urdf2webots/urdf2webots/writeRobot.py
/home/onur/autonomous_robot/install/webots_ros2_importer/lib/python3.14/site-packages/webots_ros2_importer/__pycache__/xacro2proto.cpython-314.pyc
/home/onur/autonomous_robot/install/webots_ros2_importer/lib/python3.14/site-packages/webots_ros2_importer/__pycache__/urdf2proto.cpython-314.pyc
/home/onur/autonomous_robot/install/webots_ros2_importer/lib/python3.14/site-packages/webots_ros2_importer/__pycache__/__init__.cpython-314.pyc
/home/onur/autonomous_robot/install/webots_ros2_importer/lib/python3.14/site-packages/webots_ros2_importer/urdf2webots/urdf2webots/__pycache__/gazebo_materials.cpython-314.pyc
/home/onur/autonomous_robot/install/webots_ros2_importer/lib/python3.14/site-packages/webots_ros2_importer/urdf2webots/urdf2webots/__pycache__/parserURDF.cpython-314.pyc
/home/onur/autonomous_robot/install/webots_ros2_importer/lib/python3.14/site-packages/webots_ros2_importer/urdf2webots/urdf2webots/__pycache__/importer.cpython-314.pyc
/home/onur/autonomous_robot/install/webots_ros2_importer/lib/python3.14/site-packages/webots_ros2_importer/urdf2webots/urdf2webots/__pycache__/__init__.cpython-314.pyc
/home/onur/autonomous_robot/install/webots_ros2_importer/lib/python3.14/site-packages/webots_ros2_importer/urdf2webots/urdf2webots/__pycache__/math_utils.cpython-314.pyc
/home/onur/autonomous_robot/install/webots_ros2_importer/lib/python3.14/site-packages/webots_ros2_importer/urdf2webots/urdf2webots/__pycache__/writeRobot.cpython-314.pyc
/home/onur/autonomous_robot/install/webots_ros2_importer/share/ament_index/resource_index/packages/webots_ros2_importer
/home/onur/autonomous_robot/install/webots_ros2_importer/share/webots_ros2_importer/package.xml
/home/onur/autonomous_robot/install/webots_ros2_importer/lib/python3.14/site-packages/webots_ros2_importer-2025.0.1-py3.14.egg-info/entry_points.txt
/home/onur/autonomous_robot/install/webots_ros2_importer/lib/python3.14/site-packages/webots_ros2_importer-2025.0.1-py3.14.egg-info/requires.txt
/home/onur/autonomous_robot/install/webots_ros2_importer/lib/python3.14/site-packages/webots_ros2_importer-2025.0.1-py3.14.egg-info/dependency_links.txt
/home/onur/autonomous_robot/install/webots_ros2_importer/lib/python3.14/site-packages/webots_ros2_importer-2025.0.1-py3.14.egg-info/PKG-INFO
/home/onur/autonomous_robot/install/webots_ros2_importer/lib/python3.14/site-packages/webots_ros2_importer-2025.0.1-py3.14.egg-info/SOURCES.txt
/home/onur/autonomous_robot/install/webots_ros2_importer/lib/python3.14/site-packages/webots_ros2_importer-2025.0.1-py3.14.egg-info/zip-safe
/home/onur/autonomous_robot/install/webots_ros2_importer/lib/python3.14/site-packages/webots_ros2_importer-2025.0.1-py3.14.egg-info/top_level.txt
/home/onur/autonomous_robot/install/webots_ros2_importer/lib/webots_ros2_importer/urdf2proto
/home/onur/autonomous_robot/install/webots_ros2_importer/lib/webots_ros2_importer/xacro2proto
