[0mCMake Deprecation Warning at CMakeLists.txt:1 (cmake_minimum_required):
  Compatibility with CMake < 3.10 will be removed from a future version of
  CMake.

  Update the VERSION argument <min> value.  Or, use the <min>...<max> syntax
  to tell CMake that the project requires at least <min> but has been updated
  to work with policies introduced by <max> or earlier.

[0m
[33mCMake Warning (dev) at /opt/ros/lyrical/share/realtime_tools/cmake/ament_cmake_export_dependencies-extras.cmake:21 (find_package):
  Policy CMP0167 is not set: The FindBoost module is removed.  Run "cmake
  --help-policy CMP0167" for policy details.  Use the cmake_policy command to
  set the policy and suppress this warning.

Call Stack (most recent call first):
  /opt/ros/lyrical/share/realtime_tools/cmake/realtime_toolsConfig.cmake:41 (include)
  /opt/ros/lyrical/share/hardware_interface/cmake/ament_cmake_export_dependencies-extras.cmake:21 (find_package)
  /opt/ros/lyrical/share/hardware_interface/cmake/hardware_interfaceConfig.cmake:41 (include)
  CMakeLists.txt:31 (find_package)
This warning is for project developers.  Use -Wno-dev to suppress it.
[0m
[0mCMake Deprecation Warning at /opt/ros/lyrical/share/tinyxml2_vendor/cmake/tinyxml2_vendorConfig.cmake:34 (message):
  Package 'tinyxml2_vendor' is deprecated (This package will be removed in
  ROS 2 Lyrical Luth.  Instead, use

        distributed package which provides same functionality.)
Call Stack (most recent call first):
  /home/onur/autonomous_robot/install/webots_ros2_driver/share/webots_ros2_driver/cmake/ament_cmake_export_dependencies-extras.cmake:21 (find_package)
  /home/onur/autonomous_robot/install/webots_ros2_driver/share/webots_ros2_driver/cmake/webots_ros2_driverConfig.cmake:41 (include)
  CMakeLists.txt:36 (find_package)

[0m
