[0mCMake Deprecation Warning at CMakeLists.txt:1 (cmake_minimum_required):
  Compatibility with CMake < 3.10 will be removed from a future version of
  CMake.

  Update the VERSION argument <min> value.  Or, use the <min>...<max> syntax
  to tell CMake that the project requires at least <min> but has been updated
  to work with policies introduced by <max> or earlier.

[0m
-- The C compiler identification is GNU 15.2.0
-- The CXX compiler identification is GNU 15.2.0
-- Detecting C compiler ABI info
-- Detecting C compiler ABI info - done
-- Check for working C compiler: /usr/bin/cc - skipped
-- Detecting C compile features
-- Detecting C compile features - done
-- Detecting CXX compiler ABI info
-- Detecting CXX compiler ABI info - done
-- Check for working CXX compiler: /usr/bin/c++ - skipped
-- Detecting CXX compile features
-- Detecting CXX compile features - done
-- Found ament_cmake: 2.8.8 (/opt/ros/lyrical/share/ament_cmake/cmake)
-- Found hardware_interface: 6.9.0 (/opt/ros/lyrical/share/hardware_interface/cmake)
-- Found rosidl_generator_c: 5.2.1 (/opt/ros/lyrical/share/rosidl_generator_c/cmake)
-- Found rosidl_generator_cpp: 5.2.1 (/opt/ros/lyrical/share/rosidl_generator_cpp/cmake)
-- Using all available rosidl_typesupport_c: rosidl_typesupport_fastrtps_c;rosidl_typesupport_introspection_c
-- Using all available rosidl_typesupport_cpp: rosidl_typesupport_fastrtps_cpp;rosidl_typesupport_introspection_cpp
-- Found rmw_implementation_cmake: 7.10.1 (/opt/ros/lyrical/share/rmw_implementation_cmake/cmake)
-- Found rmw_fastrtps_cpp: 9.4.9 (/opt/ros/lyrical/share/rmw_fastrtps_cpp/cmake)
-- Using RMW implementation 'rmw_fastrtps_cpp' as default
[33mCMake Warning (dev) at /opt/ros/lyrical/share/realtime_tools/cmake/ament_cmake_export_dependencies-extras.cmake:21 (find_package):
  Policy CMP0167 is not set: The FindBoost module is removed.  Run "cmake
  --help-policy CMP0167" for policy details.  Use the cmake_policy command to
  set the policy and suppress this warning.

Call Stack (most recent call first):
  /opt/ros/lyrical/share/realtime_tools/cmake/realtime_toolsConfig.cmake:41 (include)
  /opt/ros/lyrical/share/hardware_interface/cmake/ament_cmake_export_dependencies-extras.cmake:21 (find_package)
  /opt/ros/lyrical/share/hardware_interface/cmake/hardware_interfaceConfig.cmake:41 (include)
  CMakeLists.txt:31 (find_package)
This warning is for project developers.  Use -Wno-dev to suppress it.
[0m
-- Found controller_manager: 6.9.0 (/opt/ros/lyrical/share/controller_manager/cmake)
-- Found webots_ros2_driver: 2025.0.1 (/home/onur/autonomous_robot/install/webots_ros2_driver/share/webots_ros2_driver/cmake)
[0mCMake Deprecation Warning at /opt/ros/lyrical/share/tinyxml2_vendor/cmake/tinyxml2_vendorConfig.cmake:34 (message):
  Package 'tinyxml2_vendor' is deprecated (This package will be removed in
  ROS 2 Lyrical Luth.  Instead, use

        distributed package which provides same functionality.)
Call Stack (most recent call first):
  /home/onur/autonomous_robot/install/webots_ros2_driver/share/webots_ros2_driver/cmake/ament_cmake_export_dependencies-extras.cmake:21 (find_package)
  /home/onur/autonomous_robot/install/webots_ros2_driver/share/webots_ros2_driver/cmake/webots_ros2_driverConfig.cmake:41 (include)
  CMakeLists.txt:36 (find_package)

[0m
-- Configuring done (1.2s)
-- Generating done (0.0s)
-- Build files have been written to: /home/onur/autonomous_robot/build/webots_ros2_control
[ 25%] [32mBuilding CXX object CMakeFiles/webots_ros2_control_system.dir/src/Ros2ControlSystem.cpp.o[0m
[ 50%] [32mBuilding CXX object CMakeFiles/webots_ros2_control.dir/src/Ros2Control.cpp.o[0m
[ 75%] [1m[32mLinking CXX shared library libwebots_ros2_control_system.so[0m
[ 75%] Built target webots_ros2_control_system
[100%] [1m[32mLinking CXX shared library libwebots_ros2_control.so[0m
[100%] Built target webots_ros2_control
-- Install configuration: ""
-- Installing: /home/onur/autonomous_robot/install/webots_ros2_control/share/webots_ros2_control/webots_ros2_control.xml
-- Installing: /home/onur/autonomous_robot/install/webots_ros2_control/share/webots_ros2_control/webots_ros2_control_system.xml
-- Installing: /home/onur/autonomous_robot/install/webots_ros2_control/lib/libwebots_ros2_control.so
-- Set non-toolchain portion of runtime path of "/home/onur/autonomous_robot/install/webots_ros2_control/lib/libwebots_ros2_control.so" to ""
-- Installing: /home/onur/autonomous_robot/install/webots_ros2_control/lib/libwebots_ros2_control_system.so
-- Set non-toolchain portion of runtime path of "/home/onur/autonomous_robot/install/webots_ros2_control/lib/libwebots_ros2_control_system.so" to ""
-- Installing: /home/onur/autonomous_robot/install/webots_ros2_control/include
-- Installing: /home/onur/autonomous_robot/install/webots_ros2_control/include/webots_ros2_control
-- Installing: /home/onur/autonomous_robot/install/webots_ros2_control/include/webots_ros2_control/Ros2ControlSystemInterface.hpp
-- Installing: /home/onur/autonomous_robot/install/webots_ros2_control/include/webots_ros2_control/Ros2Control.hpp
-- Installing: /home/onur/autonomous_robot/install/webots_ros2_control/include/webots_ros2_control/Ros2ControlSystem.hpp
-- Installing: /home/onur/autonomous_robot/install/webots_ros2_control/share/webots_ros2_control/environment/library_path.sh
-- Installing: /home/onur/autonomous_robot/install/webots_ros2_control/share/webots_ros2_control/environment/library_path.dsv
-- Installing: /home/onur/autonomous_robot/install/webots_ros2_control/share/ament_index/resource_index/package_run_dependencies/webots_ros2_control
-- Installing: /home/onur/autonomous_robot/install/webots_ros2_control/share/ament_index/resource_index/parent_prefix_path/webots_ros2_control
-- Installing: /home/onur/autonomous_robot/install/webots_ros2_control/share/webots_ros2_control/environment/ament_prefix_path.sh
-- Installing: /home/onur/autonomous_robot/install/webots_ros2_control/share/webots_ros2_control/environment/ament_prefix_path.dsv
-- Installing: /home/onur/autonomous_robot/install/webots_ros2_control/share/webots_ros2_control/environment/path.sh
-- Installing: /home/onur/autonomous_robot/install/webots_ros2_control/share/webots_ros2_control/environment/path.dsv
-- Installing: /home/onur/autonomous_robot/install/webots_ros2_control/share/webots_ros2_control/local_setup.bash
-- Installing: /home/onur/autonomous_robot/install/webots_ros2_control/share/webots_ros2_control/local_setup.fish
-- Installing: /home/onur/autonomous_robot/install/webots_ros2_control/share/webots_ros2_control/local_setup.sh
-- Installing: /home/onur/autonomous_robot/install/webots_ros2_control/share/webots_ros2_control/local_setup.zsh
-- Installing: /home/onur/autonomous_robot/install/webots_ros2_control/share/webots_ros2_control/local_setup.dsv
-- Installing: /home/onur/autonomous_robot/install/webots_ros2_control/share/webots_ros2_control/package.dsv
-- Installing: /home/onur/autonomous_robot/install/webots_ros2_control/share/ament_index/resource_index/packages/webots_ros2_control
-- Installing: /home/onur/autonomous_robot/install/webots_ros2_control/share/ament_index/resource_index/webots_ros2_driver__pluginlib__plugin/webots_ros2_control
-- Installing: /home/onur/autonomous_robot/install/webots_ros2_control/share/ament_index/resource_index/webots_ros2_control__pluginlib__plugin/webots_ros2_control
-- Installing: /home/onur/autonomous_robot/install/webots_ros2_control/share/webots_ros2_control/cmake/ament_cmake_export_include_directories-extras.cmake
-- Installing: /home/onur/autonomous_robot/install/webots_ros2_control/share/webots_ros2_control/cmake/ament_cmake_export_dependencies-extras.cmake
-- Installing: /home/onur/autonomous_robot/install/webots_ros2_control/share/webots_ros2_control/cmake/ament_cmake_export_libraries-extras.cmake
-- Installing: /home/onur/autonomous_robot/install/webots_ros2_control/share/webots_ros2_control/cmake/webots_ros2_controlConfig.cmake
-- Installing: /home/onur/autonomous_robot/install/webots_ros2_control/share/webots_ros2_control/cmake/webots_ros2_controlConfig-version.cmake
-- Installing: /home/onur/autonomous_robot/install/webots_ros2_control/share/webots_ros2_control/package.xml
