/usr/lib/python3/dist-packages/setuptools/_distutils/dist.py:289: UserWarning: Unknown distribution option: 'tests_require'
  warnings.warn(msg)
running egg_info
writing ../../build/my_robot_pkg/my_robot_pkg.egg-info/PKG-INFO
writing dependency_links to ../../build/my_robot_pkg/my_robot_pkg.egg-info/dependency_links.txt
writing requirements to ../../build/my_robot_pkg/my_robot_pkg.egg-info/requires.txt
writing top-level names to ../../build/my_robot_pkg/my_robot_pkg.egg-info/top_level.txt
reading manifest file '../../build/my_robot_pkg/my_robot_pkg.egg-info/SOURCES.txt'
writing manifest file '../../build/my_robot_pkg/my_robot_pkg.egg-info/SOURCES.txt'
running build
running build_py
copying my_robot_pkg/__init__.py -> /home/onur/autonomous_robot/build/my_robot_pkg/build/lib/my_robot_pkg
copying my_robot_pkg/py.typed -> /home/onur/autonomous_robot/build/my_robot_pkg/build/lib/my_robot_pkg
running install
running install_lib
running install_data
copying resource/my_robot_pkg -> /home/onur/autonomous_robot/install/my_robot_pkg/share/ament_index/resource_index/packages
copying package.xml -> /home/onur/autonomous_robot/install/my_robot_pkg/share/my_robot_pkg
creating /home/onur/autonomous_robot/install/my_robot_pkg/share/my_robot_pkg/launch
copying launch/robot_launch.py -> /home/onur/autonomous_robot/install/my_robot_pkg/share/my_robot_pkg/launch
creating /home/onur/autonomous_robot/install/my_robot_pkg/share/my_robot_pkg/worlds
copying worlds/house_world.wbt -> /home/onur/autonomous_robot/install/my_robot_pkg/share/my_robot_pkg/worlds
creating /home/onur/autonomous_robot/install/my_robot_pkg/share/my_robot_pkg/resource
copying resource/my_robot.urdf -> /home/onur/autonomous_robot/install/my_robot_pkg/share/my_robot_pkg/resource
running install_egg_info
removing '/home/onur/autonomous_robot/install/my_robot_pkg/lib/python3.14/site-packages/my_robot_pkg-0.0.0-py3.14.egg-info' (and everything under it)
Copying ../../build/my_robot_pkg/my_robot_pkg.egg-info to /home/onur/autonomous_robot/install/my_robot_pkg/lib/python3.14/site-packages/my_robot_pkg-0.0.0-py3.14.egg-info
running install_scripts
writing list of installed files to '/home/onur/autonomous_robot/build/my_robot_pkg/install.log'
