running egg_info
creating ../../../build/webots_ros2_husarion/webots_ros2_husarion.egg-info
writing ../../../build/webots_ros2_husarion/webots_ros2_husarion.egg-info/PKG-INFO
writing dependency_links to ../../../build/webots_ros2_husarion/webots_ros2_husarion.egg-info/dependency_links.txt
writing requirements to ../../../build/webots_ros2_husarion/webots_ros2_husarion.egg-info/requires.txt
writing top-level names to ../../../build/webots_ros2_husarion/webots_ros2_husarion.egg-info/top_level.txt
writing manifest file '../../../build/webots_ros2_husarion/webots_ros2_husarion.egg-info/SOURCES.txt'
reading manifest file '../../../build/webots_ros2_husarion/webots_ros2_husarion.egg-info/SOURCES.txt'
writing manifest file '../../../build/webots_ros2_husarion/webots_ros2_husarion.egg-info/SOURCES.txt'
running build
running build_py
creating /home/onur/autonomous_robot/build/webots_ros2_husarion/build/lib/webots_ros2_husarion
copying webots_ros2_husarion/__init__.py -> /home/onur/autonomous_robot/build/webots_ros2_husarion/build/lib/webots_ros2_husarion
running install
running install_lib
creating /home/onur/autonomous_robot/install/webots_ros2_husarion/lib/python3.14/site-packages/webots_ros2_husarion
copying /home/onur/autonomous_robot/build/webots_ros2_husarion/build/lib/webots_ros2_husarion/__init__.py -> /home/onur/autonomous_robot/install/webots_ros2_husarion/lib/python3.14/site-packages/webots_ros2_husarion
byte-compiling /home/onur/autonomous_robot/install/webots_ros2_husarion/lib/python3.14/site-packages/webots_ros2_husarion/__init__.py to __init__.cpython-314.pyc
running install_data
creating /home/onur/autonomous_robot/install/webots_ros2_husarion/share/ament_index/resource_index/packages
copying resource/webots_ros2_husarion -> /home/onur/autonomous_robot/install/webots_ros2_husarion/share/ament_index/resource_index/packages
creating /home/onur/autonomous_robot/install/webots_ros2_husarion/share/webots_ros2_husarion/launch
copying launch/rosbot_launch.py -> /home/onur/autonomous_robot/install/webots_ros2_husarion/share/webots_ros2_husarion/launch
copying launch/rosbot_xl_launch.py -> /home/onur/autonomous_robot/install/webots_ros2_husarion/share/webots_ros2_husarion/launch
creating /home/onur/autonomous_robot/install/webots_ros2_husarion/share/webots_ros2_husarion/resource
copying resource/rosbot_controllers.yaml -> /home/onur/autonomous_robot/install/webots_ros2_husarion/share/webots_ros2_husarion/resource
copying resource/rosbot_xl_controllers.yaml -> /home/onur/autonomous_robot/install/webots_ros2_husarion/share/webots_ros2_husarion/resource
copying resource/ekf.yaml -> /home/onur/autonomous_robot/install/webots_ros2_husarion/share/webots_ros2_husarion/resource
copying resource/laser_filter.yaml -> /home/onur/autonomous_robot/install/webots_ros2_husarion/share/webots_ros2_husarion/resource
copying resource/rosbot_webots.urdf -> /home/onur/autonomous_robot/install/webots_ros2_husarion/share/webots_ros2_husarion/resource
copying resource/rosbot_links_remappings.yaml -> /home/onur/autonomous_robot/install/webots_ros2_husarion/share/webots_ros2_husarion/resource
creating /home/onur/autonomous_robot/install/webots_ros2_husarion/share/webots_ros2_husarion/worlds
copying worlds/rosbot.wbt -> /home/onur/autonomous_robot/install/webots_ros2_husarion/share/webots_ros2_husarion/worlds
copying worlds/rosbot_xl.wbt -> /home/onur/autonomous_robot/install/webots_ros2_husarion/share/webots_ros2_husarion/worlds
creating /home/onur/autonomous_robot/install/webots_ros2_husarion/share/webots_ros2_husarion/worlds/meshes
copying worlds/meshes/husarion_world.dae -> /home/onur/autonomous_robot/install/webots_ros2_husarion/share/webots_ros2_husarion/worlds/meshes
copying package.xml -> /home/onur/autonomous_robot/install/webots_ros2_husarion/share/webots_ros2_husarion
running install_egg_info
Copying ../../../build/webots_ros2_husarion/webots_ros2_husarion.egg-info to /home/onur/autonomous_robot/install/webots_ros2_husarion/lib/python3.14/site-packages/webots_ros2_husarion-2025.0.1-py3.14.egg-info
running install_scripts
writing list of installed files to '/home/onur/autonomous_robot/build/webots_ros2_husarion/install.log'
