running egg_info
creating ../../../build/webots_ros2/webots_ros2.egg-info
writing ../../../build/webots_ros2/webots_ros2.egg-info/PKG-INFO
writing dependency_links to ../../../build/webots_ros2/webots_ros2.egg-info/dependency_links.txt
writing requirements to ../../../build/webots_ros2/webots_ros2.egg-info/requires.txt
writing top-level names to ../../../build/webots_ros2/webots_ros2.egg-info/top_level.txt
writing manifest file '../../../build/webots_ros2/webots_ros2.egg-info/SOURCES.txt'
reading manifest file '../../../build/webots_ros2/webots_ros2.egg-info/SOURCES.txt'
writing manifest file '../../../build/webots_ros2/webots_ros2.egg-info/SOURCES.txt'
running build
running build_py
creating /home/onur/autonomous_robot/build/webots_ros2/build/lib/webots_ros2
copying webots_ros2/__init__.py -> /home/onur/autonomous_robot/build/webots_ros2/build/lib/webots_ros2
running install
running install_lib
creating /home/onur/autonomous_robot/install/webots_ros2/lib/python3.14/site-packages/webots_ros2
copying /home/onur/autonomous_robot/build/webots_ros2/build/lib/webots_ros2/__init__.py -> /home/onur/autonomous_robot/install/webots_ros2/lib/python3.14/site-packages/webots_ros2
byte-compiling /home/onur/autonomous_robot/install/webots_ros2/lib/python3.14/site-packages/webots_ros2/__init__.py to __init__.cpython-314.pyc
running install_data
copying package.xml -> /home/onur/autonomous_robot/install/webots_ros2/share/webots_ros2
creating /home/onur/autonomous_robot/install/webots_ros2/share/ament_index/resource_index/packages
copying resource/webots_ros2 -> /home/onur/autonomous_robot/install/webots_ros2/share/ament_index/resource_index/packages
running install_egg_info
Copying ../../../build/webots_ros2/webots_ros2.egg-info to /home/onur/autonomous_robot/install/webots_ros2/lib/python3.14/site-packages/webots_ros2-2025.0.1-py3.14.egg-info
running install_scripts
writing list of installed files to '/home/onur/autonomous_robot/build/webots_ros2/install.log'
