[0.557s] Invoking command in '/home/onur/autonomous_robot/src/webots_ros2/webots_ros2': AMENT_PREFIX_PATH=/home/onur/autonomous_robot/install/webots_ros2_tests:/home/onur/autonomous_robot/install/webots_ros2_universal_robot:/home/onur/autonomous_robot/install/webots_ros2_turtlebot:/home/onur/autonomous_robot/install/webots_ros2_tiago:/home/onur/autonomous_robot/install/webots_ros2_husarion:/home/onur/autonomous_robot/install/webots_ros2_epuck:/home/onur/autonomous_robot/install/webots_ros2_tesla:/home/onur/autonomous_robot/install/webots_ros2_mavic:/home/onur/autonomous_robot/install/webots_ros2_crazyflie:/home/onur/autonomous_robot/install/webots_ros2_control:/home/onur/autonomous_robot/install/webots_ros2_driver:/home/onur/autonomous_robot/install/webots_ros2_msgs:/home/onur/autonomous_robot/install/webots_ros2_importer:${AMENT_PREFIX_PATH} CMAKE_PREFIX_PATH=/home/onur/autonomous_robot/install/webots_ros2_control:/home/onur/autonomous_robot/install/webots_ros2_driver:/home/onur/autonomous_robot/install/webots_ros2_msgs:${CMAKE_PREFIX_PATH} DEBUGINFOD_URLS=https://debuginfod.ubuntu.com LD_LIBRARY_PATH=/home/onur/autonomous_robot/install/webots_ros2_control/lib:/home/onur/autonomous_robot/install/webots_ros2_driver/lib:/home/onur/autonomous_robot/install/webots_ros2_msgs/lib:${LD_LIBRARY_PATH} PYTHONPATH=/home/onur/autonomous_robot/build/webots_ros2/prefix_override:/usr/lib/python3/dist-packages/colcon_core/task/python/colcon_distutils_commands:/home/onur/autonomous_robot/install/webots_ros2/lib/python3.14/site-packages:/home/onur/autonomous_robot/install/webots_ros2_tests/lib/python3.14/site-packages:/home/onur/autonomous_robot/install/webots_ros2_universal_robot/lib/python3.14/site-packages:/home/onur/autonomous_robot/install/webots_ros2_turtlebot/lib/python3.14/site-packages:/home/onur/autonomous_robot/install/webots_ros2_tiago/lib/python3.14/site-packages:/home/onur/autonomous_robot/install/webots_ros2_husarion/lib/python3.14/site-packages:/home/onur/autonomous_robot/install/webots_ros2_epuck/lib/python3.14/site-packages:/home/onur/autonomous_robot/install/webots_ros2_tesla/lib/python3.14/site-packages:/home/onur/autonomous_robot/install/webots_ros2_mavic/lib/python3.14/site-packages:/home/onur/autonomous_robot/install/webots_ros2_crazyflie/lib/python3.14/site-packages:/home/onur/autonomous_robot/install/webots_ros2_driver/lib/python3.14/site-packages:/home/onur/autonomous_robot/install/webots_ros2_msgs/lib/python3.14/site-packages:/home/onur/autonomous_robot/install/webots_ros2_importer/lib/python3.14/site-packages:${PYTHONPATH} /usr/bin/python3 -W ignore:setup.py install is deprecated -W ignore:easy_install command is deprecated setup.py egg_info --egg-base ../../../build/webots_ros2 build --build-base /home/onur/autonomous_robot/build/webots_ros2/build install --record /home/onur/autonomous_robot/build/webots_ros2/install.log --install-scripts $base/lib/webots_ros2 --single-version-externally-managed install_data
[0.669s] /usr/lib/python3/dist-packages/setuptools/_distutils/dist.py:289: UserWarning: Unknown distribution option: 'tests_require'
[0.669s]   warnings.warn(msg)
[0.693s] /usr/lib/python3/dist-packages/setuptools/dist.py:759: SetuptoolsDeprecationWarning: License classifiers are deprecated.
[0.693s] !!
[0.693s] 
[0.693s]         ********************************************************************************
[0.693s]         Please consider removing the following classifiers in favor of a SPDX license expression:
[0.693s] 
[0.693s]         License :: OSI Approved :: Apache Software License
[0.693s] 
[0.693s]         See https://packaging.python.org/en/latest/guides/writing-pyproject-toml/#license for details.
[0.693s]         ********************************************************************************
[0.693s] 
[0.693s] !!
[0.693s]   self._finalize_license_expression()
[0.741s] running egg_info
[0.752s] creating ../../../build/webots_ros2/webots_ros2.egg-info
[0.752s] writing ../../../build/webots_ros2/webots_ros2.egg-info/PKG-INFO
[0.752s] writing dependency_links to ../../../build/webots_ros2/webots_ros2.egg-info/dependency_links.txt
[0.752s] writing requirements to ../../../build/webots_ros2/webots_ros2.egg-info/requires.txt
[0.752s] writing top-level names to ../../../build/webots_ros2/webots_ros2.egg-info/top_level.txt
[0.752s] writing manifest file '../../../build/webots_ros2/webots_ros2.egg-info/SOURCES.txt'
[0.777s] reading manifest file '../../../build/webots_ros2/webots_ros2.egg-info/SOURCES.txt'
[0.778s] writing manifest file '../../../build/webots_ros2/webots_ros2.egg-info/SOURCES.txt'
[0.778s] running build
[0.778s] running build_py
[0.778s] creating /home/onur/autonomous_robot/build/webots_ros2/build/lib/webots_ros2
[0.778s] copying webots_ros2/__init__.py -> /home/onur/autonomous_robot/build/webots_ros2/build/lib/webots_ros2
[0.778s] running install
[0.781s] running install_lib
[0.793s] creating /home/onur/autonomous_robot/install/webots_ros2/lib/python3.14/site-packages/webots_ros2
[0.793s] copying /home/onur/autonomous_robot/build/webots_ros2/build/lib/webots_ros2/__init__.py -> /home/onur/autonomous_robot/install/webots_ros2/lib/python3.14/site-packages/webots_ros2
[0.793s] byte-compiling /home/onur/autonomous_robot/install/webots_ros2/lib/python3.14/site-packages/webots_ros2/__init__.py to __init__.cpython-314.pyc
[0.794s] running install_data
[0.794s] copying package.xml -> /home/onur/autonomous_robot/install/webots_ros2/share/webots_ros2
[0.794s] creating /home/onur/autonomous_robot/install/webots_ros2/share/ament_index/resource_index/packages
[0.794s] copying resource/webots_ros2 -> /home/onur/autonomous_robot/install/webots_ros2/share/ament_index/resource_index/packages
[0.794s] running install_egg_info
[0.806s] Copying ../../../build/webots_ros2/webots_ros2.egg-info to /home/onur/autonomous_robot/install/webots_ros2/lib/python3.14/site-packages/webots_ros2-2025.0.1-py3.14.egg-info
[0.806s] running install_scripts
[0.868s] writing list of installed files to '/home/onur/autonomous_robot/build/webots_ros2/install.log'
[0.889s] Invoked command in '/home/onur/autonomous_robot/src/webots_ros2/webots_ros2' returned '0': AMENT_PREFIX_PATH=/home/onur/autonomous_robot/install/webots_ros2_tests:/home/onur/autonomous_robot/install/webots_ros2_universal_robot:/home/onur/autonomous_robot/install/webots_ros2_turtlebot:/home/onur/autonomous_robot/install/webots_ros2_tiago:/home/onur/autonomous_robot/install/webots_ros2_husarion:/home/onur/autonomous_robot/install/webots_ros2_epuck:/home/onur/autonomous_robot/install/webots_ros2_tesla:/home/onur/autonomous_robot/install/webots_ros2_mavic:/home/onur/autonomous_robot/install/webots_ros2_crazyflie:/home/onur/autonomous_robot/install/webots_ros2_control:/home/onur/autonomous_robot/install/webots_ros2_driver:/home/onur/autonomous_robot/install/webots_ros2_msgs:/home/onur/autonomous_robot/install/webots_ros2_importer:${AMENT_PREFIX_PATH} CMAKE_PREFIX_PATH=/home/onur/autonomous_robot/install/webots_ros2_control:/home/onur/autonomous_robot/install/webots_ros2_driver:/home/onur/autonomous_robot/install/webots_ros2_msgs:${CMAKE_PREFIX_PATH} DEBUGINFOD_URLS=https://debuginfod.ubuntu.com LD_LIBRARY_PATH=/home/onur/autonomous_robot/install/webots_ros2_control/lib:/home/onur/autonomous_robot/install/webots_ros2_driver/lib:/home/onur/autonomous_robot/install/webots_ros2_msgs/lib:${LD_LIBRARY_PATH} PYTHONPATH=/home/onur/autonomous_robot/build/webots_ros2/prefix_override:/usr/lib/python3/dist-packages/colcon_core/task/python/colcon_distutils_commands:/home/onur/autonomous_robot/install/webots_ros2/lib/python3.14/site-packages:/home/onur/autonomous_robot/install/webots_ros2_tests/lib/python3.14/site-packages:/home/onur/autonomous_robot/install/webots_ros2_universal_robot/lib/python3.14/site-packages:/home/onur/autonomous_robot/install/webots_ros2_turtlebot/lib/python3.14/site-packages:/home/onur/autonomous_robot/install/webots_ros2_tiago/lib/python3.14/site-packages:/home/onur/autonomous_robot/install/webots_ros2_husarion/lib/python3.14/site-packages:/home/onur/autonomous_robot/install/webots_ros2_epuck/lib/python3.14/site-packages:/home/onur/autonomous_robot/install/webots_ros2_tesla/lib/python3.14/site-packages:/home/onur/autonomous_robot/install/webots_ros2_mavic/lib/python3.14/site-packages:/home/onur/autonomous_robot/install/webots_ros2_crazyflie/lib/python3.14/site-packages:/home/onur/autonomous_robot/install/webots_ros2_driver/lib/python3.14/site-packages:/home/onur/autonomous_robot/install/webots_ros2_msgs/lib/python3.14/site-packages:/home/onur/autonomous_robot/install/webots_ros2_importer/lib/python3.14/site-packages:${PYTHONPATH} /usr/bin/python3 -W ignore:setup.py install is deprecated -W ignore:easy_install command is deprecated setup.py egg_info --egg-base ../../../build/webots_ros2 build --build-base /home/onur/autonomous_robot/build/webots_ros2/build install --record /home/onur/autonomous_robot/build/webots_ros2/install.log --install-scripts $base/lib/webots_ros2 --single-version-externally-managed install_data
