/home/onur/autonomous_robot/install/webots_ros2_tesla/lib/python3.14/site-packages/webots_ros2_tesla/lane_follower.py
/home/onur/autonomous_robot/install/webots_ros2_tesla/lib/python3.14/site-packages/webots_ros2_tesla/__init__.py
/home/onur/autonomous_robot/install/webots_ros2_tesla/lib/python3.14/site-packages/webots_ros2_tesla/tesla_driver.py
/home/onur/autonomous_robot/install/webots_ros2_tesla/lib/python3.14/site-packages/webots_ros2_tesla/__pycache__/lane_follower.cpython-314.pyc
/home/onur/autonomous_robot/install/webots_ros2_tesla/lib/python3.14/site-packages/webots_ros2_tesla/__pycache__/__init__.cpython-314.pyc
/home/onur/autonomous_robot/install/webots_ros2_tesla/lib/python3.14/site-packages/webots_ros2_tesla/__pycache__/tesla_driver.cpython-314.pyc
/home/onur/autonomous_robot/install/webots_ros2_tesla/share/ament_index/resource_index/packages/webots_ros2_tesla
/home/onur/autonomous_robot/install/webots_ros2_tesla/share/webots_ros2_tesla/launch/robot_launch.py
/home/onur/autonomous_robot/install/webots_ros2_tesla/share/webots_ros2_tesla/worlds/tesla_world.wbt
/home/onur/autonomous_robot/install/webots_ros2_tesla/share/webots_ros2_tesla/worlds/.tesla_world.wbproj
/home/onur/autonomous_robot/install/webots_ros2_tesla/share/webots_ros2_tesla/resource/tesla_webots.urdf
/home/onur/autonomous_robot/install/webots_ros2_tesla/share/webots_ros2_tesla/package.xml
/home/onur/autonomous_robot/install/webots_ros2_tesla/lib/python3.14/site-packages/webots_ros2_tesla-2025.0.1-py3.14.egg-info/entry_points.txt
/home/onur/autonomous_robot/install/webots_ros2_tesla/lib/python3.14/site-packages/webots_ros2_tesla-2025.0.1-py3.14.egg-info/requires.txt
/home/onur/autonomous_robot/install/webots_ros2_tesla/lib/python3.14/site-packages/webots_ros2_tesla-2025.0.1-py3.14.egg-info/dependency_links.txt
/home/onur/autonomous_robot/install/webots_ros2_tesla/lib/python3.14/site-packages/webots_ros2_tesla-2025.0.1-py3.14.egg-info/PKG-INFO
/home/onur/autonomous_robot/install/webots_ros2_tesla/lib/python3.14/site-packages/webots_ros2_tesla-2025.0.1-py3.14.egg-info/SOURCES.txt
/home/onur/autonomous_robot/install/webots_ros2_tesla/lib/python3.14/site-packages/webots_ros2_tesla-2025.0.1-py3.14.egg-info/zip-safe
/home/onur/autonomous_robot/install/webots_ros2_tesla/lib/python3.14/site-packages/webots_ros2_tesla-2025.0.1-py3.14.egg-info/top_level.txt
/home/onur/autonomous_robot/install/webots_ros2_tesla/lib/webots_ros2_tesla/lane_follower
