/usr/lib/python3/dist-packages/setuptools/_distutils/dist.py:289: UserWarning: Unknown distribution option: 'tests_require'
  warnings.warn(msg)
/usr/lib/python3/dist-packages/setuptools/dist.py:759: SetuptoolsDeprecationWarning: License classifiers are deprecated.
!!

        ********************************************************************************
        Please consider removing the following classifiers in favor of a SPDX license expression:

        License :: OSI Approved :: Apache Software License

        See https://packaging.python.org/en/latest/guides/writing-pyproject-toml/#license for details.
        ********************************************************************************

!!
  self._finalize_license_expression()
running egg_info
writing ../../../build/webots_ros2_importer/webots_ros2_importer.egg-info/PKG-INFO
writing dependency_links to ../../../build/webots_ros2_importer/webots_ros2_importer.egg-info/dependency_links.txt
writing entry points to ../../../build/webots_ros2_importer/webots_ros2_importer.egg-info/entry_points.txt
writing requirements to ../../../build/webots_ros2_importer/webots_ros2_importer.egg-info/requires.txt
writing top-level names to ../../../build/webots_ros2_importer/webots_ros2_importer.egg-info/top_level.txt
reading manifest file '../../../build/webots_ros2_importer/webots_ros2_importer.egg-info/SOURCES.txt'
writing manifest file '../../../build/webots_ros2_importer/webots_ros2_importer.egg-info/SOURCES.txt'
running build
running build_py
creating /home/onur/autonomous_robot/build/webots_ros2_importer/build/lib/webots_ros2_importer
copying webots_ros2_importer/xacro2proto.py -> /home/onur/autonomous_robot/build/webots_ros2_importer/build/lib/webots_ros2_importer
copying webots_ros2_importer/urdf2proto.py -> /home/onur/autonomous_robot/build/webots_ros2_importer/build/lib/webots_ros2_importer
copying webots_ros2_importer/__init__.py -> /home/onur/autonomous_robot/build/webots_ros2_importer/build/lib/webots_ros2_importer
creating /home/onur/autonomous_robot/build/webots_ros2_importer/build/lib/webots_ros2_importer/urdf2webots/urdf2webots
copying webots_ros2_importer/urdf2webots/urdf2webots/gazebo_materials.py -> /home/onur/autonomous_robot/build/webots_ros2_importer/build/lib/webots_ros2_importer/urdf2webots/urdf2webots
copying webots_ros2_importer/urdf2webots/urdf2webots/parserURDF.py -> /home/onur/autonomous_robot/build/webots_ros2_importer/build/lib/webots_ros2_importer/urdf2webots/urdf2webots
copying webots_ros2_importer/urdf2webots/urdf2webots/importer.py -> /home/onur/autonomous_robot/build/webots_ros2_importer/build/lib/webots_ros2_importer/urdf2webots/urdf2webots
copying webots_ros2_importer/urdf2webots/urdf2webots/__init__.py -> /home/onur/autonomous_robot/build/webots_ros2_importer/build/lib/webots_ros2_importer/urdf2webots/urdf2webots
copying webots_ros2_importer/urdf2webots/urdf2webots/math_utils.py -> /home/onur/autonomous_robot/build/webots_ros2_importer/build/lib/webots_ros2_importer/urdf2webots/urdf2webots
copying webots_ros2_importer/urdf2webots/urdf2webots/writeRobot.py -> /home/onur/autonomous_robot/build/webots_ros2_importer/build/lib/webots_ros2_importer/urdf2webots/urdf2webots
running install
running install_lib
creating /home/onur/autonomous_robot/install/webots_ros2_importer/lib/python3.14/site-packages/webots_ros2_importer
copying /home/onur/autonomous_robot/build/webots_ros2_importer/build/lib/webots_ros2_importer/xacro2proto.py -> /home/onur/autonomous_robot/install/webots_ros2_importer/lib/python3.14/site-packages/webots_ros2_importer
copying /home/onur/autonomous_robot/build/webots_ros2_importer/build/lib/webots_ros2_importer/urdf2proto.py -> /home/onur/autonomous_robot/install/webots_ros2_importer/lib/python3.14/site-packages/webots_ros2_importer
creating /home/onur/autonomous_robot/install/webots_ros2_importer/lib/python3.14/site-packages/webots_ros2_importer/urdf2webots
creating /home/onur/autonomous_robot/install/webots_ros2_importer/lib/python3.14/site-packages/webots_ros2_importer/urdf2webots/urdf2webots
copying /home/onur/autonomous_robot/build/webots_ros2_importer/build/lib/webots_ros2_importer/urdf2webots/urdf2webots/gazebo_materials.py -> /home/onur/autonomous_robot/install/webots_ros2_importer/lib/python3.14/site-packages/webots_ros2_importer/urdf2webots/urdf2webots
copying /home/onur/autonomous_robot/build/webots_ros2_importer/build/lib/webots_ros2_importer/urdf2webots/urdf2webots/parserURDF.py -> /home/onur/autonomous_robot/install/webots_ros2_importer/lib/python3.14/site-packages/webots_ros2_importer/urdf2webots/urdf2webots
copying /home/onur/autonomous_robot/build/webots_ros2_importer/build/lib/webots_ros2_importer/urdf2webots/urdf2webots/importer.py -> /home/onur/autonomous_robot/install/webots_ros2_importer/lib/python3.14/site-packages/webots_ros2_importer/urdf2webots/urdf2webots
copying /home/onur/autonomous_robot/build/webots_ros2_importer/build/lib/webots_ros2_importer/urdf2webots/urdf2webots/__init__.py -> /home/onur/autonomous_robot/install/webots_ros2_importer/lib/python3.14/site-packages/webots_ros2_importer/urdf2webots/urdf2webots
copying /home/onur/autonomous_robot/build/webots_ros2_importer/build/lib/webots_ros2_importer/urdf2webots/urdf2webots/math_utils.py -> /home/onur/autonomous_robot/install/webots_ros2_importer/lib/python3.14/site-packages/webots_ros2_importer/urdf2webots/urdf2webots
copying /home/onur/autonomous_robot/build/webots_ros2_importer/build/lib/webots_ros2_importer/urdf2webots/urdf2webots/writeRobot.py -> /home/onur/autonomous_robot/install/webots_ros2_importer/lib/python3.14/site-packages/webots_ros2_importer/urdf2webots/urdf2webots
copying /home/onur/autonomous_robot/build/webots_ros2_importer/build/lib/webots_ros2_importer/__init__.py -> /home/onur/autonomous_robot/install/webots_ros2_importer/lib/python3.14/site-packages/webots_ros2_importer
byte-compiling /home/onur/autonomous_robot/install/webots_ros2_importer/lib/python3.14/site-packages/webots_ros2_importer/xacro2proto.py to xacro2proto.cpython-314.pyc
byte-compiling /home/onur/autonomous_robot/install/webots_ros2_importer/lib/python3.14/site-packages/webots_ros2_importer/urdf2proto.py to urdf2proto.cpython-314.pyc
byte-compiling /home/onur/autonomous_robot/install/webots_ros2_importer/lib/python3.14/site-packages/webots_ros2_importer/urdf2webots/urdf2webots/gazebo_materials.py to gazebo_materials.cpython-314.pyc
byte-compiling /home/onur/autonomous_robot/install/webots_ros2_importer/lib/python3.14/site-packages/webots_ros2_importer/urdf2webots/urdf2webots/parserURDF.py to parserURDF.cpython-314.pyc
byte-compiling /home/onur/autonomous_robot/install/webots_ros2_importer/lib/python3.14/site-packages/webots_ros2_importer/urdf2webots/urdf2webots/importer.py to importer.cpython-314.pyc
byte-compiling /home/onur/autonomous_robot/install/webots_ros2_importer/lib/python3.14/site-packages/webots_ros2_importer/urdf2webots/urdf2webots/__init__.py to __init__.cpython-314.pyc
byte-compiling /home/onur/autonomous_robot/install/webots_ros2_importer/lib/python3.14/site-packages/webots_ros2_importer/urdf2webots/urdf2webots/math_utils.py to math_utils.cpython-314.pyc
byte-compiling /home/onur/autonomous_robot/install/webots_ros2_importer/lib/python3.14/site-packages/webots_ros2_importer/urdf2webots/urdf2webots/writeRobot.py to writeRobot.cpython-314.pyc
byte-compiling /home/onur/autonomous_robot/install/webots_ros2_importer/lib/python3.14/site-packages/webots_ros2_importer/__init__.py to __init__.cpython-314.pyc
running install_data
creating /home/onur/autonomous_robot/install/webots_ros2_importer/share/ament_index/resource_index/packages
copying resource/webots_ros2_importer -> /home/onur/autonomous_robot/install/webots_ros2_importer/share/ament_index/resource_index/packages
copying package.xml -> /home/onur/autonomous_robot/install/webots_ros2_importer/share/webots_ros2_importer
running install_egg_info
Copying ../../../build/webots_ros2_importer/webots_ros2_importer.egg-info to /home/onur/autonomous_robot/install/webots_ros2_importer/lib/python3.14/site-packages/webots_ros2_importer-2025.0.1-py3.14.egg-info
running install_scripts
Installing urdf2proto script to /home/onur/autonomous_robot/install/webots_ros2_importer/lib/webots_ros2_importer
Installing xacro2proto script to /home/onur/autonomous_robot/install/webots_ros2_importer/lib/webots_ros2_importer
writing list of installed files to '/home/onur/autonomous_robot/build/webots_ros2_importer/install.log'
