[0.487s] Invoking command in '/home/onur/autonomous_robot/src/webots_ros2/webots_ros2_importer': DEBUGINFOD_URLS=https://debuginfod.ubuntu.com PYTHONPATH=/home/onur/autonomous_robot/build/webots_ros2_importer/prefix_override:/usr/lib/python3/dist-packages/colcon_core/task/python/colcon_distutils_commands:/home/onur/autonomous_robot/install/webots_ros2_importer/lib/python3.14/site-packages:${PYTHONPATH} /usr/bin/python3 -W ignore:setup.py install is deprecated -W ignore:easy_install command is deprecated setup.py egg_info --egg-base ../../../build/webots_ros2_importer build --build-base /home/onur/autonomous_robot/build/webots_ros2_importer/build install --record /home/onur/autonomous_robot/build/webots_ros2_importer/install.log --install-scripts $base/lib/webots_ros2_importer --single-version-externally-managed install_data
[0.593s] /usr/lib/python3/dist-packages/setuptools/_distutils/dist.py:289: UserWarning: Unknown distribution option: 'tests_require'
[0.593s]   warnings.warn(msg)
[0.615s] /usr/lib/python3/dist-packages/setuptools/dist.py:759: SetuptoolsDeprecationWarning: License classifiers are deprecated.
[0.615s] !!
[0.615s] 
[0.615s]         ********************************************************************************
[0.615s]         Please consider removing the following classifiers in favor of a SPDX license expression:
[0.615s] 
[0.615s]         License :: OSI Approved :: Apache Software License
[0.615s] 
[0.615s]         See https://packaging.python.org/en/latest/guides/writing-pyproject-toml/#license for details.
[0.615s]         ********************************************************************************
[0.615s] 
[0.615s] !!
[0.615s]   self._finalize_license_expression()
[0.661s] running egg_info
[0.672s] writing ../../../build/webots_ros2_importer/webots_ros2_importer.egg-info/PKG-INFO
[0.672s] writing dependency_links to ../../../build/webots_ros2_importer/webots_ros2_importer.egg-info/dependency_links.txt
[0.673s] writing entry points to ../../../build/webots_ros2_importer/webots_ros2_importer.egg-info/entry_points.txt
[0.673s] writing requirements to ../../../build/webots_ros2_importer/webots_ros2_importer.egg-info/requires.txt
[0.673s] writing top-level names to ../../../build/webots_ros2_importer/webots_ros2_importer.egg-info/top_level.txt
[0.697s] reading manifest file '../../../build/webots_ros2_importer/webots_ros2_importer.egg-info/SOURCES.txt'
[0.697s] writing manifest file '../../../build/webots_ros2_importer/webots_ros2_importer.egg-info/SOURCES.txt'
[0.697s] running build
[0.697s] running build_py
[0.697s] creating /home/onur/autonomous_robot/build/webots_ros2_importer/build/lib/webots_ros2_importer
[0.698s] copying webots_ros2_importer/xacro2proto.py -> /home/onur/autonomous_robot/build/webots_ros2_importer/build/lib/webots_ros2_importer
[0.698s] copying webots_ros2_importer/urdf2proto.py -> /home/onur/autonomous_robot/build/webots_ros2_importer/build/lib/webots_ros2_importer
[0.698s] copying webots_ros2_importer/__init__.py -> /home/onur/autonomous_robot/build/webots_ros2_importer/build/lib/webots_ros2_importer
[0.698s] creating /home/onur/autonomous_robot/build/webots_ros2_importer/build/lib/webots_ros2_importer/urdf2webots/urdf2webots
[0.698s] copying webots_ros2_importer/urdf2webots/urdf2webots/gazebo_materials.py -> /home/onur/autonomous_robot/build/webots_ros2_importer/build/lib/webots_ros2_importer/urdf2webots/urdf2webots
[0.698s] copying webots_ros2_importer/urdf2webots/urdf2webots/parserURDF.py -> /home/onur/autonomous_robot/build/webots_ros2_importer/build/lib/webots_ros2_importer/urdf2webots/urdf2webots
[0.698s] copying webots_ros2_importer/urdf2webots/urdf2webots/importer.py -> /home/onur/autonomous_robot/build/webots_ros2_importer/build/lib/webots_ros2_importer/urdf2webots/urdf2webots
[0.698s] copying webots_ros2_importer/urdf2webots/urdf2webots/__init__.py -> /home/onur/autonomous_robot/build/webots_ros2_importer/build/lib/webots_ros2_importer/urdf2webots/urdf2webots
[0.698s] copying webots_ros2_importer/urdf2webots/urdf2webots/math_utils.py -> /home/onur/autonomous_robot/build/webots_ros2_importer/build/lib/webots_ros2_importer/urdf2webots/urdf2webots
[0.698s] copying webots_ros2_importer/urdf2webots/urdf2webots/writeRobot.py -> /home/onur/autonomous_robot/build/webots_ros2_importer/build/lib/webots_ros2_importer/urdf2webots/urdf2webots
[0.698s] running install
[0.702s] running install_lib
[0.713s] creating /home/onur/autonomous_robot/install/webots_ros2_importer/lib/python3.14/site-packages/webots_ros2_importer
[0.713s] copying /home/onur/autonomous_robot/build/webots_ros2_importer/build/lib/webots_ros2_importer/xacro2proto.py -> /home/onur/autonomous_robot/install/webots_ros2_importer/lib/python3.14/site-packages/webots_ros2_importer
[0.713s] copying /home/onur/autonomous_robot/build/webots_ros2_importer/build/lib/webots_ros2_importer/urdf2proto.py -> /home/onur/autonomous_robot/install/webots_ros2_importer/lib/python3.14/site-packages/webots_ros2_importer
[0.713s] creating /home/onur/autonomous_robot/install/webots_ros2_importer/lib/python3.14/site-packages/webots_ros2_importer/urdf2webots
[0.713s] creating /home/onur/autonomous_robot/install/webots_ros2_importer/lib/python3.14/site-packages/webots_ros2_importer/urdf2webots/urdf2webots
[0.713s] copying /home/onur/autonomous_robot/build/webots_ros2_importer/build/lib/webots_ros2_importer/urdf2webots/urdf2webots/gazebo_materials.py -> /home/onur/autonomous_robot/install/webots_ros2_importer/lib/python3.14/site-packages/webots_ros2_importer/urdf2webots/urdf2webots
[0.713s] copying /home/onur/autonomous_robot/build/webots_ros2_importer/build/lib/webots_ros2_importer/urdf2webots/urdf2webots/parserURDF.py -> /home/onur/autonomous_robot/install/webots_ros2_importer/lib/python3.14/site-packages/webots_ros2_importer/urdf2webots/urdf2webots
[0.713s] copying /home/onur/autonomous_robot/build/webots_ros2_importer/build/lib/webots_ros2_importer/urdf2webots/urdf2webots/importer.py -> /home/onur/autonomous_robot/install/webots_ros2_importer/lib/python3.14/site-packages/webots_ros2_importer/urdf2webots/urdf2webots
[0.713s] copying /home/onur/autonomous_robot/build/webots_ros2_importer/build/lib/webots_ros2_importer/urdf2webots/urdf2webots/__init__.py -> /home/onur/autonomous_robot/install/webots_ros2_importer/lib/python3.14/site-packages/webots_ros2_importer/urdf2webots/urdf2webots
[0.713s] copying /home/onur/autonomous_robot/build/webots_ros2_importer/build/lib/webots_ros2_importer/urdf2webots/urdf2webots/math_utils.py -> /home/onur/autonomous_robot/install/webots_ros2_importer/lib/python3.14/site-packages/webots_ros2_importer/urdf2webots/urdf2webots
[0.713s] copying /home/onur/autonomous_robot/build/webots_ros2_importer/build/lib/webots_ros2_importer/urdf2webots/urdf2webots/writeRobot.py -> /home/onur/autonomous_robot/install/webots_ros2_importer/lib/python3.14/site-packages/webots_ros2_importer/urdf2webots/urdf2webots
[0.714s] copying /home/onur/autonomous_robot/build/webots_ros2_importer/build/lib/webots_ros2_importer/__init__.py -> /home/onur/autonomous_robot/install/webots_ros2_importer/lib/python3.14/site-packages/webots_ros2_importer
[0.714s] byte-compiling /home/onur/autonomous_robot/install/webots_ros2_importer/lib/python3.14/site-packages/webots_ros2_importer/xacro2proto.py to xacro2proto.cpython-314.pyc
[0.714s] byte-compiling /home/onur/autonomous_robot/install/webots_ros2_importer/lib/python3.14/site-packages/webots_ros2_importer/urdf2proto.py to urdf2proto.cpython-314.pyc
[0.715s] byte-compiling /home/onur/autonomous_robot/install/webots_ros2_importer/lib/python3.14/site-packages/webots_ros2_importer/urdf2webots/urdf2webots/gazebo_materials.py to gazebo_materials.cpython-314.pyc
[0.715s] byte-compiling /home/onur/autonomous_robot/install/webots_ros2_importer/lib/python3.14/site-packages/webots_ros2_importer/urdf2webots/urdf2webots/parserURDF.py to parserURDF.cpython-314.pyc
[0.721s] byte-compiling /home/onur/autonomous_robot/install/webots_ros2_importer/lib/python3.14/site-packages/webots_ros2_importer/urdf2webots/urdf2webots/importer.py to importer.cpython-314.pyc
[0.723s] byte-compiling /home/onur/autonomous_robot/install/webots_ros2_importer/lib/python3.14/site-packages/webots_ros2_importer/urdf2webots/urdf2webots/__init__.py to __init__.cpython-314.pyc
[0.723s] byte-compiling /home/onur/autonomous_robot/install/webots_ros2_importer/lib/python3.14/site-packages/webots_ros2_importer/urdf2webots/urdf2webots/math_utils.py to math_utils.cpython-314.pyc
[0.724s] byte-compiling /home/onur/autonomous_robot/install/webots_ros2_importer/lib/python3.14/site-packages/webots_ros2_importer/urdf2webots/urdf2webots/writeRobot.py to writeRobot.cpython-314.pyc
[0.727s] byte-compiling /home/onur/autonomous_robot/install/webots_ros2_importer/lib/python3.14/site-packages/webots_ros2_importer/__init__.py to __init__.cpython-314.pyc
[0.727s] running install_data
[0.727s] creating /home/onur/autonomous_robot/install/webots_ros2_importer/share/ament_index/resource_index/packages
[0.728s] copying resource/webots_ros2_importer -> /home/onur/autonomous_robot/install/webots_ros2_importer/share/ament_index/resource_index/packages
[0.728s] copying package.xml -> /home/onur/autonomous_robot/install/webots_ros2_importer/share/webots_ros2_importer
[0.728s] running install_egg_info
[0.739s] Copying ../../../build/webots_ros2_importer/webots_ros2_importer.egg-info to /home/onur/autonomous_robot/install/webots_ros2_importer/lib/python3.14/site-packages/webots_ros2_importer-2025.0.1-py3.14.egg-info
[0.740s] running install_scripts
[0.798s] Installing urdf2proto script to /home/onur/autonomous_robot/install/webots_ros2_importer/lib/webots_ros2_importer
[0.798s] Installing xacro2proto script to /home/onur/autonomous_robot/install/webots_ros2_importer/lib/webots_ros2_importer
[0.798s] writing list of installed files to '/home/onur/autonomous_robot/build/webots_ros2_importer/install.log'
[0.819s] Invoked command in '/home/onur/autonomous_robot/src/webots_ros2/webots_ros2_importer' returned '0': DEBUGINFOD_URLS=https://debuginfod.ubuntu.com PYTHONPATH=/home/onur/autonomous_robot/build/webots_ros2_importer/prefix_override:/usr/lib/python3/dist-packages/colcon_core/task/python/colcon_distutils_commands:/home/onur/autonomous_robot/install/webots_ros2_importer/lib/python3.14/site-packages:${PYTHONPATH} /usr/bin/python3 -W ignore:setup.py install is deprecated -W ignore:easy_install command is deprecated setup.py egg_info --egg-base ../../../build/webots_ros2_importer build --build-base /home/onur/autonomous_robot/build/webots_ros2_importer/build install --record /home/onur/autonomous_robot/build/webots_ros2_importer/install.log --install-scripts $base/lib/webots_ros2_importer --single-version-externally-managed install_data
