running egg_info
creating ../../../build/webots_ros2_epuck/webots_ros2_epuck.egg-info
writing ../../../build/webots_ros2_epuck/webots_ros2_epuck.egg-info/PKG-INFO
writing dependency_links to ../../../build/webots_ros2_epuck/webots_ros2_epuck.egg-info/dependency_links.txt
writing entry points to ../../../build/webots_ros2_epuck/webots_ros2_epuck.egg-info/entry_points.txt
writing requirements to ../../../build/webots_ros2_epuck/webots_ros2_epuck.egg-info/requires.txt
writing top-level names to ../../../build/webots_ros2_epuck/webots_ros2_epuck.egg-info/top_level.txt
writing manifest file '../../../build/webots_ros2_epuck/webots_ros2_epuck.egg-info/SOURCES.txt'
reading manifest file '../../../build/webots_ros2_epuck/webots_ros2_epuck.egg-info/SOURCES.txt'
writing manifest file '../../../build/webots_ros2_epuck/webots_ros2_epuck.egg-info/SOURCES.txt'
running build
running build_py
creating /home/onur/autonomous_robot/build/webots_ros2_epuck/build/lib/webots_ros2_epuck
copying webots_ros2_epuck/drive_calibrator.py -> /home/onur/autonomous_robot/build/webots_ros2_epuck/build/lib/webots_ros2_epuck
copying webots_ros2_epuck/simple_mapper.py -> /home/onur/autonomous_robot/build/webots_ros2_epuck/build/lib/webots_ros2_epuck
copying webots_ros2_epuck/epuck_node.py -> /home/onur/autonomous_robot/build/webots_ros2_epuck/build/lib/webots_ros2_epuck
copying webots_ros2_epuck/__init__.py -> /home/onur/autonomous_robot/build/webots_ros2_epuck/build/lib/webots_ros2_epuck
running install
running install_lib
creating /home/onur/autonomous_robot/install/webots_ros2_epuck/lib/python3.14/site-packages/webots_ros2_epuck
copying /home/onur/autonomous_robot/build/webots_ros2_epuck/build/lib/webots_ros2_epuck/drive_calibrator.py -> /home/onur/autonomous_robot/install/webots_ros2_epuck/lib/python3.14/site-packages/webots_ros2_epuck
copying /home/onur/autonomous_robot/build/webots_ros2_epuck/build/lib/webots_ros2_epuck/simple_mapper.py -> /home/onur/autonomous_robot/install/webots_ros2_epuck/lib/python3.14/site-packages/webots_ros2_epuck
copying /home/onur/autonomous_robot/build/webots_ros2_epuck/build/lib/webots_ros2_epuck/epuck_node.py -> /home/onur/autonomous_robot/install/webots_ros2_epuck/lib/python3.14/site-packages/webots_ros2_epuck
copying /home/onur/autonomous_robot/build/webots_ros2_epuck/build/lib/webots_ros2_epuck/__init__.py -> /home/onur/autonomous_robot/install/webots_ros2_epuck/lib/python3.14/site-packages/webots_ros2_epuck
byte-compiling /home/onur/autonomous_robot/install/webots_ros2_epuck/lib/python3.14/site-packages/webots_ros2_epuck/drive_calibrator.py to drive_calibrator.cpython-314.pyc
byte-compiling /home/onur/autonomous_robot/install/webots_ros2_epuck/lib/python3.14/site-packages/webots_ros2_epuck/simple_mapper.py to simple_mapper.cpython-314.pyc
byte-compiling /home/onur/autonomous_robot/install/webots_ros2_epuck/lib/python3.14/site-packages/webots_ros2_epuck/epuck_node.py to epuck_node.cpython-314.pyc
byte-compiling /home/onur/autonomous_robot/install/webots_ros2_epuck/lib/python3.14/site-packages/webots_ros2_epuck/__init__.py to __init__.cpython-314.pyc
running install_data
creating /home/onur/autonomous_robot/install/webots_ros2_epuck/share/ament_index/resource_index/packages
copying resource/webots_ros2_epuck -> /home/onur/autonomous_robot/install/webots_ros2_epuck/share/ament_index/resource_index/packages
creating /home/onur/autonomous_robot/install/webots_ros2_epuck/share/webots_ros2_epuck/launch
copying launch/robot_launch.py -> /home/onur/autonomous_robot/install/webots_ros2_epuck/share/webots_ros2_epuck/launch
copying launch/robot_tools_launch.py -> /home/onur/autonomous_robot/install/webots_ros2_epuck/share/webots_ros2_epuck/launch
copying launch/rats_life_launch.py -> /home/onur/autonomous_robot/install/webots_ros2_epuck/share/webots_ros2_epuck/launch
copying launch/rats_life_waypoints_launch.py -> /home/onur/autonomous_robot/install/webots_ros2_epuck/share/webots_ros2_epuck/launch
creating /home/onur/autonomous_robot/install/webots_ros2_epuck/share/webots_ros2_epuck/worlds
copying worlds/epuck_world.wbt -> /home/onur/autonomous_robot/install/webots_ros2_epuck/share/webots_ros2_epuck/worlds
copying worlds/.epuck_world.wbproj -> /home/onur/autonomous_robot/install/webots_ros2_epuck/share/webots_ros2_epuck/worlds
copying worlds/rats_life_benchmark.wbt -> /home/onur/autonomous_robot/install/webots_ros2_epuck/share/webots_ros2_epuck/worlds
copying worlds/.rats_life_benchmark.wbproj -> /home/onur/autonomous_robot/install/webots_ros2_epuck/share/webots_ros2_epuck/worlds
creating /home/onur/autonomous_robot/install/webots_ros2_epuck/share/webots_ros2_epuck/protos
copying protos/LegoTallInterval.proto -> /home/onur/autonomous_robot/install/webots_ros2_epuck/share/webots_ros2_epuck/protos
copying protos/LegoTallWall.proto -> /home/onur/autonomous_robot/install/webots_ros2_epuck/share/webots_ros2_epuck/protos
creating /home/onur/autonomous_robot/install/webots_ros2_epuck/share/webots_ros2_epuck/resource
copying resource/all.rviz -> /home/onur/autonomous_robot/install/webots_ros2_epuck/share/webots_ros2_epuck/resource
copying resource/nav2_params.yaml -> /home/onur/autonomous_robot/install/webots_ros2_epuck/share/webots_ros2_epuck/resource
copying resource/nav2_params_iron.yaml -> /home/onur/autonomous_robot/install/webots_ros2_epuck/share/webots_ros2_epuck/resource
copying resource/map_rats_life.pgm -> /home/onur/autonomous_robot/install/webots_ros2_epuck/share/webots_ros2_epuck/resource
copying resource/map_rats_life.yaml -> /home/onur/autonomous_robot/install/webots_ros2_epuck/share/webots_ros2_epuck/resource
copying resource/nav2_rats_life_waypoints.yaml -> /home/onur/autonomous_robot/install/webots_ros2_epuck/share/webots_ros2_epuck/resource
copying resource/epuck_world_map.pgm -> /home/onur/autonomous_robot/install/webots_ros2_epuck/share/webots_ros2_epuck/resource
copying resource/epuck_world_map.yaml -> /home/onur/autonomous_robot/install/webots_ros2_epuck/share/webots_ros2_epuck/resource
copying resource/epuck_webots.urdf -> /home/onur/autonomous_robot/install/webots_ros2_epuck/share/webots_ros2_epuck/resource
copying resource/ros2_control.yml -> /home/onur/autonomous_robot/install/webots_ros2_epuck/share/webots_ros2_epuck/resource
copying package.xml -> /home/onur/autonomous_robot/install/webots_ros2_epuck/share/webots_ros2_epuck
running install_egg_info
Copying ../../../build/webots_ros2_epuck/webots_ros2_epuck.egg-info to /home/onur/autonomous_robot/install/webots_ros2_epuck/lib/python3.14/site-packages/webots_ros2_epuck-2025.0.1-py3.14.egg-info
running install_scripts
Installing drive_calibrator script to /home/onur/autonomous_robot/install/webots_ros2_epuck/lib/webots_ros2_epuck
Installing epuck_node script to /home/onur/autonomous_robot/install/webots_ros2_epuck/lib/webots_ros2_epuck
Installing simple_mapper script to /home/onur/autonomous_robot/install/webots_ros2_epuck/lib/webots_ros2_epuck
writing list of installed files to '/home/onur/autonomous_robot/build/webots_ros2_epuck/install.log'
