[0.585s] Invoking command in '/home/onur/autonomous_robot/src/webots_ros2/webots_ros2_importer': DEBUGINFOD_URLS=https://debuginfod.ubuntu.com PYTHONPATH=/home/onur/autonomous_robot/build/webots_ros2_importer/prefix_override:/usr/lib/python3/dist-packages/colcon_core/task/python/colcon_distutils_commands:/home/onur/autonomous_robot/install/webots_ros2_importer/lib/python3.14/site-packages:${PYTHONPATH} /usr/bin/python3 -W ignore:setup.py install is deprecated -W ignore:easy_install command is deprecated setup.py egg_info --egg-base ../../../build/webots_ros2_importer build --build-base /home/onur/autonomous_robot/build/webots_ros2_importer/build install --record /home/onur/autonomous_robot/build/webots_ros2_importer/install.log --install-scripts $base/lib/webots_ros2_importer --single-version-externally-managed install_data
[0.695s] /usr/lib/python3/dist-packages/setuptools/_distutils/dist.py:289: UserWarning: Unknown distribution option: 'tests_require'
[0.695s]   warnings.warn(msg)
[0.718s] /usr/lib/python3/dist-packages/setuptools/dist.py:759: SetuptoolsDeprecationWarning: License classifiers are deprecated.
[0.718s] !!
[0.718s] 
[0.718s]         ********************************************************************************
[0.718s]         Please consider removing the following classifiers in favor of a SPDX license expression:
[0.718s] 
[0.718s]         License :: OSI Approved :: Apache Software License
[0.718s] 
[0.718s]         See https://packaging.python.org/en/latest/guides/writing-pyproject-toml/#license for details.
[0.718s]         ********************************************************************************
[0.718s] 
[0.718s] !!
[0.718s]   self._finalize_license_expression()
[0.765s] running egg_info
[0.776s] creating ../../../build/webots_ros2_importer/webots_ros2_importer.egg-info
[0.776s] writing ../../../build/webots_ros2_importer/webots_ros2_importer.egg-info/PKG-INFO
[0.776s] writing dependency_links to ../../../build/webots_ros2_importer/webots_ros2_importer.egg-info/dependency_links.txt
[0.776s] writing entry points to ../../../build/webots_ros2_importer/webots_ros2_importer.egg-info/entry_points.txt
[0.776s] writing requirements to ../../../build/webots_ros2_importer/webots_ros2_importer.egg-info/requires.txt
[0.777s] writing top-level names to ../../../build/webots_ros2_importer/webots_ros2_importer.egg-info/top_level.txt
[0.777s] writing manifest file '../../../build/webots_ros2_importer/webots_ros2_importer.egg-info/SOURCES.txt'
[0.789s] error: package directory 'webots_ros2_importer/urdf2webots/urdf2webots' does not exist
[0.806s] Invoked command in '/home/onur/autonomous_robot/src/webots_ros2/webots_ros2_importer' returned '1': DEBUGINFOD_URLS=https://debuginfod.ubuntu.com PYTHONPATH=/home/onur/autonomous_robot/build/webots_ros2_importer/prefix_override:/usr/lib/python3/dist-packages/colcon_core/task/python/colcon_distutils_commands:/home/onur/autonomous_robot/install/webots_ros2_importer/lib/python3.14/site-packages:${PYTHONPATH} /usr/bin/python3 -W ignore:setup.py install is deprecated -W ignore:easy_install command is deprecated setup.py egg_info --egg-base ../../../build/webots_ros2_importer build --build-base /home/onur/autonomous_robot/build/webots_ros2_importer/build install --record /home/onur/autonomous_robot/build/webots_ros2_importer/install.log --install-scripts $base/lib/webots_ros2_importer --single-version-externally-managed install_data
