/usr/lib/python3/dist-packages/setuptools/_distutils/dist.py:289: UserWarning: Unknown distribution option: 'tests_require'
  warnings.warn(msg)
/usr/lib/python3/dist-packages/setuptools/dist.py:759: SetuptoolsDeprecationWarning: License classifiers are deprecated.
!!

        ********************************************************************************
        Please consider removing the following classifiers in favor of a SPDX license expression:

        License :: OSI Approved :: Apache Software License

        See https://packaging.python.org/en/latest/guides/writing-pyproject-toml/#license for details.
        ********************************************************************************

!!
  self._finalize_license_expression()
running egg_info
creating ../../../build/webots_ros2_tesla/webots_ros2_tesla.egg-info
writing ../../../build/webots_ros2_tesla/webots_ros2_tesla.egg-info/PKG-INFO
writing dependency_links to ../../../build/webots_ros2_tesla/webots_ros2_tesla.egg-info/dependency_links.txt
writing entry points to ../../../build/webots_ros2_tesla/webots_ros2_tesla.egg-info/entry_points.txt
writing requirements to ../../../build/webots_ros2_tesla/webots_ros2_tesla.egg-info/requires.txt
writing top-level names to ../../../build/webots_ros2_tesla/webots_ros2_tesla.egg-info/top_level.txt
writing manifest file '../../../build/webots_ros2_tesla/webots_ros2_tesla.egg-info/SOURCES.txt'
reading manifest file '../../../build/webots_ros2_tesla/webots_ros2_tesla.egg-info/SOURCES.txt'
writing manifest file '../../../build/webots_ros2_tesla/webots_ros2_tesla.egg-info/SOURCES.txt'
running build
running build_py
creating /home/onur/autonomous_robot/build/webots_ros2_tesla/build/lib/webots_ros2_tesla
copying webots_ros2_tesla/lane_follower.py -> /home/onur/autonomous_robot/build/webots_ros2_tesla/build/lib/webots_ros2_tesla
copying webots_ros2_tesla/__init__.py -> /home/onur/autonomous_robot/build/webots_ros2_tesla/build/lib/webots_ros2_tesla
copying webots_ros2_tesla/tesla_driver.py -> /home/onur/autonomous_robot/build/webots_ros2_tesla/build/lib/webots_ros2_tesla
running install
running install_lib
creating /home/onur/autonomous_robot/install/webots_ros2_tesla/lib/python3.14/site-packages/webots_ros2_tesla
copying /home/onur/autonomous_robot/build/webots_ros2_tesla/build/lib/webots_ros2_tesla/lane_follower.py -> /home/onur/autonomous_robot/install/webots_ros2_tesla/lib/python3.14/site-packages/webots_ros2_tesla
copying /home/onur/autonomous_robot/build/webots_ros2_tesla/build/lib/webots_ros2_tesla/__init__.py -> /home/onur/autonomous_robot/install/webots_ros2_tesla/lib/python3.14/site-packages/webots_ros2_tesla
copying /home/onur/autonomous_robot/build/webots_ros2_tesla/build/lib/webots_ros2_tesla/tesla_driver.py -> /home/onur/autonomous_robot/install/webots_ros2_tesla/lib/python3.14/site-packages/webots_ros2_tesla
byte-compiling /home/onur/autonomous_robot/install/webots_ros2_tesla/lib/python3.14/site-packages/webots_ros2_tesla/lane_follower.py to lane_follower.cpython-314.pyc
byte-compiling /home/onur/autonomous_robot/install/webots_ros2_tesla/lib/python3.14/site-packages/webots_ros2_tesla/__init__.py to __init__.cpython-314.pyc
byte-compiling /home/onur/autonomous_robot/install/webots_ros2_tesla/lib/python3.14/site-packages/webots_ros2_tesla/tesla_driver.py to tesla_driver.cpython-314.pyc
running install_data
creating /home/onur/autonomous_robot/install/webots_ros2_tesla/share/ament_index/resource_index/packages
copying resource/webots_ros2_tesla -> /home/onur/autonomous_robot/install/webots_ros2_tesla/share/ament_index/resource_index/packages
creating /home/onur/autonomous_robot/install/webots_ros2_tesla/share/webots_ros2_tesla/launch
copying launch/robot_launch.py -> /home/onur/autonomous_robot/install/webots_ros2_tesla/share/webots_ros2_tesla/launch
creating /home/onur/autonomous_robot/install/webots_ros2_tesla/share/webots_ros2_tesla/worlds
copying worlds/tesla_world.wbt -> /home/onur/autonomous_robot/install/webots_ros2_tesla/share/webots_ros2_tesla/worlds
copying worlds/.tesla_world.wbproj -> /home/onur/autonomous_robot/install/webots_ros2_tesla/share/webots_ros2_tesla/worlds
creating /home/onur/autonomous_robot/install/webots_ros2_tesla/share/webots_ros2_tesla/resource
copying resource/tesla_webots.urdf -> /home/onur/autonomous_robot/install/webots_ros2_tesla/share/webots_ros2_tesla/resource
copying package.xml -> /home/onur/autonomous_robot/install/webots_ros2_tesla/share/webots_ros2_tesla
running install_egg_info
Copying ../../../build/webots_ros2_tesla/webots_ros2_tesla.egg-info to /home/onur/autonomous_robot/install/webots_ros2_tesla/lib/python3.14/site-packages/webots_ros2_tesla-2025.0.1-py3.14.egg-info
running install_scripts
Installing lane_follower script to /home/onur/autonomous_robot/install/webots_ros2_tesla/lib/webots_ros2_tesla
writing list of installed files to '/home/onur/autonomous_robot/build/webots_ros2_tesla/install.log'
