[0.973s] Invoking command in '/home/onur/autonomous_robot/src/my_robot_pkg': AMENT_PREFIX_PATH=/home/onur/autonomous_robot/install/webots_ros2_driver:/home/onur/autonomous_robot/install/webots_ros2_msgs:/home/onur/autonomous_robot/install/webots_ros2_importer:${AMENT_PREFIX_PATH} CMAKE_PREFIX_PATH=/home/onur/autonomous_robot/install/webots_ros2_driver:/home/onur/autonomous_robot/install/webots_ros2_msgs:${CMAKE_PREFIX_PATH} DEBUGINFOD_URLS=https://debuginfod.ubuntu.com LD_LIBRARY_PATH=/home/onur/autonomous_robot/install/webots_ros2_driver/lib:/home/onur/autonomous_robot/install/webots_ros2_msgs/lib:${LD_LIBRARY_PATH} PYTHONPATH=/home/onur/autonomous_robot/build/my_robot_pkg/prefix_override:/usr/lib/python3/dist-packages/colcon_core/task/python/colcon_distutils_commands:/home/onur/autonomous_robot/install/my_robot_pkg/lib/python3.14/site-packages:/home/onur/autonomous_robot/install/webots_ros2_driver/lib/python3.14/site-packages:/home/onur/autonomous_robot/install/webots_ros2_msgs/lib/python3.14/site-packages:/home/onur/autonomous_robot/install/webots_ros2_importer/lib/python3.14/site-packages:${PYTHONPATH} /usr/bin/python3 -W ignore:setup.py install is deprecated -W ignore:easy_install command is deprecated setup.py egg_info --egg-base ../../build/my_robot_pkg build --build-base /home/onur/autonomous_robot/build/my_robot_pkg/build install --record /home/onur/autonomous_robot/build/my_robot_pkg/install.log --install-scripts $base/lib/my_robot_pkg --single-version-externally-managed install_data
[1.156s] running egg_info
[1.167s] creating ../../build/my_robot_pkg/my_robot_pkg.egg-info
[1.167s] writing ../../build/my_robot_pkg/my_robot_pkg.egg-info/PKG-INFO
[1.168s] writing dependency_links to ../../build/my_robot_pkg/my_robot_pkg.egg-info/dependency_links.txt
[1.168s] writing requirements to ../../build/my_robot_pkg/my_robot_pkg.egg-info/requires.txt
[1.168s] writing top-level names to ../../build/my_robot_pkg/my_robot_pkg.egg-info/top_level.txt
[1.168s] writing manifest file '../../build/my_robot_pkg/my_robot_pkg.egg-info/SOURCES.txt'
[1.192s] reading manifest file '../../build/my_robot_pkg/my_robot_pkg.egg-info/SOURCES.txt'
[1.193s] writing manifest file '../../build/my_robot_pkg/my_robot_pkg.egg-info/SOURCES.txt'
[1.193s] running build
[1.193s] running build_py
[1.193s] creating /home/onur/autonomous_robot/build/my_robot_pkg/build/lib/my_robot_pkg
[1.193s] copying my_robot_pkg/__init__.py -> /home/onur/autonomous_robot/build/my_robot_pkg/build/lib/my_robot_pkg
[1.193s] copying my_robot_pkg/py.typed -> /home/onur/autonomous_robot/build/my_robot_pkg/build/lib/my_robot_pkg
[1.193s] running install
[1.197s] running install_lib
[1.208s] creating /home/onur/autonomous_robot/install/my_robot_pkg/lib/python3.14/site-packages/my_robot_pkg
[1.208s] copying /home/onur/autonomous_robot/build/my_robot_pkg/build/lib/my_robot_pkg/__init__.py -> /home/onur/autonomous_robot/install/my_robot_pkg/lib/python3.14/site-packages/my_robot_pkg
[1.208s] copying /home/onur/autonomous_robot/build/my_robot_pkg/build/lib/my_robot_pkg/py.typed -> /home/onur/autonomous_robot/install/my_robot_pkg/lib/python3.14/site-packages/my_robot_pkg
[1.209s] byte-compiling /home/onur/autonomous_robot/install/my_robot_pkg/lib/python3.14/site-packages/my_robot_pkg/__init__.py to __init__.cpython-314.pyc
[1.209s] running install_data
[1.209s] creating /home/onur/autonomous_robot/install/my_robot_pkg/share/ament_index/resource_index/packages
[1.209s] copying resource/my_robot_pkg -> /home/onur/autonomous_robot/install/my_robot_pkg/share/ament_index/resource_index/packages
[1.209s] copying package.xml -> /home/onur/autonomous_robot/install/my_robot_pkg/share/my_robot_pkg
[1.209s] running install_egg_info
[1.221s] Copying ../../build/my_robot_pkg/my_robot_pkg.egg-info to /home/onur/autonomous_robot/install/my_robot_pkg/lib/python3.14/site-packages/my_robot_pkg-0.0.0-py3.14.egg-info
[1.221s] running install_scripts
[1.280s] writing list of installed files to '/home/onur/autonomous_robot/build/my_robot_pkg/install.log'
[1.321s] Invoked command in '/home/onur/autonomous_robot/src/my_robot_pkg' returned '0': AMENT_PREFIX_PATH=/home/onur/autonomous_robot/install/webots_ros2_driver:/home/onur/autonomous_robot/install/webots_ros2_msgs:/home/onur/autonomous_robot/install/webots_ros2_importer:${AMENT_PREFIX_PATH} CMAKE_PREFIX_PATH=/home/onur/autonomous_robot/install/webots_ros2_driver:/home/onur/autonomous_robot/install/webots_ros2_msgs:${CMAKE_PREFIX_PATH} DEBUGINFOD_URLS=https://debuginfod.ubuntu.com LD_LIBRARY_PATH=/home/onur/autonomous_robot/install/webots_ros2_driver/lib:/home/onur/autonomous_robot/install/webots_ros2_msgs/lib:${LD_LIBRARY_PATH} PYTHONPATH=/home/onur/autonomous_robot/build/my_robot_pkg/prefix_override:/usr/lib/python3/dist-packages/colcon_core/task/python/colcon_distutils_commands:/home/onur/autonomous_robot/install/my_robot_pkg/lib/python3.14/site-packages:/home/onur/autonomous_robot/install/webots_ros2_driver/lib/python3.14/site-packages:/home/onur/autonomous_robot/install/webots_ros2_msgs/lib/python3.14/site-packages:/home/onur/autonomous_robot/install/webots_ros2_importer/lib/python3.14/site-packages:${PYTHONPATH} /usr/bin/python3 -W ignore:setup.py install is deprecated -W ignore:easy_install command is deprecated setup.py egg_info --egg-base ../../build/my_robot_pkg build --build-base /home/onur/autonomous_robot/build/my_robot_pkg/build install --record /home/onur/autonomous_robot/build/my_robot_pkg/install.log --install-scripts $base/lib/my_robot_pkg --single-version-externally-managed install_data
