[0.156s] Invoking command in '/home/onur/autonomous_robot/build/webots_ros2_msgs': CMAKE_PREFIX_PATH=${CMAKE_PREFIX_PATH}:/opt/ros/lyrical DEBUGINFOD_URLS=https://debuginfod.ubuntu.com /usr/bin/cmake /home/onur/autonomous_robot/src/webots_ros2/webots_ros2_msgs -DCMAKE_INSTALL_PREFIX=/home/onur/autonomous_robot/install/webots_ros2_msgs
[0.212s] [0mCMake Deprecation Warning at CMakeLists.txt:1 (cmake_minimum_required):
[0.212s]   Compatibility with CMake < 3.10 will be removed from a future version of
[0.212s]   CMake.
[0.212s] 
[0.212s]   Update the VERSION argument <min> value.  Or, use the <min>...<max> syntax
[0.212s]   to tell CMake that the project requires at least <min> but has been updated
[0.213s]   to work with policies introduced by <max> or earlier.
[0.213s] 
[0.213s] [0m
[0.311s] -- The C compiler identification is GNU 15.2.0
[0.426s] -- The CXX compiler identification is GNU 15.2.0
[0.435s] -- Detecting C compiler ABI info
[0.513s] -- Detecting C compiler ABI info - done
[0.524s] -- Check for working C compiler: /usr/bin/cc - skipped
[0.524s] -- Detecting C compile features
[0.525s] -- Detecting C compile features - done
[0.538s] -- Detecting CXX compiler ABI info
[0.617s] -- Detecting CXX compiler ABI info - done
[0.633s] -- Check for working CXX compiler: /usr/bin/c++ - skipped
[0.633s] -- Detecting CXX compile features
[0.634s] -- Detecting CXX compile features - done
[0.647s] -- Found ament_cmake: 2.8.8 (/opt/ros/lyrical/share/ament_cmake/cmake)
[0.883s] -- Found builtin_interfaces: 2.4.5 (/opt/ros/lyrical/share/builtin_interfaces/cmake)
[0.917s] -- Found rosidl_generator_c: 5.2.1 (/opt/ros/lyrical/share/rosidl_generator_c/cmake)
[0.926s] -- Found rosidl_generator_cpp: 5.2.1 (/opt/ros/lyrical/share/rosidl_generator_cpp/cmake)
[0.944s] -- Using all available rosidl_typesupport_c: rosidl_typesupport_fastrtps_c;rosidl_typesupport_introspection_c
[0.959s] -- Using all available rosidl_typesupport_cpp: rosidl_typesupport_fastrtps_cpp;rosidl_typesupport_introspection_cpp
[0.972s] -- Found rosidl_default_generators: 1.8.1 (/opt/ros/lyrical/share/rosidl_default_generators/cmake)
[0.986s] -- Found rosidl_adapter: 5.2.1 (/opt/ros/lyrical/share/rosidl_adapter/cmake)
[0.990s] -- Found geometry_msgs: 5.9.3 (/opt/ros/lyrical/share/geometry_msgs/cmake)
[1.024s] -- Found vision_msgs: 4.2.0 (/opt/ros/lyrical/share/vision_msgs/cmake)
[1.155s] -- Found Python3: /usr/bin/python3 (found version "3.14.4") found components: Interpreter
[1.602s] -- Found ament_cmake_cppcheck: 0.20.6 (/opt/ros/lyrical/share/ament_cmake_cppcheck/cmake)
[1.604s] -- Found ament_cmake_cpplint: 0.20.6 (/opt/ros/lyrical/share/ament_cmake_cpplint/cmake)
[1.606s] -- Found ament_cmake_uncrustify: 0.20.6 (/opt/ros/lyrical/share/ament_cmake_uncrustify/cmake)
[2.242s] -- Using all available rosidl_typesupport_c: rosidl_typesupport_fastrtps_c;rosidl_typesupport_introspection_c
[2.514s] -- Using all available rosidl_typesupport_cpp: rosidl_typesupport_fastrtps_cpp;rosidl_typesupport_introspection_cpp
[2.868s] -- Found Python3: /usr/bin/python3 (found version "3.14.4") found components: Interpreter Development NumPy Development.Module Development.Embed
[2.893s] -- Found ament_cmake_flake8: 0.20.6 (/opt/ros/lyrical/share/ament_cmake_flake8/cmake)
[2.896s] -- Found ament_cmake_pep257: 0.20.6 (/opt/ros/lyrical/share/ament_cmake_pep257/cmake)
[2.898s] -- Found ament_cmake_mypy: 0.20.6 (/opt/ros/lyrical/share/ament_cmake_mypy/cmake)
[2.925s] -- Found Python3: /usr/bin/python3 (found version "3.14.4") found components: Interpreter
[2.928s] -- Found ament_lint_auto: 0.20.6 (/opt/ros/lyrical/share/ament_lint_auto/cmake)
[2.951s] -- Added test 'lint_cmake' to check CMake code style
[2.952s] -- Added test 'xmllint' to check XML markup files
[2.954s] -- Configuring done (2.7s)
[3.002s] -- Generating done (0.0s)
[3.018s] -- Build files have been written to: /home/onur/autonomous_robot/build/webots_ros2_msgs
