-- The C compiler identification is GNU 15.2.0
-- The CXX compiler identification is GNU 15.2.0
-- Detecting C compiler ABI info
-- Detecting C compiler ABI info - done
-- Check for working C compiler: /usr/bin/cc - skipped
-- Detecting C compile features
-- Detecting C compile features - done
-- Detecting CXX compiler ABI info
-- Detecting CXX compiler ABI info - done
-- Check for working CXX compiler: /usr/bin/c++ - skipped
-- Detecting CXX compile features
-- Detecting CXX compile features - done
-- Found ament_cmake: 2.8.8 (/opt/ros/lyrical/share/ament_cmake/cmake)
-- Found rosgraph_msgs: 2.4.5 (/opt/ros/lyrical/share/rosgraph_msgs/cmake)
-- Found rosidl_generator_c: 5.2.1 (/opt/ros/lyrical/share/rosidl_generator_c/cmake)
-- Found rosidl_generator_cpp: 5.2.1 (/opt/ros/lyrical/share/rosidl_generator_cpp/cmake)
-- Using all available rosidl_typesupport_c: rosidl_typesupport_fastrtps_c;rosidl_typesupport_introspection_c
-- Using all available rosidl_typesupport_cpp: rosidl_typesupport_fastrtps_cpp;rosidl_typesupport_introspection_cpp
-- Found rclcpp: 32.0.2 (/opt/ros/lyrical/share/rclcpp/cmake)
-- Found rmw_implementation_cmake: 7.10.1 (/opt/ros/lyrical/share/rmw_implementation_cmake/cmake)
-- Found rmw_fastrtps_cpp: 9.4.9 (/opt/ros/lyrical/share/rmw_fastrtps_cpp/cmake)
-- Using RMW implementation 'rmw_fastrtps_cpp' as default
-- Found pluginlib: 5.8.4 (/opt/ros/lyrical/share/pluginlib/cmake)
-- Found sensor_msgs: 5.9.3 (/opt/ros/lyrical/share/sensor_msgs/cmake)
-- Found tf2_geometry_msgs: 0.45.9 (/opt/ros/lyrical/share/tf2_geometry_msgs/cmake)
-- Found vision_msgs: 4.2.0 (/opt/ros/lyrical/share/vision_msgs/cmake)
-- Found webots_ros2_msgs: 2025.0.1 (/home/onur/autonomous_robot/install/webots_ros2_msgs/share/webots_ros2_msgs/cmake)
-- Found tinyxml2_vendor: 0.11.3 (/opt/ros/lyrical/share/tinyxml2_vendor/cmake)
-- Found TinyXML2 via Config file: /usr/lib/x86_64-linux-gnu/cmake/tinyxml2
-- Found Python: /usr/include/python3.14 (found suitable exact version "3.14.4") found components: Development Development.Module Development.Embed
-- Configuring done (1.7s)
-- Generating done (0.0s)
-- Build files have been written to: /home/onur/autonomous_robot/build/webots_ros2_driver
[  0%] Built target ament_cmake_python_sync_webots_ros2_driver
[  0%] Built target ament_cmake_python_sync_vehicle
[  0%] Built target ament_cmake_python_sync_controller
running egg_info
running egg_info
creating vehicle.egg-info
writing vehicle.egg-info/PKG-INFO
writing dependency_links to vehicle.egg-info/dependency_links.txt
writing top-level names to vehicle.egg-info/top_level.txt
writing manifest file 'vehicle.egg-info/SOURCES.txt'
creating controller.egg-info
writing controller.egg-info/PKG-INFO
writing dependency_links to controller.egg-info/dependency_links.txt
writing top-level names to controller.egg-info/top_level.txt
writing manifest file 'controller.egg-info/SOURCES.txt'
running egg_info
creating webots_ros2_driver.egg-info
writing webots_ros2_driver.egg-info/PKG-INFO
writing dependency_links to webots_ros2_driver.egg-info/dependency_links.txt
writing top-level names to webots_ros2_driver.egg-info/top_level.txt
writing manifest file 'webots_ros2_driver.egg-info/SOURCES.txt'
reading manifest file 'vehicle.egg-info/SOURCES.txt'
writing manifest file 'vehicle.egg-info/SOURCES.txt'
reading manifest file 'controller.egg-info/SOURCES.txt'
writing manifest file 'controller.egg-info/SOURCES.txt'
reading manifest file 'webots_ros2_driver.egg-info/SOURCES.txt'
writing manifest file 'webots_ros2_driver.egg-info/SOURCES.txt'
[  0%] Built target ament_cmake_python_build_vehicle_egg
[  0%] Built target ament_cmake_python_build_controller_egg
[  0%] Built target ament_cmake_python_build_webots_ros2_driver_egg
[  0%] Built target compile-lib-controller
[  0%] Built target compile-generic-window
[  0%] Built target compile-lib-vehicle
[  3%] [32mBuilding CXX object CMakeFiles/webots_ros2_driver_imu.dir/src/utils/Utils.cpp.o[0m
[  7%] [32mBuilding CXX object CMakeFiles/webots_ros2_driver_imu.dir/src/plugins/dynamic/Ros2IMU.cpp.o[0m
[ 11%] [32mBuilding CXX object CMakeFiles/webots_ros2_driver_rgbd.dir/src/plugins/Ros2SensorPlugin.cpp.o[0m
[ 14%] [32mBuilding CXX object CMakeFiles/webots_ros2_driver_rgbd.dir/src/utils/Utils.cpp.o[0m
[ 18%] [32mBuilding CXX object CMakeFiles/webots_ros2_driver_rgbd.dir/src/plugins/dynamic/Ros2RGBD.cpp.o[0m
[ 22%] [32mBuilding CXX object CMakeFiles/webots_ros2_driver_imu.dir/src/plugins/Ros2SensorPlugin.cpp.o[0m
[ 25%] [32mBuilding CXX object CMakeFiles/driver.dir/src/Driver.cpp.o[0m
[ 29%] [32mBuilding CXX object CMakeFiles/driver.dir/src/PythonPlugin.cpp.o[0m
[ 33%] [32mBuilding CXX object CMakeFiles/driver.dir/src/WebotsNode.cpp.o[0m
[ 37%] [32mBuilding CXX object CMakeFiles/driver.dir/src/plugins/Ros2SensorPlugin.cpp.o[0m
[ 40%] [32mBuilding CXX object CMakeFiles/driver.dir/src/plugins/static/Ros2Lidar.cpp.o[0m
[ 44%] [32mBuilding CXX object CMakeFiles/driver.dir/src/plugins/static/Ros2LED.cpp.o[0m
[ 48%] [32mBuilding CXX object CMakeFiles/driver.dir/src/plugins/static/Ros2Pen.cpp.o[0m
[ 55%] [32mBuilding CXX object CMakeFiles/driver.dir/src/plugins/static/Ros2Camera.cpp.o[0m
[ 55%] [32mBuilding CXX object CMakeFiles/driver.dir/src/plugins/static/Ros2GPS.cpp.o[0m
[ 59%] [32mBuilding CXX object CMakeFiles/driver.dir/src/plugins/static/Ros2RangeFinder.cpp.o[0m
[ 62%] [32mBuilding CXX object CMakeFiles/driver.dir/src/plugins/static/Ros2DistanceSensor.cpp.o[0m
[ 66%] [32mBuilding CXX object CMakeFiles/driver.dir/src/plugins/static/Ros2LightSensor.cpp.o[0m
[ 70%] [32mBuilding CXX object CMakeFiles/driver.dir/src/plugins/static/Ros2Emitter.cpp.o[0m
[ 74%] [32mBuilding CXX object CMakeFiles/driver.dir/src/plugins/static/Ros2Receiver.cpp.o[0m
[ 77%] [32mBuilding CXX object CMakeFiles/driver.dir/src/plugins/static/Ros2Compass.cpp.o[0m
[ 81%] [32mBuilding CXX object CMakeFiles/driver.dir/src/plugins/static/Ros2VacuumGripper.cpp.o[0m
[ 85%] [32mBuilding CXX object CMakeFiles/driver.dir/src/utils/Math.cpp.o[0m
[ 88%] [1m[32mLinking CXX shared library libwebots_ros2_driver_imu.so[0m
[ 92%] [1m[32mLinking CXX shared library libwebots_ros2_driver_rgbd.so[0m
[ 92%] Built target webots_ros2_driver_imu
[ 92%] Built target webots_ros2_driver_rgbd
[ 96%] [32mBuilding CXX object CMakeFiles/driver.dir/src/utils/Utils.cpp.o[0m
[100%] [1m[32mLinking CXX executable driver[0m
[100%] Built target driver
-- Install configuration: ""
-- Installing: /home/onur/autonomous_robot/install/webots_ros2_driver/share/webots_ros2_driver/environment/pythonpath.sh
-- Installing: /home/onur/autonomous_robot/install/webots_ros2_driver/share/webots_ros2_driver/environment/pythonpath.dsv
-- Installing: /home/onur/autonomous_robot/install/webots_ros2_driver/include
-- Installing: /home/onur/autonomous_robot/install/webots_ros2_driver/include/webots_ros2_driver
-- Installing: /home/onur/autonomous_robot/install/webots_ros2_driver/include/webots_ros2_driver/plugins
-- Installing: /home/onur/autonomous_robot/install/webots_ros2_driver/include/webots_ros2_driver/plugins/Ros2SensorPlugin.hpp
-- Installing: /home/onur/autonomous_robot/install/webots_ros2_driver/include/webots_ros2_driver/plugins/dynamic
-- Installing: /home/onur/autonomous_robot/install/webots_ros2_driver/include/webots_ros2_driver/plugins/dynamic/Ros2RGBD.hpp
-- Installing: /home/onur/autonomous_robot/install/webots_ros2_driver/include/webots_ros2_driver/plugins/dynamic/Ros2IMU.hpp
-- Installing: /home/onur/autonomous_robot/install/webots_ros2_driver/include/webots_ros2_driver/plugins/static
-- Installing: /home/onur/autonomous_robot/install/webots_ros2_driver/include/webots_ros2_driver/plugins/static/Ros2RangeFinder.hpp
-- Installing: /home/onur/autonomous_robot/install/webots_ros2_driver/include/webots_ros2_driver/plugins/static/Ros2Receiver.hpp
-- Installing: /home/onur/autonomous_robot/install/webots_ros2_driver/include/webots_ros2_driver/plugins/static/Ros2DistanceSensor.hpp
-- Installing: /home/onur/autonomous_robot/install/webots_ros2_driver/include/webots_ros2_driver/plugins/static/Ros2LightSensor.hpp
-- Installing: /home/onur/autonomous_robot/install/webots_ros2_driver/include/webots_ros2_driver/plugins/static/Ros2Camera.hpp
-- Installing: /home/onur/autonomous_robot/install/webots_ros2_driver/include/webots_ros2_driver/plugins/static/Ros2Compass.hpp
-- Installing: /home/onur/autonomous_robot/install/webots_ros2_driver/include/webots_ros2_driver/plugins/static/Ros2VacuumGripper.hpp
-- Installing: /home/onur/autonomous_robot/install/webots_ros2_driver/include/webots_ros2_driver/plugins/static/Ros2LED.hpp
-- Installing: /home/onur/autonomous_robot/install/webots_ros2_driver/include/webots_ros2_driver/plugins/static/Ros2Lidar.hpp
-- Installing: /home/onur/autonomous_robot/install/webots_ros2_driver/include/webots_ros2_driver/plugins/static/Ros2Emitter.hpp
-- Installing: /home/onur/autonomous_robot/install/webots_ros2_driver/include/webots_ros2_driver/plugins/static/Ros2Pen.hpp
-- Installing: /home/onur/autonomous_robot/install/webots_ros2_driver/include/webots_ros2_driver/plugins/static/Ros2GPS.hpp
-- Installing: /home/onur/autonomous_robot/install/webots_ros2_driver/include/webots_ros2_driver/PythonPlugin.hpp
-- Installing: /home/onur/autonomous_robot/install/webots_ros2_driver/include/webots_ros2_driver/WebotsNode.hpp
-- Installing: /home/onur/autonomous_robot/install/webots_ros2_driver/include/webots_ros2_driver/utils
-- Installing: /home/onur/autonomous_robot/install/webots_ros2_driver/include/webots_ros2_driver/utils/Math.hpp
-- Installing: /home/onur/autonomous_robot/install/webots_ros2_driver/include/webots_ros2_driver/utils/Utils.hpp
-- Installing: /home/onur/autonomous_robot/install/webots_ros2_driver/include/webots_ros2_driver/PluginInterface.hpp
-- Installing: /home/onur/autonomous_robot/install/webots_ros2_driver/lib/webots_ros2_driver/driver
-- Installing: /home/onur/autonomous_robot/install/webots_ros2_driver/lib/libwebots_ros2_driver_imu.so
-- Installing: /home/onur/autonomous_robot/install/webots_ros2_driver/lib/libwebots_ros2_driver_rgbd.so
-- Installing: /home/onur/autonomous_robot/install/webots_ros2_driver/include/webots/c
-- Installing: /home/onur/autonomous_robot/install/webots_ros2_driver/include/webots/c/webots
-- Installing: /home/onur/autonomous_robot/install/webots_ros2_driver/include/webots/c/webots/gps.h
-- Installing: /home/onur/autonomous_robot/install/webots_ros2_driver/include/webots/c/webots/joystick.h
-- Installing: /home/onur/autonomous_robot/install/webots_ros2_driver/include/webots/c/webots/speaker.h
-- Installing: /home/onur/autonomous_robot/install/webots_ros2_driver/include/webots/c/webots/compass.h
-- Installing: /home/onur/autonomous_robot/install/webots_ros2_driver/include/webots/c/webots/contact_point.h
-- Installing: /home/onur/autonomous_robot/install/webots_ros2_driver/include/webots/c/webots/camera_recognition_object.h
-- Installing: /home/onur/autonomous_robot/install/webots_ros2_driver/include/webots/c/webots/plugins
-- Installing: /home/onur/autonomous_robot/install/webots_ros2_driver/include/webots/c/webots/plugins/robot_window
-- Installing: /home/onur/autonomous_robot/install/webots_ros2_driver/include/webots/c/webots/plugins/robot_window/robot_window.h
-- Installing: /home/onur/autonomous_robot/install/webots_ros2_driver/include/webots/c/webots/plugins/robot_window/generic_robot_window
-- Installing: /home/onur/autonomous_robot/install/webots_ros2_driver/include/webots/c/webots/plugins/robot_window/generic_robot_window/generic.h
-- Installing: /home/onur/autonomous_robot/install/webots_ros2_driver/include/webots/c/webots/plugins/robot_window/robot_wwi.h
-- Installing: /home/onur/autonomous_robot/install/webots_ros2_driver/include/webots/c/webots/plugins/robot_window/default.h
-- Installing: /home/onur/autonomous_robot/install/webots_ros2_driver/include/webots/c/webots/position_sensor.h
-- Installing: /home/onur/autonomous_robot/install/webots_ros2_driver/include/webots/c/webots/accelerometer.h
-- Installing: /home/onur/autonomous_robot/install/webots_ros2_driver/include/webots/c/webots/nodes.h
-- Installing: /home/onur/autonomous_robot/install/webots_ros2_driver/include/webots/c/webots/camera.h
-- Installing: /home/onur/autonomous_robot/install/webots_ros2_driver/include/webots/c/webots/emitter.h
-- Installing: /home/onur/autonomous_robot/install/webots_ros2_driver/include/webots/c/webots/supervisor.h
-- Installing: /home/onur/autonomous_robot/install/webots_ros2_driver/include/webots/c/webots/vehicle
-- Installing: /home/onur/autonomous_robot/install/webots_ros2_driver/include/webots/c/webots/vehicle/car.h
-- Installing: /home/onur/autonomous_robot/install/webots_ros2_driver/include/webots/c/webots/vehicle/driver.h
-- Installing: /home/onur/autonomous_robot/install/webots_ros2_driver/include/webots/c/webots/device.h
-- Installing: /home/onur/autonomous_robot/install/webots_ros2_driver/include/webots/c/webots/robot.h
-- Installing: /home/onur/autonomous_robot/install/webots_ros2_driver/include/webots/c/webots/touch_sensor.h
-- Installing: /home/onur/autonomous_robot/install/webots_ros2_driver/include/webots/c/webots/receiver.h
-- Installing: /home/onur/autonomous_robot/install/webots_ros2_driver/include/webots/c/webots/utils
-- Installing: /home/onur/autonomous_robot/install/webots_ros2_driver/include/webots/c/webots/utils/string.h
-- Installing: /home/onur/autonomous_robot/install/webots_ros2_driver/include/webots/c/webots/utils/system.h
-- Installing: /home/onur/autonomous_robot/install/webots_ros2_driver/include/webots/c/webots/utils/motion.h
-- Installing: /home/onur/autonomous_robot/install/webots_ros2_driver/include/webots/c/webots/utils/ansi_codes.h
-- Installing: /home/onur/autonomous_robot/install/webots_ros2_driver/include/webots/c/webots/lidar.h
-- Installing: /home/onur/autonomous_robot/install/webots_ros2_driver/include/webots/c/webots/light_sensor.h
-- Installing: /home/onur/autonomous_robot/install/webots_ros2_driver/include/webots/c/webots/pen.h
-- Installing: /home/onur/autonomous_robot/install/webots_ros2_driver/include/webots/c/webots/radar.h
-- Installing: /home/onur/autonomous_robot/install/webots_ros2_driver/include/webots/c/webots/keyboard.h
-- Installing: /home/onur/autonomous_robot/install/webots_ros2_driver/include/webots/c/webots/display.h
-- Installing: /home/onur/autonomous_robot/install/webots_ros2_driver/include/webots/c/webots/range_finder.h
-- Installing: /home/onur/autonomous_robot/install/webots_ros2_driver/include/webots/c/webots/vacuum_gripper.h
-- Installing: /home/onur/autonomous_robot/install/webots_ros2_driver/include/webots/c/webots/distance_sensor.h
-- Installing: /home/onur/autonomous_robot/install/webots_ros2_driver/include/webots/c/webots/inertial_unit.h
-- Installing: /home/onur/autonomous_robot/install/webots_ros2_driver/include/webots/c/webots/motor.h
-- Installing: /home/onur/autonomous_robot/install/webots_ros2_driver/include/webots/c/webots/lidar_point.h
-- Installing: /home/onur/autonomous_robot/install/webots_ros2_driver/include/webots/c/webots/types.h
-- Installing: /home/onur/autonomous_robot/install/webots_ros2_driver/include/webots/c/webots/skin.h
-- Installing: /home/onur/autonomous_robot/install/webots_ros2_driver/include/webots/c/webots/brake.h
-- Installing: /home/onur/autonomous_robot/install/webots_ros2_driver/include/webots/c/webots/connector.h
-- Installing: /home/onur/autonomous_robot/install/webots_ros2_driver/include/webots/c/webots/remote_control.h
-- Installing: /home/onur/autonomous_robot/install/webots_ros2_driver/include/webots/c/webots/mouse.h
-- Installing: /home/onur/autonomous_robot/install/webots_ros2_driver/include/webots/c/webots/radio.h
-- Installing: /home/onur/autonomous_robot/install/webots_ros2_driver/include/webots/c/webots/radar_target.h
-- Installing: /home/onur/autonomous_robot/install/webots_ros2_driver/include/webots/c/webots/microphone.h
-- Installing: /home/onur/autonomous_robot/install/webots_ros2_driver/include/webots/c/webots/gyro.h
-- Installing: /home/onur/autonomous_robot/install/webots_ros2_driver/include/webots/c/webots/console.h
-- Installing: /home/onur/autonomous_robot/install/webots_ros2_driver/include/webots/c/webots/led.h
-- Installing: /home/onur/autonomous_robot/install/webots_ros2_driver/include/webots/c/webots/mouse_state.h
-- Installing: /home/onur/autonomous_robot/install/webots_ros2_driver/include/webots/c/webots/altimeter.h
-- Installing: /home/onur/autonomous_robot/install/webots_ros2_driver/include/webots/cpp
-- Installing: /home/onur/autonomous_robot/install/webots_ros2_driver/include/webots/cpp/webots
-- Installing: /home/onur/autonomous_robot/install/webots_ros2_driver/include/webots/cpp/webots/Speaker.hpp
-- Installing: /home/onur/autonomous_robot/install/webots_ros2_driver/include/webots/cpp/webots/LED.hpp
-- Installing: /home/onur/autonomous_robot/install/webots_ros2_driver/include/webots/cpp/webots/GPS.hpp
-- Installing: /home/onur/autonomous_robot/install/webots_ros2_driver/include/webots/cpp/webots/TouchSensor.hpp
-- Installing: /home/onur/autonomous_robot/install/webots_ros2_driver/include/webots/cpp/webots/Lidar.hpp
-- Installing: /home/onur/autonomous_robot/install/webots_ros2_driver/include/webots/cpp/webots/Pen.hpp
-- Installing: /home/onur/autonomous_robot/install/webots_ros2_driver/include/webots/cpp/webots/Field.hpp
-- Installing: /home/onur/autonomous_robot/install/webots_ros2_driver/include/webots/cpp/webots/Node.hpp
-- Installing: /home/onur/autonomous_robot/install/webots_ros2_driver/include/webots/cpp/webots/Proto.hpp
-- Installing: /home/onur/autonomous_robot/install/webots_ros2_driver/include/webots/cpp/webots/vehicle
-- Installing: /home/onur/autonomous_robot/install/webots_ros2_driver/include/webots/cpp/webots/vehicle/Driver.hpp
-- Installing: /home/onur/autonomous_robot/install/webots_ros2_driver/include/webots/cpp/webots/vehicle/Car.hpp
-- Installing: /home/onur/autonomous_robot/install/webots_ros2_driver/include/webots/cpp/webots/Skin.hpp
-- Installing: /home/onur/autonomous_robot/install/webots_ros2_driver/include/webots/cpp/webots/Supervisor.hpp
-- Installing: /home/onur/autonomous_robot/install/webots_ros2_driver/include/webots/cpp/webots/Device.hpp
-- Installing: /home/onur/autonomous_robot/install/webots_ros2_driver/include/webots/cpp/webots/Emitter.hpp
-- Installing: /home/onur/autonomous_robot/install/webots_ros2_driver/include/webots/cpp/webots/utils
-- Installing: /home/onur/autonomous_robot/install/webots_ros2_driver/include/webots/cpp/webots/utils/Motion.hpp
-- Installing: /home/onur/autonomous_robot/install/webots_ros2_driver/include/webots/cpp/webots/utils/AnsiCodes.hpp
-- Installing: /home/onur/autonomous_robot/install/webots_ros2_driver/include/webots/cpp/webots/DistanceSensor.hpp
-- Installing: /home/onur/autonomous_robot/install/webots_ros2_driver/include/webots/cpp/webots/Keyboard.hpp
-- Installing: /home/onur/autonomous_robot/install/webots_ros2_driver/include/webots/cpp/webots/Motor.hpp
-- Installing: /home/onur/autonomous_robot/install/webots_ros2_driver/include/webots/cpp/webots/VacuumGripper.hpp
-- Installing: /home/onur/autonomous_robot/install/webots_ros2_driver/include/webots/cpp/webots/Gyro.hpp
-- Installing: /home/onur/autonomous_robot/install/webots_ros2_driver/include/webots/cpp/webots/ImageRef.hpp
-- Installing: /home/onur/autonomous_robot/install/webots_ros2_driver/include/webots/cpp/webots/Joystick.hpp
-- Installing: /home/onur/autonomous_robot/install/webots_ros2_driver/include/webots/cpp/webots/Mouse.hpp
-- Installing: /home/onur/autonomous_robot/install/webots_ros2_driver/include/webots/cpp/webots/RangeFinder.hpp
-- Installing: /home/onur/autonomous_robot/install/webots_ros2_driver/include/webots/cpp/webots/Radar.hpp
-- Installing: /home/onur/autonomous_robot/install/webots_ros2_driver/include/webots/cpp/webots/Camera.hpp
-- Installing: /home/onur/autonomous_robot/install/webots_ros2_driver/include/webots/cpp/webots/PositionSensor.hpp
-- Installing: /home/onur/autonomous_robot/install/webots_ros2_driver/include/webots/cpp/webots/LightSensor.hpp
-- Installing: /home/onur/autonomous_robot/install/webots_ros2_driver/include/webots/cpp/webots/Robot.hpp
-- Installing: /home/onur/autonomous_robot/install/webots_ros2_driver/include/webots/cpp/webots/Accelerometer.hpp
-- Installing: /home/onur/autonomous_robot/install/webots_ros2_driver/include/webots/cpp/webots/Connector.hpp
-- Installing: /home/onur/autonomous_robot/install/webots_ros2_driver/include/webots/cpp/webots/Display.hpp
-- Installing: /home/onur/autonomous_robot/install/webots_ros2_driver/include/webots/cpp/webots/Brake.hpp
-- Installing: /home/onur/autonomous_robot/install/webots_ros2_driver/include/webots/cpp/webots/Compass.hpp
-- Installing: /home/onur/autonomous_robot/install/webots_ros2_driver/include/webots/cpp/webots/Altimeter.hpp
-- Installing: /home/onur/autonomous_robot/install/webots_ros2_driver/include/webots/cpp/webots/Receiver.hpp
-- Installing: /home/onur/autonomous_robot/install/webots_ros2_driver/include/webots/cpp/webots/InertialUnit.hpp
-- Installing: /home/onur/autonomous_robot/install/webots_ros2_driver/lib/controller
-- Installing: /home/onur/autonomous_robot/install/webots_ros2_driver/lib/controller/libController.so
-- Installing: /home/onur/autonomous_robot/install/webots_ros2_driver/lib/controller/libCppDriver.so
-- Installing: /home/onur/autonomous_robot/install/webots_ros2_driver/lib/controller/libdriver.so
-- Installing: /home/onur/autonomous_robot/install/webots_ros2_driver/lib/controller/libcar.so
-- Installing: /home/onur/autonomous_robot/install/webots_ros2_driver/lib/controller/libCppController.so
-- Installing: /home/onur/autonomous_robot/install/webots_ros2_driver/lib/controller/libgeneric_robot_window.so
-- Installing: /home/onur/autonomous_robot/install/webots_ros2_driver/lib/controller/.gitignore
-- Installing: /home/onur/autonomous_robot/install/webots_ros2_driver/lib/controller/libCppCar.so
-- Installing: /home/onur/autonomous_robot/install/webots_ros2_driver/share/webots_ros2_driver/webots_ros2_imu.xml
-- Installing: /home/onur/autonomous_robot/install/webots_ros2_driver/share/webots_ros2_driver/webots_ros2_rgbd.xml
-- Installing: /home/onur/autonomous_robot/install/webots_ros2_driver/lib/webots_ros2_driver/ros2_supervisor.py
-- Installing: /home/onur/autonomous_robot/install/webots_ros2_driver/share/webots_ros2_driver/scripts
-- Installing: /home/onur/autonomous_robot/install/webots_ros2_driver/share/webots_ros2_driver/scripts/webots_tcp_client.py
-- Installing: /home/onur/autonomous_robot/install/webots_ros2_driver/share/webots_ros2_driver/scripts/webots-controller
-- Installing: /home/onur/autonomous_robot/install/webots_ros2_driver/share/webots_ros2_driver/environment/library_path.sh
-- Installing: /home/onur/autonomous_robot/install/webots_ros2_driver/share/webots_ros2_driver/environment/library_path.dsv
-- Installing: /home/onur/autonomous_robot/install/webots_ros2_driver/share/ament_index/resource_index/package_run_dependencies/webots_ros2_driver
-- Installing: /home/onur/autonomous_robot/install/webots_ros2_driver/share/ament_index/resource_index/parent_prefix_path/webots_ros2_driver
-- Installing: /home/onur/autonomous_robot/install/webots_ros2_driver/share/webots_ros2_driver/environment/ament_prefix_path.sh
-- Installing: /home/onur/autonomous_robot/install/webots_ros2_driver/share/webots_ros2_driver/environment/ament_prefix_path.dsv
-- Installing: /home/onur/autonomous_robot/install/webots_ros2_driver/share/webots_ros2_driver/environment/path.sh
-- Installing: /home/onur/autonomous_robot/install/webots_ros2_driver/share/webots_ros2_driver/environment/path.dsv
-- Installing: /home/onur/autonomous_robot/install/webots_ros2_driver/share/webots_ros2_driver/local_setup.bash
-- Installing: /home/onur/autonomous_robot/install/webots_ros2_driver/share/webots_ros2_driver/local_setup.fish
-- Installing: /home/onur/autonomous_robot/install/webots_ros2_driver/share/webots_ros2_driver/local_setup.sh
-- Installing: /home/onur/autonomous_robot/install/webots_ros2_driver/share/webots_ros2_driver/local_setup.zsh
-- Installing: /home/onur/autonomous_robot/install/webots_ros2_driver/share/webots_ros2_driver/local_setup.dsv
-- Installing: /home/onur/autonomous_robot/install/webots_ros2_driver/share/webots_ros2_driver/package.dsv
-- Installing: /home/onur/autonomous_robot/install/webots_ros2_driver/share/ament_index/resource_index/packages/webots_ros2_driver
-- Installing: /home/onur/autonomous_robot/install/webots_ros2_driver/share/ament_index/resource_index/webots_ros2_driver__pluginlib__plugin/webots_ros2_driver
-- Installing: /home/onur/autonomous_robot/install/webots_ros2_driver/lib/python3.14/site-packages/controller-2025.0.1-py3.14.egg-info
-- Installing: /home/onur/autonomous_robot/install/webots_ros2_driver/lib/python3.14/site-packages/controller-2025.0.1-py3.14.egg-info/dependency_links.txt
-- Installing: /home/onur/autonomous_robot/install/webots_ros2_driver/lib/python3.14/site-packages/controller-2025.0.1-py3.14.egg-info/PKG-INFO
-- Installing: /home/onur/autonomous_robot/install/webots_ros2_driver/lib/python3.14/site-packages/controller-2025.0.1-py3.14.egg-info/SOURCES.txt
-- Installing: /home/onur/autonomous_robot/install/webots_ros2_driver/lib/python3.14/site-packages/controller-2025.0.1-py3.14.egg-info/top_level.txt
-- Installing: /home/onur/autonomous_robot/install/webots_ros2_driver/lib/python3.14/site-packages/controller
-- Installing: /home/onur/autonomous_robot/install/webots_ros2_driver/lib/python3.14/site-packages/controller/node.py
-- Installing: /home/onur/autonomous_robot/install/webots_ros2_driver/lib/python3.14/site-packages/controller/joystick.py
-- Installing: /home/onur/autonomous_robot/install/webots_ros2_driver/lib/python3.14/site-packages/controller/ansi_codes.py
-- Installing: /home/onur/autonomous_robot/install/webots_ros2_driver/lib/python3.14/site-packages/controller/accelerometer.py
-- Installing: /home/onur/autonomous_robot/install/webots_ros2_driver/lib/python3.14/site-packages/controller/gyro.py
-- Installing: /home/onur/autonomous_robot/install/webots_ros2_driver/lib/python3.14/site-packages/controller/inertial_unit.py
-- Installing: /home/onur/autonomous_robot/install/webots_ros2_driver/lib/python3.14/site-packages/controller/connector.py
-- Installing: /home/onur/autonomous_robot/install/webots_ros2_driver/lib/python3.14/site-packages/controller/device.py
-- Installing: /home/onur/autonomous_robot/install/webots_ros2_driver/lib/python3.14/site-packages/controller/range_finder.py
-- Installing: /home/onur/autonomous_robot/install/webots_ros2_driver/lib/python3.14/site-packages/controller/lidar.py
-- Installing: /home/onur/autonomous_robot/install/webots_ros2_driver/lib/python3.14/site-packages/controller/constants.py
-- Installing: /home/onur/autonomous_robot/install/webots_ros2_driver/lib/python3.14/site-packages/controller/wb.py
-- Installing: /home/onur/autonomous_robot/install/webots_ros2_driver/lib/python3.14/site-packages/controller/led.py
-- Installing: /home/onur/autonomous_robot/install/webots_ros2_driver/lib/python3.14/site-packages/controller/motor.py
-- Installing: /home/onur/autonomous_robot/install/webots_ros2_driver/lib/python3.14/site-packages/controller/field.py
-- Installing: /home/onur/autonomous_robot/install/webots_ros2_driver/lib/python3.14/site-packages/controller/receiver.py
-- Installing: /home/onur/autonomous_robot/install/webots_ros2_driver/lib/python3.14/site-packages/controller/radar_target.py
-- Installing: /home/onur/autonomous_robot/install/webots_ros2_driver/lib/python3.14/site-packages/controller/sensor.py
-- Installing: /home/onur/autonomous_robot/install/webots_ros2_driver/lib/python3.14/site-packages/controller/position_sensor.py
-- Installing: /home/onur/autonomous_robot/install/webots_ros2_driver/lib/python3.14/site-packages/controller/altimeter.py
-- Installing: /home/onur/autonomous_robot/install/webots_ros2_driver/lib/python3.14/site-packages/controller/robot.py
-- Installing: /home/onur/autonomous_robot/install/webots_ros2_driver/lib/python3.14/site-packages/controller/camera.py
-- Installing: /home/onur/autonomous_robot/install/webots_ros2_driver/lib/python3.14/site-packages/controller/supervisor.py
-- Installing: /home/onur/autonomous_robot/install/webots_ros2_driver/lib/python3.14/site-packages/controller/keyboard.py
-- Installing: /home/onur/autonomous_robot/install/webots_ros2_driver/lib/python3.14/site-packages/controller/radar.py
-- Installing: /home/onur/autonomous_robot/install/webots_ros2_driver/lib/python3.14/site-packages/controller/light_sensor.py
-- Installing: /home/onur/autonomous_robot/install/webots_ros2_driver/lib/python3.14/site-packages/controller/touch_sensor.py
-- Installing: /home/onur/autonomous_robot/install/webots_ros2_driver/lib/python3.14/site-packages/controller/pen.py
-- Installing: /home/onur/autonomous_robot/install/webots_ros2_driver/lib/python3.14/site-packages/controller/gps.py
-- Installing: /home/onur/autonomous_robot/install/webots_ros2_driver/lib/python3.14/site-packages/controller/emitter.py
-- Installing: /home/onur/autonomous_robot/install/webots_ros2_driver/lib/python3.14/site-packages/controller/skin.py
-- Installing: /home/onur/autonomous_robot/install/webots_ros2_driver/lib/python3.14/site-packages/controller/display.py
-- Installing: /home/onur/autonomous_robot/install/webots_ros2_driver/lib/python3.14/site-packages/controller/motion.py
-- Installing: /home/onur/autonomous_robot/install/webots_ros2_driver/lib/python3.14/site-packages/controller/lidar_point.py
-- Installing: /home/onur/autonomous_robot/install/webots_ros2_driver/lib/python3.14/site-packages/controller/speaker.py
-- Installing: /home/onur/autonomous_robot/install/webots_ros2_driver/lib/python3.14/site-packages/controller/brake.py
-- Installing: /home/onur/autonomous_robot/install/webots_ros2_driver/lib/python3.14/site-packages/controller/__init__.py
-- Installing: /home/onur/autonomous_robot/install/webots_ros2_driver/lib/python3.14/site-packages/controller/proto.py
-- Installing: /home/onur/autonomous_robot/install/webots_ros2_driver/lib/python3.14/site-packages/controller/vacuum_gripper.py
-- Installing: /home/onur/autonomous_robot/install/webots_ros2_driver/lib/python3.14/site-packages/controller/compass.py
-- Installing: /home/onur/autonomous_robot/install/webots_ros2_driver/lib/python3.14/site-packages/controller/mouse.py
-- Installing: /home/onur/autonomous_robot/install/webots_ros2_driver/lib/python3.14/site-packages/controller/distance_sensor.py
Listing '/home/onur/autonomous_robot/install/webots_ros2_driver/lib/python3.14/site-packages/controller'...
Compiling '/home/onur/autonomous_robot/install/webots_ros2_driver/lib/python3.14/site-packages/controller/__init__.py'...
Compiling '/home/onur/autonomous_robot/install/webots_ros2_driver/lib/python3.14/site-packages/controller/accelerometer.py'...
Compiling '/home/onur/autonomous_robot/install/webots_ros2_driver/lib/python3.14/site-packages/controller/altimeter.py'...
Compiling '/home/onur/autonomous_robot/install/webots_ros2_driver/lib/python3.14/site-packages/controller/ansi_codes.py'...
Compiling '/home/onur/autonomous_robot/install/webots_ros2_driver/lib/python3.14/site-packages/controller/brake.py'...
Compiling '/home/onur/autonomous_robot/install/webots_ros2_driver/lib/python3.14/site-packages/controller/camera.py'...
Compiling '/home/onur/autonomous_robot/install/webots_ros2_driver/lib/python3.14/site-packages/controller/compass.py'...
Compiling '/home/onur/autonomous_robot/install/webots_ros2_driver/lib/python3.14/site-packages/controller/connector.py'...
Compiling '/home/onur/autonomous_robot/install/webots_ros2_driver/lib/python3.14/site-packages/controller/constants.py'...
Compiling '/home/onur/autonomous_robot/install/webots_ros2_driver/lib/python3.14/site-packages/controller/device.py'...
Compiling '/home/onur/autonomous_robot/install/webots_ros2_driver/lib/python3.14/site-packages/controller/display.py'...
Compiling '/home/onur/autonomous_robot/install/webots_ros2_driver/lib/python3.14/site-packages/controller/distance_sensor.py'...
Compiling '/home/onur/autonomous_robot/install/webots_ros2_driver/lib/python3.14/site-packages/controller/emitter.py'...
Compiling '/home/onur/autonomous_robot/install/webots_ros2_driver/lib/python3.14/site-packages/controller/field.py'...
Compiling '/home/onur/autonomous_robot/install/webots_ros2_driver/lib/python3.14/site-packages/controller/gps.py'...
Compiling '/home/onur/autonomous_robot/install/webots_ros2_driver/lib/python3.14/site-packages/controller/gyro.py'...
Compiling '/home/onur/autonomous_robot/install/webots_ros2_driver/lib/python3.14/site-packages/controller/inertial_unit.py'...
Compiling '/home/onur/autonomous_robot/install/webots_ros2_driver/lib/python3.14/site-packages/controller/joystick.py'...
Compiling '/home/onur/autonomous_robot/install/webots_ros2_driver/lib/python3.14/site-packages/controller/keyboard.py'...
Compiling '/home/onur/autonomous_robot/install/webots_ros2_driver/lib/python3.14/site-packages/controller/led.py'...
Compiling '/home/onur/autonomous_robot/install/webots_ros2_driver/lib/python3.14/site-packages/controller/lidar.py'...
Compiling '/home/onur/autonomous_robot/install/webots_ros2_driver/lib/python3.14/site-packages/controller/lidar_point.py'...
Compiling '/home/onur/autonomous_robot/install/webots_ros2_driver/lib/python3.14/site-packages/controller/light_sensor.py'...
Compiling '/home/onur/autonomous_robot/install/webots_ros2_driver/lib/python3.14/site-packages/controller/motion.py'...
Compiling '/home/onur/autonomous_robot/install/webots_ros2_driver/lib/python3.14/site-packages/controller/motor.py'...
Compiling '/home/onur/autonomous_robot/install/webots_ros2_driver/lib/python3.14/site-packages/controller/mouse.py'...
Compiling '/home/onur/autonomous_robot/install/webots_ros2_driver/lib/python3.14/site-packages/controller/node.py'...
Compiling '/home/onur/autonomous_robot/install/webots_ros2_driver/lib/python3.14/site-packages/controller/pen.py'...
Compiling '/home/onur/autonomous_robot/install/webots_ros2_driver/lib/python3.14/site-packages/controller/position_sensor.py'...
Compiling '/home/onur/autonomous_robot/install/webots_ros2_driver/lib/python3.14/site-packages/controller/proto.py'...
Compiling '/home/onur/autonomous_robot/install/webots_ros2_driver/lib/python3.14/site-packages/controller/radar.py'...
Compiling '/home/onur/autonomous_robot/install/webots_ros2_driver/lib/python3.14/site-packages/controller/radar_target.py'...
Compiling '/home/onur/autonomous_robot/install/webots_ros2_driver/lib/python3.14/site-packages/controller/range_finder.py'...
Compiling '/home/onur/autonomous_robot/install/webots_ros2_driver/lib/python3.14/site-packages/controller/receiver.py'...
Compiling '/home/onur/autonomous_robot/install/webots_ros2_driver/lib/python3.14/site-packages/controller/robot.py'...
Compiling '/home/onur/autonomous_robot/install/webots_ros2_driver/lib/python3.14/site-packages/controller/sensor.py'...
Compiling '/home/onur/autonomous_robot/install/webots_ros2_driver/lib/python3.14/site-packages/controller/skin.py'...
Compiling '/home/onur/autonomous_robot/install/webots_ros2_driver/lib/python3.14/site-packages/controller/speaker.py'...
Compiling '/home/onur/autonomous_robot/install/webots_ros2_driver/lib/python3.14/site-packages/controller/supervisor.py'...
Compiling '/home/onur/autonomous_robot/install/webots_ros2_driver/lib/python3.14/site-packages/controller/touch_sensor.py'...
Compiling '/home/onur/autonomous_robot/install/webots_ros2_driver/lib/python3.14/site-packages/controller/vacuum_gripper.py'...
Compiling '/home/onur/autonomous_robot/install/webots_ros2_driver/lib/python3.14/site-packages/controller/wb.py'...
-- Installing: /home/onur/autonomous_robot/install/webots_ros2_driver/lib/python3.14/site-packages/vehicle-2025.0.1-py3.14.egg-info
-- Installing: /home/onur/autonomous_robot/install/webots_ros2_driver/lib/python3.14/site-packages/vehicle-2025.0.1-py3.14.egg-info/dependency_links.txt
-- Installing: /home/onur/autonomous_robot/install/webots_ros2_driver/lib/python3.14/site-packages/vehicle-2025.0.1-py3.14.egg-info/PKG-INFO
-- Installing: /home/onur/autonomous_robot/install/webots_ros2_driver/lib/python3.14/site-packages/vehicle-2025.0.1-py3.14.egg-info/SOURCES.txt
-- Installing: /home/onur/autonomous_robot/install/webots_ros2_driver/lib/python3.14/site-packages/vehicle-2025.0.1-py3.14.egg-info/top_level.txt
-- Installing: /home/onur/autonomous_robot/install/webots_ros2_driver/lib/python3.14/site-packages/vehicle
-- Installing: /home/onur/autonomous_robot/install/webots_ros2_driver/lib/python3.14/site-packages/vehicle/car.py
-- Installing: /home/onur/autonomous_robot/install/webots_ros2_driver/lib/python3.14/site-packages/vehicle/driver.py
-- Installing: /home/onur/autonomous_robot/install/webots_ros2_driver/lib/python3.14/site-packages/vehicle/__init__.py
Listing '/home/onur/autonomous_robot/install/webots_ros2_driver/lib/python3.14/site-packages/vehicle'...
Compiling '/home/onur/autonomous_robot/install/webots_ros2_driver/lib/python3.14/site-packages/vehicle/__init__.py'...
Compiling '/home/onur/autonomous_robot/install/webots_ros2_driver/lib/python3.14/site-packages/vehicle/car.py'...
Compiling '/home/onur/autonomous_robot/install/webots_ros2_driver/lib/python3.14/site-packages/vehicle/driver.py'...
-- Installing: /home/onur/autonomous_robot/install/webots_ros2_driver/lib/python3.14/site-packages/webots_ros2_driver-2025.0.1-py3.14.egg-info
-- Installing: /home/onur/autonomous_robot/install/webots_ros2_driver/lib/python3.14/site-packages/webots_ros2_driver-2025.0.1-py3.14.egg-info/dependency_links.txt
-- Installing: /home/onur/autonomous_robot/install/webots_ros2_driver/lib/python3.14/site-packages/webots_ros2_driver-2025.0.1-py3.14.egg-info/PKG-INFO
-- Installing: /home/onur/autonomous_robot/install/webots_ros2_driver/lib/python3.14/site-packages/webots_ros2_driver-2025.0.1-py3.14.egg-info/SOURCES.txt
-- Installing: /home/onur/autonomous_robot/install/webots_ros2_driver/lib/python3.14/site-packages/webots_ros2_driver-2025.0.1-py3.14.egg-info/top_level.txt
-- Installing: /home/onur/autonomous_robot/install/webots_ros2_driver/lib/python3.14/site-packages/webots_ros2_driver
-- Installing: /home/onur/autonomous_robot/install/webots_ros2_driver/lib/python3.14/site-packages/webots_ros2_driver/wait_for_controller_connection.py
-- Installing: /home/onur/autonomous_robot/install/webots_ros2_driver/lib/python3.14/site-packages/webots_ros2_driver/webots_launcher.py
-- Installing: /home/onur/autonomous_robot/install/webots_ros2_driver/lib/python3.14/site-packages/webots_ros2_driver/urdf_spawner.py
-- Installing: /home/onur/autonomous_robot/install/webots_ros2_driver/lib/python3.14/site-packages/webots_ros2_driver/utils.py
-- Installing: /home/onur/autonomous_robot/install/webots_ros2_driver/lib/python3.14/site-packages/webots_ros2_driver/ros2_supervisor.py
-- Installing: /home/onur/autonomous_robot/install/webots_ros2_driver/lib/python3.14/site-packages/webots_ros2_driver/webots_controller.py
-- Installing: /home/onur/autonomous_robot/install/webots_ros2_driver/lib/python3.14/site-packages/webots_ros2_driver/__init__.py
Listing '/home/onur/autonomous_robot/install/webots_ros2_driver/lib/python3.14/site-packages/webots_ros2_driver'...
Compiling '/home/onur/autonomous_robot/install/webots_ros2_driver/lib/python3.14/site-packages/webots_ros2_driver/__init__.py'...
Compiling '/home/onur/autonomous_robot/install/webots_ros2_driver/lib/python3.14/site-packages/webots_ros2_driver/ros2_supervisor.py'...
Compiling '/home/onur/autonomous_robot/install/webots_ros2_driver/lib/python3.14/site-packages/webots_ros2_driver/urdf_spawner.py'...
Compiling '/home/onur/autonomous_robot/install/webots_ros2_driver/lib/python3.14/site-packages/webots_ros2_driver/utils.py'...
Compiling '/home/onur/autonomous_robot/install/webots_ros2_driver/lib/python3.14/site-packages/webots_ros2_driver/wait_for_controller_connection.py'...
Compiling '/home/onur/autonomous_robot/install/webots_ros2_driver/lib/python3.14/site-packages/webots_ros2_driver/webots_controller.py'...
Compiling '/home/onur/autonomous_robot/install/webots_ros2_driver/lib/python3.14/site-packages/webots_ros2_driver/webots_launcher.py'...
-- Installing: /home/onur/autonomous_robot/install/webots_ros2_driver/share/webots_ros2_driver/cmake/ament_cmake_export_include_directories-extras.cmake
-- Installing: /home/onur/autonomous_robot/install/webots_ros2_driver/share/webots_ros2_driver/cmake/ament_cmake_export_dependencies-extras.cmake
-- Installing: /home/onur/autonomous_robot/install/webots_ros2_driver/share/webots_ros2_driver/cmake/ament_cmake_export_libraries-extras.cmake
-- Installing: /home/onur/autonomous_robot/install/webots_ros2_driver/share/webots_ros2_driver/cmake/webots_ros2_driverConfig.cmake
-- Installing: /home/onur/autonomous_robot/install/webots_ros2_driver/share/webots_ros2_driver/cmake/webots_ros2_driverConfig-version.cmake
-- Installing: /home/onur/autonomous_robot/install/webots_ros2_driver/share/webots_ros2_driver/package.xml
