running egg_info
creating ../../../build/webots_ros2_tiago/webots_ros2_tiago.egg-info
writing ../../../build/webots_ros2_tiago/webots_ros2_tiago.egg-info/PKG-INFO
writing dependency_links to ../../../build/webots_ros2_tiago/webots_ros2_tiago.egg-info/dependency_links.txt
writing entry points to ../../../build/webots_ros2_tiago/webots_ros2_tiago.egg-info/entry_points.txt
writing requirements to ../../../build/webots_ros2_tiago/webots_ros2_tiago.egg-info/requires.txt
writing top-level names to ../../../build/webots_ros2_tiago/webots_ros2_tiago.egg-info/top_level.txt
writing manifest file '../../../build/webots_ros2_tiago/webots_ros2_tiago.egg-info/SOURCES.txt'
reading manifest file '../../../build/webots_ros2_tiago/webots_ros2_tiago.egg-info/SOURCES.txt'
writing manifest file '../../../build/webots_ros2_tiago/webots_ros2_tiago.egg-info/SOURCES.txt'
running build
running install
running install_data
creating /home/onur/autonomous_robot/install/webots_ros2_tiago/share/ament_index/resource_index/packages
copying resource/webots_ros2_tiago -> /home/onur/autonomous_robot/install/webots_ros2_tiago/share/ament_index/resource_index/packages
creating /home/onur/autonomous_robot/install/webots_ros2_tiago/share/webots_ros2_tiago/launch
copying launch/robot_launch.py -> /home/onur/autonomous_robot/install/webots_ros2_tiago/share/webots_ros2_tiago/launch
copying launch/robot_bringup_launch.py -> /home/onur/autonomous_robot/install/webots_ros2_tiago/share/webots_ros2_tiago/launch
creating /home/onur/autonomous_robot/install/webots_ros2_tiago/share/webots_ros2_tiago/resource
copying resource/tiago_webots.urdf -> /home/onur/autonomous_robot/install/webots_ros2_tiago/share/webots_ros2_tiago/resource
copying resource/tiago_bringup_webots.urdf -> /home/onur/autonomous_robot/install/webots_ros2_tiago/share/webots_ros2_tiago/resource
copying resource/ros2_control.yml -> /home/onur/autonomous_robot/install/webots_ros2_tiago/share/webots_ros2_tiago/resource
copying resource/ros2_control_bringup.yml -> /home/onur/autonomous_robot/install/webots_ros2_tiago/share/webots_ros2_tiago/resource
copying resource/nav2_params.yaml -> /home/onur/autonomous_robot/install/webots_ros2_tiago/share/webots_ros2_tiago/resource
copying resource/nav2_params_iron.yaml -> /home/onur/autonomous_robot/install/webots_ros2_tiago/share/webots_ros2_tiago/resource
copying resource/default.rviz -> /home/onur/autonomous_robot/install/webots_ros2_tiago/share/webots_ros2_tiago/resource
copying resource/default_bringup.rviz -> /home/onur/autonomous_robot/install/webots_ros2_tiago/share/webots_ros2_tiago/resource
copying resource/map.pgm -> /home/onur/autonomous_robot/install/webots_ros2_tiago/share/webots_ros2_tiago/resource
copying resource/map.yaml -> /home/onur/autonomous_robot/install/webots_ros2_tiago/share/webots_ros2_tiago/resource
copying resource/cartographer.lua -> /home/onur/autonomous_robot/install/webots_ros2_tiago/share/webots_ros2_tiago/resource
copying resource/slam_toolbox_params.yaml -> /home/onur/autonomous_robot/install/webots_ros2_tiago/share/webots_ros2_tiago/resource
copying package.xml -> /home/onur/autonomous_robot/install/webots_ros2_tiago/share/webots_ros2_tiago
creating /home/onur/autonomous_robot/install/webots_ros2_tiago/share/webots_ros2_tiago/worlds
copying worlds/default.wbt -> /home/onur/autonomous_robot/install/webots_ros2_tiago/share/webots_ros2_tiago/worlds
copying worlds/.default.wbproj -> /home/onur/autonomous_robot/install/webots_ros2_tiago/share/webots_ros2_tiago/worlds
copying worlds/default_bringup.wbt -> /home/onur/autonomous_robot/install/webots_ros2_tiago/share/webots_ros2_tiago/worlds
copying worlds/.default_bringup.wbproj -> /home/onur/autonomous_robot/install/webots_ros2_tiago/share/webots_ros2_tiago/worlds
running install_egg_info
Copying ../../../build/webots_ros2_tiago/webots_ros2_tiago.egg-info to /home/onur/autonomous_robot/install/webots_ros2_tiago/lib/python3.14/site-packages/webots_ros2_tiago-2025.0.1-py3.14.egg-info
running install_scripts
writing list of installed files to '/home/onur/autonomous_robot/build/webots_ros2_tiago/install.log'
